Archive member included to satisfy reference by file (symbol)

c:/users/yaxing.chen/downloads/env_released_1.2.0/env/tools/gnu_gcc/arm_gcc/mingw/bin/../lib/gcc/arm-none-eabi/7.3.1/../../../../arm-none-eabi/lib\libc.a(lib_a-atoi.o)
                              build\kernel\components\finsh\finsh_token.o (atoi)
c:/users/yaxing.chen/downloads/env_released_1.2.0/env/tools/gnu_gcc/arm_gcc/mingw/bin/../lib/gcc/arm-none-eabi/7.3.1/../../../../arm-none-eabi/lib\libc.a(lib_a-fclose.o)
                              build\kernel\components\libc\compilers\newlib\stdio.o (fclose)
c:/users/yaxing.chen/downloads/env_released_1.2.0/env/tools/gnu_gcc/arm_gcc/mingw/bin/../lib/gcc/arm-none-eabi/7.3.1/../../../../arm-none-eabi/lib\libc.a(lib_a-fflush.o)
                              c:/users/yaxing.chen/downloads/env_released_1.2.0/env/tools/gnu_gcc/arm_gcc/mingw/bin/../lib/gcc/arm-none-eabi/7.3.1/../../../../arm-none-eabi/lib\libc.a(lib_a-fclose.o) (__sflush_r)
c:/users/yaxing.chen/downloads/env_released_1.2.0/env/tools/gnu_gcc/arm_gcc/mingw/bin/../lib/gcc/arm-none-eabi/7.3.1/../../../../arm-none-eabi/lib\libc.a(lib_a-fileno.o)
                              build\kernel\components\libc\compilers\newlib\stdio.o (fileno)
c:/users/yaxing.chen/downloads/env_released_1.2.0/env/tools/gnu_gcc/arm_gcc/mingw/bin/../lib/gcc/arm-none-eabi/7.3.1/../../../../arm-none-eabi/lib\libc.a(lib_a-findfp.o)
                              c:/users/yaxing.chen/downloads/env_released_1.2.0/env/tools/gnu_gcc/arm_gcc/mingw/bin/../lib/gcc/arm-none-eabi/7.3.1/../../../../arm-none-eabi/lib\libc.a(lib_a-fclose.o) (__sfp_lock_acquire)
c:/users/yaxing.chen/downloads/env_released_1.2.0/env/tools/gnu_gcc/arm_gcc/mingw/bin/../lib/gcc/arm-none-eabi/7.3.1/../../../../arm-none-eabi/lib\libc.a(lib_a-fopen.o)
                              build\kernel\components\libc\compilers\newlib\stdio.o (fopen)
c:/users/yaxing.chen/downloads/env_released_1.2.0/env/tools/gnu_gcc/arm_gcc/mingw/bin/../lib/gcc/arm-none-eabi/7.3.1/../../../../arm-none-eabi/lib\libc.a(lib_a-fseek.o)
                              c:/users/yaxing.chen/downloads/env_released_1.2.0/env/tools/gnu_gcc/arm_gcc/mingw/bin/../lib/gcc/arm-none-eabi/7.3.1/../../../../arm-none-eabi/lib\libc.a(lib_a-fopen.o) (_fseek_r)
c:/users/yaxing.chen/downloads/env_released_1.2.0/env/tools/gnu_gcc/arm_gcc/mingw/bin/../lib/gcc/arm-none-eabi/7.3.1/../../../../arm-none-eabi/lib\libc.a(lib_a-fseeko.o)
                              c:/users/yaxing.chen/downloads/env_released_1.2.0/env/tools/gnu_gcc/arm_gcc/mingw/bin/../lib/gcc/arm-none-eabi/7.3.1/../../../../arm-none-eabi/lib\libc.a(lib_a-fseek.o) (_fseeko_r)
c:/users/yaxing.chen/downloads/env_released_1.2.0/env/tools/gnu_gcc/arm_gcc/mingw/bin/../lib/gcc/arm-none-eabi/7.3.1/../../../../arm-none-eabi/lib\libc.a(lib_a-fwalk.o)
                              c:/users/yaxing.chen/downloads/env_released_1.2.0/env/tools/gnu_gcc/arm_gcc/mingw/bin/../lib/gcc/arm-none-eabi/7.3.1/../../../../arm-none-eabi/lib\libc.a(lib_a-findfp.o) (_fwalk)
c:/users/yaxing.chen/downloads/env_released_1.2.0/env/tools/gnu_gcc/arm_gcc/mingw/bin/../lib/gcc/arm-none-eabi/7.3.1/../../../../arm-none-eabi/lib\libc.a(lib_a-impure.o)
                              build\kernel\components\libc\compilers\newlib\stdio.o (_global_impure_ptr)
c:/users/yaxing.chen/downloads/env_released_1.2.0/env/tools/gnu_gcc/arm_gcc/mingw/bin/../lib/gcc/arm-none-eabi/7.3.1/../../../../arm-none-eabi/lib\libc.a(lib_a-lock.o)
                              c:/users/yaxing.chen/downloads/env_released_1.2.0/env/tools/gnu_gcc/arm_gcc/mingw/bin/../lib/gcc/arm-none-eabi/7.3.1/../../../../arm-none-eabi/lib\libc.a(lib_a-findfp.o) (__retarget_lock_init_recursive)
c:/users/yaxing.chen/downloads/env_released_1.2.0/env/tools/gnu_gcc/arm_gcc/mingw/bin/../lib/gcc/arm-none-eabi/7.3.1/../../../../arm-none-eabi/lib\libc.a(lib_a-makebuf.o)
                              c:/users/yaxing.chen/downloads/env_released_1.2.0/env/tools/gnu_gcc/arm_gcc/mingw/bin/../lib/gcc/arm-none-eabi/7.3.1/../../../../arm-none-eabi/lib\libc.a(lib_a-fseeko.o) (__smakebuf_r)
c:/users/yaxing.chen/downloads/env_released_1.2.0/env/tools/gnu_gcc/arm_gcc/mingw/bin/../lib/gcc/arm-none-eabi/7.3.1/../../../../arm-none-eabi/lib\libc.a(lib_a-memcmp.o)
                              build\kernel\components\finsh\shell.o (memcmp)
c:/users/yaxing.chen/downloads/env_released_1.2.0/env/tools/gnu_gcc/arm_gcc/mingw/bin/../lib/gcc/arm-none-eabi/7.3.1/../../../../arm-none-eabi/lib\libc.a(lib_a-memcpy-stub.o)
                              build\kernel\components\drivers\src\ringbuffer.o (memcpy)
c:/users/yaxing.chen/downloads/env_released_1.2.0/env/tools/gnu_gcc/arm_gcc/mingw/bin/../lib/gcc/arm-none-eabi/7.3.1/../../../../arm-none-eabi/lib\libc.a(lib_a-memset.o)
                              c:/users/yaxing.chen/downloads/env_released_1.2.0/env/tools/gnu_gcc/arm_gcc/mingw/bin/../lib/gcc/arm-none-eabi/7.3.1/../../../../arm-none-eabi/lib/crt0.o (memset)
[...]
Memory Configuration

Name             Origin             Length             Attributes
*default*        0x0000000000000000 0xffffffffffffffff

Linker script and memory map

LOAD c:/users/yaxing.chen/downloads/env_released_1.2.0/env/tools/gnu_gcc/arm_gcc/mingw/bin/../lib/gcc/arm-none-eabi/7.3.1/crti.o
LOAD c:/users/yaxing.chen/downloads/env_released_1.2.0/env/tools/gnu_gcc/arm_gcc/mingw/bin/../lib/gcc/arm-none-eabi/7.3.1/crtbegin.o
LOAD c:/users/yaxing.chen/downloads/env_released_1.2.0/env/tools/gnu_gcc/arm_gcc/mingw/bin/../lib/gcc/arm-none-eabi/7.3.1/../../../../arm-none-eabi/lib/crt0.o
LOAD build\applications\application.o
LOAD build\drivers\board.o
LOAD build\drivers\usart.o
LOAD build\drivers\led.o
LOAD build\platform\gpio.o
LOAD build\platform\interrupt.o
LOAD build\platform\reset.o
LOAD build\platform\rt_low_level_init.o
LOAD build\platform\system_clock.o
LOAD build\platform\timer0.o
LOAD build\platform\uart.o
LOAD build\kernel\src\clock.o
LOAD build\kernel\src\components.o
LOAD build\kernel\src\device.o
LOAD build\kernel\src\idle.o
LOAD build\kernel\src\ipc.o
LOAD build\kernel\src\irq.o
LOAD build\kernel\src\kservice.o
LOAD build\kernel\src\memheap.o
LOAD build\kernel\src\mempool.o
LOAD build\kernel\src\object.o
LOAD build\kernel\src\scheduler.o
LOAD build\kernel\src\slab.o
LOAD build\kernel\src\thread.o
LOAD build\kernel\src\timer.o
LOAD build\kernel\libcpu\arm\common\backtrace.o
LOAD build\kernel\libcpu\arm\common\div0.o
LOAD build\kernel\libcpu\arm\common\showmem.o
LOAD build\kernel\libcpu\arm\arm926\cpuport.o
LOAD build\kernel\libcpu\arm\arm926\machine.o
LOAD build\kernel\libcpu\arm\arm926\mmu.o
LOAD build\kernel\libcpu\arm\arm926\stack.o
LOAD build\kernel\libcpu\arm\arm926\trap.o
LOAD build\kernel\libcpu\arm\arm926\context_gcc.o
LOAD build\kernel\libcpu\arm\arm926\start_gcc.o
LOAD build\kernel\components\drivers\serial\serial.o
LOAD build\kernel\components\drivers\src\completion.o
LOAD build\kernel\components\drivers\src\dataqueue.o
LOAD build\kernel\components\drivers\src\pipe.o
LOAD build\kernel\components\drivers\src\ringblk_buf.o
LOAD build\kernel\components\drivers\src\ringbuffer.o
LOAD build\kernel\components\drivers\src\waitqueue.o
LOAD build\kernel\components\drivers\src\workqueue.o
LOAD build\kernel\components\finsh\shell.o
LOAD build\kernel\components\finsh\cmd.o
LOAD build\kernel\components\finsh\finsh_compiler.o
LOAD build\kernel\components\finsh\finsh_error.o
LOAD build\kernel\components\finsh\finsh_heap.o
LOAD build\kernel\components\finsh\finsh_init.o
LOAD build\kernel\components\finsh\finsh_node.o
LOAD build\kernel\components\finsh\finsh_ops.o
LOAD build\kernel\components\finsh\finsh_parser.o
LOAD build\kernel\components\finsh\finsh_var.o
LOAD build\kernel\components\finsh\finsh_vm.o
LOAD build\kernel\components\finsh\finsh_token.o
LOAD build\kernel\components\libc\compilers\common\time.o
LOAD build\kernel\components\libc\compilers\newlib\libc.o
LOAD build\kernel\components\libc\compilers\newlib\libc_syms.o
LOAD build\kernel\components\libc\compilers\newlib\stdio.o
LOAD build\kernel\components\libc\compilers\newlib\syscalls.o
LOAD c:/users/yaxing.chen/downloads/env_released_1.2.0/env/tools/gnu_gcc/arm_gcc/mingw/bin/../lib/gcc/arm-none-eabi/7.3.1/../../../../arm-none-eabi/lib\libc.a
LOAD c:/users/yaxing.chen/downloads/env_released_1.2.0/env/tools/gnu_gcc/arm_gcc/mingw/bin/../lib/gcc/arm-none-eabi/7.3.1/../../../../arm-none-eabi/lib\libm.a
START GROUP
LOAD c:/users/yaxing.chen/downloads/env_released_1.2.0/env/tools/gnu_gcc/arm_gcc/mingw/bin/../lib/gcc/arm-none-eabi/7.3.1\libgcc.a
LOAD c:/users/yaxing.chen/downloads/env_released_1.2.0/env/tools/gnu_gcc/arm_gcc/mingw/bin/../lib/gcc/arm-none-eabi/7.3.1/../../../../arm-none-eabi/lib\libc.a
END GROUP
LOAD c:/users/yaxing.chen/downloads/env_released_1.2.0/env/tools/gnu_gcc/arm_gcc/mingw/bin/../lib/gcc/arm-none-eabi/7.3.1/crtend.o
LOAD c:/users/yaxing.chen/downloads/env_released_1.2.0/env/tools/gnu_gcc/arm_gcc/mingw/bin/../lib/gcc/arm-none-eabi/7.3.1/crtn.o
                0x0000000020000000                . = 0x20000000
                0x0000000020000000                entry = .
                0x0000000020000000                . = ALIGN (0x4)

.text           0x0000000020000000    0x113dc
 *(.init)
 .init          0x0000000020000000        0xc c:/users/yaxing.chen/downloads/env_released_1.2.0/env/tools/gnu_gcc/arm_gcc/mingw/bin/../lib/gcc/arm-none-eabi/7.3.1/crti.o
                0x0000000020000000                _init
 *(.text)
 .text          0x000000002000000c       0x3c build\applications\application.o
                0x000000002000000c                rt_led_thread_entry
 .text          0x0000000020000048       0x7c build\drivers\board.o
                0x0000000020000070                rt_hw_board_init
 .text          0x00000000200000c4      0x28c build\drivers\usart.o
                0x0000000020000104                rt_asm_usart_handler
                0x0000000020000228                asm_usart_gpio_init
                0x0000000020000264                rt_hw_uart_init
                0x000000002000030c                asm_serial_config_set_default
 .text          0x0000000020000350       0x54 build\drivers\led.o
                0x0000000020000350                led_init
                0x000000002000038c                led_on
                0x0000000020000398                led_off
 .text          0x00000000200003a4       0xa0 build\platform\gpio.o
                0x00000000200003a4                HW_SetPinMux
                0x00000000200003c8                HW_GpioSetDir
                0x00000000200003fc                HW_GpioSetVal
                0x0000000020000420                HW_GpioClrVal
 .text          0x0000000020000444      0x2ac build\platform\interrupt.o
                0x0000000020000444                rt_hw_interrupt_handle
                0x0000000020000460                list_irq
                0x00000000200004d0                rt_hw_interrupt_init
                0x00000000200005c8                rt_hw_interrupt_mask
                0x00000000200005f0                rt_hw_interrupt_umask
                0x0000000020000618                rt_hw_interrupt_install
                0x0000000020000680                rt_hw_interrupt_get_active
                0x0000000020000694                rt_hw_interrupt_ack
 .text          0x00000000200006f0       0x90 build\platform\timer0.o
                0x00000000200006f0                hw_timer0_init
 .text          0x0000000020000780       0xf0 build\platform\uart.o
                0x0000000020000780                Hw_UartDisable
                0x0000000020000798                Hw_UartEnable
                0x00000000200007b8                Hw_UartReset
                0x00000000200007c8                Hw_UartConfig
                0x0000000020000838                Hw_UartInit
 .text          0x0000000020000870       0xfc build\kernel\src\clock.o
                0x0000000020000870                rt_tick_get
                0x0000000020000880                rt_tick_set
                0x00000000200008a0                rt_tick_increase
                0x00000000200008f0                rt_tick_from_millisecond
                0x0000000020000954                rt_tick_get_millisecond
 .text          0x000000002000096c      0x1a4 build\kernel\src\components.o
                0x0000000020000974                main_thread_entry
                0x00000000200009d4                rt_components_board_init
                0x0000000020000a18                rt_components_init
                0x0000000020000a5c                rt_application_init
                0x0000000020000ad0                rtthread_startup
 .text          0x0000000020000b10      0x6b8 build\kernel\src\device.o
                0x0000000020000b10                rt_device_register
                0x0000000020000b64                rt_device_unregister
                0x0000000020000be4                rt_device_init_all
                0x0000000020000bec                rt_device_find
                0x0000000020000bf4                rt_device_create
                0x0000000020000c2c                rt_device_destroy
                0x0000000020000cb0                rt_device_init
                0x0000000020000d3c                rt_device_open
                0x0000000020000e78                rt_device_close
                0x0000000020000f2c                rt_device_read
                0x0000000020000fd8                rt_device_write
                0x0000000020001084                rt_device_control
                0x0000000020001104                rt_device_set_rx_indicate
                0x0000000020001168                rt_device_set_tx_complete
 .text          0x00000000200011c8      0x1f0 build\kernel\src\idle.o
                0x00000000200011c8                rt_thread_idle_sethook
                0x0000000020001214                rt_thread_idle_delhook
                0x0000000020001260                rt_thread_idle_excute
                0x0000000020001344                rt_thread_idle_init
                0x00000000200013ac                rt_thread_idle_gethandler
 .text          0x00000000200013b8     0x329c build\kernel\src\ipc.o
                0x00000000200013b8                rt_ipc_get_highest_priority
                0x00000000200013e8                rt_sem_init
                0x0000000020001464                rt_sem_detach
                0x000000002000152c                rt_sem_create
                0x00000000200015e0                rt_sem_delete
                0x0000000020001704                rt_sem_take
                0x0000000020001934                rt_sem_trytake
                0x000000002000193c                rt_sem_release
                0x0000000020001a10                rt_sem_control
                0x0000000020001ad8                rt_mutex_init
                0x0000000020001b40                rt_mutex_detach
                0x0000000020001c08                rt_mutex_create
                0x0000000020001c9c                rt_mutex_delete
                0x0000000020001dc0                rt_mutex_take
                0x0000000020002094                rt_mutex_release
                0x0000000020002328                rt_mutex_control
                0x0000000020002380                rt_event_init
                0x00000000200023e0                rt_event_detach
                0x00000000200024ac                rt_event_create
                0x0000000020002534                rt_event_delete
                0x0000000020002648                rt_event_send
                0x00000000200027b0                rt_event_recv
                0x0000000020002aa0                rt_event_control
                0x0000000020002b6c                rt_mb_init
                0x0000000020002bf0                rt_mb_detach
                0x0000000020002cfc                rt_mb_create
                0x0000000020002dd4                rt_mb_delete
                0x0000000020002f3c                rt_mb_send_wait
                0x0000000020003240                rt_mb_send
                0x0000000020003248                rt_mb_urgent
                0x0000000020003348                rt_mb_recv
                0x0000000020003688                rt_mb_control
                0x0000000020003798                rt_mq_init
                0x0000000020003884                rt_mq_detach
                0x0000000020003990                rt_mq_create
                0x0000000020003acc                rt_mq_delete
                0x0000000020003c38                rt_mq_send_wait
                0x0000000020003fd4                rt_mq_send
                0x0000000020003fdc                rt_mq_urgent
                0x0000000020004164                rt_mq_recv
                0x0000000020004504                rt_mq_control
 .text          0x0000000020004654       0xc4 build\kernel\src\irq.o
                0x0000000020004654                rt_interrupt_enter_sethook
                0x0000000020004664                rt_interrupt_leave_sethook
                0x0000000020004674                rt_interrupt_enter
                0x00000000200046b4                rt_interrupt_leave
                0x00000000200046f4                rt_interrupt_get_nest
 .text          0x0000000020004718     0x1324 build\kernel\src\kservice.o
                0x00000000200049a0                rt_get_errno
                0x00000000200049d4                rt_set_errno
                0x0000000020004a0c                _rt_errno
                0x0000000020004a3c                rt_memset
                0x0000000020004b24                rt_memcpy
                0x0000000020004c30                rt_memmove
                0x0000000020004c88                rt_memcmp
                0x0000000020004cd8                rt_strstr
                0x0000000020004d7c                rt_strcasecmp
                0x0000000020004dc8                rt_strncpy
                0x0000000020004e20                rt_strncmp
                0x0000000020004eac                rt_strcmp
                0x0000000020004ee0                rt_strnlen
                0x0000000020004f24                rt_strlen
                0x0000000020004f50                rt_strdup
                0x0000000020004fa4                rt_vsnprintf
                0x00000000200056e0                rt_snprintf
                0x0000000020005710                rt_vsprintf
                0x0000000020005720                rt_sprintf
                0x0000000020005754                rt_console_get_device
                0x0000000020005764                rt_console_set_device
                0x00000000200057bc                rt_hw_console_output
                0x00000000200057c0                rt_kputs
                0x000000002000582c                rt_kprintf
                0x00000000200058c0                rt_show_version
                0x0000000020005918                rt_malloc_align
                0x0000000020005960                rt_free_align
                0x0000000020005968                __rt_ffs
                0x00000000200059d0                rt_assert_set_hook
                0x00000000200059e0                rt_assert_handler
 .text          0x0000000020005a3c      0x680 build\kernel\src\object.o
                0x0000000020005a3c                rt_object_attach_sethook
                0x0000000020005a4c                rt_object_detach_sethook
                0x0000000020005a5c                rt_object_trytake_sethook
                0x0000000020005a6c                rt_object_take_sethook
                0x0000000020005a7c                rt_object_put_sethook
                0x0000000020005a8c                rt_object_get_information
                0x0000000020005ac4                rt_object_get_length
                0x0000000020005b38                rt_object_get_pointers
                0x0000000020005bf0                rt_object_init
                0x0000000020005d14                rt_object_detach
                0x0000000020005d90                rt_object_allocate
                0x0000000020005eb4                rt_object_delete
                0x0000000020005f60                rt_object_is_systemobject
                0x0000000020005f94                rt_object_get_type
                0x0000000020005fcc                rt_object_find
 .text          0x00000000200060bc      0x424 build\kernel\src\scheduler.o
                0x00000000200060bc                rt_scheduler_sethook
                0x00000000200060cc                rt_system_scheduler_init
                0x0000000020006120                rt_schedule_insert_thread
                0x00000000200061c8                rt_schedule_remove_thread
                0x000000002000624c                rt_system_scheduler_start
                0x000000002000629c                rt_schedule
                0x0000000020006458                rt_enter_critical
                0x000000002000647c                rt_exit_critical
                0x00000000200064d0                rt_critical_level
 .text          0x00000000200064e0      0xc70 build\kernel\src\slab.o
                0x00000000200064e0                list_mem
                0x0000000020006524                rt_malloc_sethook
                0x0000000020006534                rt_free_sethook
                0x0000000020006544                rt_page_alloc
                0x00000000200065ec                rt_page_free
                0x0000000020006790                rt_system_heap_init
                0x0000000020006928                rt_malloc
                0x0000000020006cf0                rt_calloc
                0x0000000020006d1c                rt_free
                0x0000000020006f30                rt_realloc
                0x0000000020007114                rt_memory_info
 .text          0x0000000020007150      0xb74 build\kernel\src\thread.o
                0x0000000020007180                rt_thread_exit
                0x0000000020007210                rt_thread_timeout
                0x00000000200073c4                rt_thread_suspend_sethook
                0x00000000200073d4                rt_thread_resume_sethook
                0x00000000200073e4                rt_thread_inited_sethook
                0x00000000200073f4                rt_thread_init
                0x0000000020007498                rt_thread_self
                0x00000000200074a8                rt_thread_detach
                0x00000000200075b0                rt_thread_create
                0x000000002000762c                rt_thread_delete
                0x0000000020007714                rt_thread_yield
                0x0000000020007754                rt_thread_suspend
                0x000000002000784c                rt_thread_sleep
                0x0000000020007908                rt_thread_delay
                0x000000002000790c                rt_thread_mdelay
                0x000000002000791c                rt_thread_delay_until
                0x0000000020007a2c                rt_thread_resume
                0x0000000020007af8                rt_thread_startup
                0x0000000020007bb4                rt_thread_control
                0x0000000020007cbc                rt_thread_find
 .text          0x0000000020007cc4      0x914 build\kernel\src\timer.o
                0x0000000020007cc4                rt_timer_enter_sethook
                0x0000000020007cd4                rt_timer_exit_sethook
                0x0000000020007ce4                rt_timer_init
                0x0000000020007d5c                rt_timer_detach
                0x0000000020007e10                rt_timer_create
                0x0000000020007e64                rt_timer_delete
                0x0000000020007f20                rt_timer_start
                0x00000000200080c4                rt_timer_stop
                0x0000000020008180                rt_timer_control
                0x0000000020008250                rt_timer_check
                0x000000002000837c                rt_timer_next_timeout_tick
                0x00000000200083a8                rt_soft_timer_check
                0x0000000020008554                rt_system_timer_init
                0x000000002000856c                rt_system_timer_thread_init
 .text          0x00000000200085d8      0x288 build\kernel\libcpu\arm\arm926\mmu.o
                0x00000000200085d8                mmu_setttbase
                0x00000000200085f4                mmu_set_domain
                0x00000000200085fc                mmu_enable
                0x000000002000860c                mmu_disable
                0x000000002000861c                mmu_enable_icache
                0x000000002000862c                mmu_enable_dcache
                0x000000002000863c                mmu_disable_icache
                0x000000002000864c                mmu_disable_dcache
                0x000000002000865c                mmu_enable_alignfault
                0x000000002000866c                mmu_disable_alignfault
                0x000000002000867c                mmu_clean_invalidated_cache_index
                0x0000000020008684                mmu_clean_invalidated_dcache
                0x00000000200086a8                mmu_clean_dcache
                0x00000000200086cc                mmu_invalidate_dcache
                0x00000000200086f0                mmu_invalidate_tlb
                0x00000000200086fc                mmu_invalidate_icache
                0x0000000020008708                mmu_invalidate_dcache_all
                0x0000000020008714                mmu_setmtt
                0x000000002000876c                rt_hw_mmu_init
 .text          0x0000000020008860       0x64 build\kernel\libcpu\arm\arm926\stack.o
                0x0000000020008860                rt_hw_stack_init
 .text          0x00000000200088c4       0x84 build\kernel\libcpu\arm\arm926\context_gcc.o
                0x00000000200088c4                rt_hw_interrupt_disable
                0x00000000200088d4                rt_hw_interrupt_enable
                0x00000000200088dc                rt_hw_context_switch
                0x0000000020008900                rt_hw_context_switch_to
                0x0000000020008910                rt_hw_context_switch_interrupt
 .text          0x0000000020008948     0x118c build\kernel\components\drivers\serial\serial.o
                0x0000000020009684                rt_hw_serial_register
                0x000000002000973c                rt_hw_serial_isr
 .text          0x0000000020009ad4      0x214 build\kernel\components\drivers\src\completion.o
                0x0000000020009ad4                rt_completion_init
                0x0000000020009b1c                rt_completion_wait
                0x0000000020009c74                rt_completion_done
 .text          0x0000000020009ce8      0x8b4 build\kernel\components\drivers\src\dataqueue.o
                0x0000000020009ce8                rt_data_queue_init
                0x0000000020009d90                rt_data_queue_push
                0x0000000020009fd8                rt_data_queue_peek
                0x000000002000a090                rt_data_queue_reset
                0x000000002000a188                rt_data_queue_deinit
                0x000000002000a208                rt_data_queue_len
                0x000000002000a2b8                rt_data_queue_pop
 .text          0x000000002000a59c      0xd28 build\kernel\components\finsh\shell.o
                0x000000002000a5e0                finsh_system_init
                0x000000002000a6ec                finsh_set_prompt
                0x000000002000a748                finsh_get_prompt
                0x000000002000a7f8                finsh_get_prompt_mode
                0x000000002000a840                finsh_set_prompt_mode
                0x000000002000a894                finsh_set_device
                0x000000002000a984                finsh_get_device
                0x000000002000a9c8                finsh_set_echo
                0x000000002000aa1c                finsh_get_echo
                0x000000002000aa64                finsh_run_line
                0x000000002000ab80                finsh_thread_entry
                0x000000002000b2a0                finsh_system_function_init
                0x000000002000b2b0                finsh_system_var_init
 .text          0x000000002000b2c4     0x1764 build\kernel\components\finsh\cmd.o
                0x000000002000b2c4                hello
                0x000000002000b348                version
                0x000000002000b418                list_thread
                0x000000002000b63c                list_sem
                0x000000002000b7b8                list_event
                0x000000002000b92c                list_mutex
                0x000000002000ba74                list_mailbox
                0x000000002000bc00                list_msgqueue
                0x000000002000bd7c                list_memheap
                0x000000002000bea4                list_mempool
                0x000000002000c03c                list_device
                0x000000002000c178                list_timer
                0x000000002000c2d0                list
                0x000000002000c414                list_prefix
 .text          0x000000002000ca28     0x128c build\kernel\components\finsh\finsh_compiler.o
                0x000000002000dc10                finsh_compiler_run
 .text          0x000000002000dcb4       0x48 build\kernel\components\finsh\finsh_error.o
                0x000000002000dcb4                finsh_error_init
                0x000000002000dcc8                finsh_error_set
                0x000000002000dcdc                finsh_errno
                0x000000002000dcec                finsh_error_string
 .text          0x000000002000dcfc      0x3f8 build\kernel\components\finsh\finsh_heap.o
                0x000000002000dd78                finsh_heap_init
                0x000000002000ddbc                finsh_heap_free
                0x000000002000df04                finsh_heap_allocate
 .text          0x000000002000e0f4       0x64 build\kernel\components\finsh\finsh_init.o
                0x000000002000e0f4                finsh_init
                0x000000002000e114                finsh_stack_bottom
                0x000000002000e124                finsh_flush
                0x000000002000e13c                finsh_reset
 .text          0x000000002000e158      0x390 build\kernel\components\finsh\finsh_node.o
                0x000000002000e158                finsh_node_init
                0x000000002000e178                finsh_node_allocate
                0x000000002000e1cc                finsh_node_new_id
                0x000000002000e2a0                finsh_node_new_char
                0x000000002000e308                finsh_node_new_int
                0x000000002000e370                finsh_node_new_long
                0x000000002000e3d8                finsh_node_new_string
                0x000000002000e480                finsh_node_new_ptr
 .text          0x000000002000e4e8      0xbd0 build\kernel\components\finsh\finsh_ops.o
                0x000000002000e4e8                OP_no_op
                0x000000002000e4ec                OP_add_byte
                0x000000002000e514                OP_add_word
                0x000000002000e53c                OP_add_dword
                0x000000002000e560                OP_sub_byte
                0x000000002000e588                OP_sub_word
                0x000000002000e5b0                OP_sub_dword
                0x000000002000e5d4                OP_div_byte
                0x000000002000e600                OP_div_word
                0x000000002000e62c                OP_div_dword
                0x000000002000e654                OP_mod_byte
                0x000000002000e680                OP_mod_word
                0x000000002000e6ac                OP_mod_dword
                0x000000002000e6d4                OP_mul_byte
                0x000000002000e6fc                OP_mul_word
                0x000000002000e724                OP_mul_dword
                0x000000002000e74c                OP_and_byte
                0x000000002000e774                OP_and_word
                0x000000002000e79c                OP_and_dword
                0x000000002000e7c0                OP_or_byte
                0x000000002000e7e8                OP_or_word
                0x000000002000e810                OP_or_dword
                0x000000002000e834                OP_xor_byte
                0x000000002000e85c                OP_xor_word
                0x000000002000e884                OP_xor_dword
                0x000000002000e8a8                OP_bw_byte
                0x000000002000e8c4                OP_bw_word
                0x000000002000e8e0                OP_bw_dword
                0x000000002000e8fc                OP_shl_byte
                0x000000002000e924                OP_shl_word
                0x000000002000e94c                OP_shl_dword
                0x000000002000e970                OP_shr_byte
                0x000000002000e998                OP_shr_word
                0x000000002000e9c0                OP_shr_dword
                0x000000002000e9e4                OP_ld_byte
                0x000000002000ea10                OP_ld_word
                0x000000002000ea4c                OP_ld_dword
                0x000000002000ea98                OP_ld_value_byte
                0x000000002000eae8                OP_ld_value_byte_stack
                0x000000002000eb04                OP_ld_value_word
                0x000000002000eb54                OP_ld_value_word_stack
                0x000000002000eb70                OP_ld_value_dword
                0x000000002000ebc0                OP_ld_value_dword_stack
                0x000000002000ebdc                OP_st_byte
                0x000000002000ec04                OP_st_word
                0x000000002000ec28                OP_st_dword
                0x000000002000ec4c                OP_pop
                0x000000002000ec64                OP_call
 .text          0x000000002000f0b8      0xeb8 build\kernel\components\finsh\finsh_parser.o
                0x000000002000fe08                finsh_parser_run
                0x000000002000ff58                finsh_parser_init
 .text          0x000000002000ff70      0x254 build\kernel\components\finsh\finsh_var.o
                0x000000002000ff70                finsh_var_init
                0x000000002000ff90                finsh_var_insert
                0x0000000020010020                finsh_var_delete
                0x000000002001007c                finsh_var_lookup
                0x00000000200100c4                finsh_sysvar_append
                0x000000002001011c                finsh_sysvar_lookup
 .text          0x00000000200101c4      0x154 build\kernel\components\finsh\finsh_vm.o
                0x00000000200101c4                finsh_vm_run
                0x0000000020010220                finsh_syscall_append
                0x0000000020010270                finsh_syscall_lookup
 .text          0x0000000020010318      0xd34 build\kernel\components\finsh\finsh_token.o
                0x000000002001037c                finsh_token_init
                0x0000000020010398                finsh_token_get_token
                0x00000000200103ac                token_get_string
                0x000000002001048c                finsh_token_token
 .text          0x000000002001104c        0x8 build\kernel\components\libc\compilers\newlib\libc.o
                0x000000002001104c                libc_system_init
 .text          0x0000000020011054       0x1c c:/users/yaxing.chen/downloads/env_released_1.2.0/env/tools/gnu_gcc/arm_gcc/mingw/bin/../lib/gcc/arm-none-eabi/7.3.1/../../../../arm-none-eabi/lib\libc.a(lib_a-strcmp.o)
                0x0000000020011054                strcmp
 .text          0x0000000020011070        0xe c:/users/yaxing.chen/downloads/env_released_1.2.0/env/tools/gnu_gcc/arm_gcc/mingw/bin/../lib/gcc/arm-none-eabi/7.3.1/../../../../arm-none-eabi/lib\libc.a(lib_a-strlen.o)
                0x0000000020011070                strlen
 *fill*         0x000000002001107e        0x2 
 .text          0x0000000020011080      0x114 c:/users/yaxing.chen/downloads/env_released_1.2.0/env/tools/gnu_gcc/arm_gcc/mingw/bin/../lib/gcc/arm-none-eabi/7.3.1\libgcc.a(_udivsi3.o)
                0x0000000020011080                __aeabi_uidiv
                0x0000000020011080                __udivsi3
                0x0000000020011174                __aeabi_uidivmod
 .text          0x0000000020011194      0x148 c:/users/yaxing.chen/downloads/env_released_1.2.0/env/tools/gnu_gcc/arm_gcc/mingw/bin/../lib/gcc/arm-none-eabi/7.3.1\libgcc.a(_divsi3.o)
                0x0000000020011194                __divsi3
                0x0000000020011194                __aeabi_idiv
                0x00000000200112bc                __aeabi_idivmod
 .text          0x00000000200112dc        0x4 c:/users/yaxing.chen/downloads/env_released_1.2.0/env/tools/gnu_gcc/arm_gcc/mingw/bin/../lib/gcc/arm-none-eabi/7.3.1\libgcc.a(_dvmd_tls.o)
                0x00000000200112dc                __aeabi_idiv0
                0x00000000200112dc                __aeabi_ldiv0
 .text.__stub   0x00000000200112e0        0xc linker stubs
 *(.gnu.linkonce.t*)
                0x00000000200112ec                . = ALIGN (0x4)
                0x00000000200112ec                __fsymtab_start = .
 *(FSymTab)
 FSymTab        0x00000000200112f0        0xc build\platform\interrupt.o
                0x00000000200112f0                __fsym_list_irq
 FSymTab        0x00000000200112fc        0xc build\kernel\src\slab.o
                0x00000000200112fc                __fsym_list_mem
 FSymTab        0x0000000020011308       0xa8 build\kernel\components\finsh\cmd.o
                0x0000000020011308                __fsym_list
                0x0000000020011314                __fsym_list_device
                0x0000000020011320                __fsym_list_timer
                0x000000002001132c                __fsym_list_mempool
                0x0000000020011338                __fsym_list_memheap
                0x0000000020011344                __fsym_list_msgqueue
                0x0000000020011350                __fsym_list_mailbox
                0x000000002001135c                __fsym_list_mutex
                0x0000000020011368                __fsym_list_event
                0x0000000020011374                __fsym_list_sem
                0x0000000020011380                __fsym_list_thread
                0x000000002001138c                __fsym_version
                0x0000000020011398                __fsym_clear
                0x00000000200113a4                __fsym_hello
                0x00000000200113b0                __fsymtab_end = .
                0x00000000200113b0                . = ALIGN (0x4)
                0x00000000200113b0                __vsymtab_start = .
 *(VSymTab)
 VSymTab        0x00000000200113b0       0x10 build\kernel\components\finsh\cmd.o
                0x00000000200113b0                __vsym_dummy
                0x00000000200113c0                __vsymtab_end = .
                0x00000000200113c0                . = ALIGN (0x4)
                0x00000000200113c0                . = ALIGN (0x4)
                0x00000000200113c0                __rt_init_start = .
 *(SORT_BY_NAME(.rti_fn*))
 .rti_fn.0      0x00000000200113c0        0x4 build\kernel\src\components.o
                0x00000000200113c0                __rt_init_rti_start
 .rti_fn.0.end  0x00000000200113c4        0x4 build\kernel\src\components.o
                0x00000000200113c4                __rt_init_rti_board_start
 .rti_fn.1      0x00000000200113c8        0x4 build\drivers\usart.o
                0x00000000200113c8                __rt_init_rt_hw_uart_init
 .rti_fn.1.end  0x00000000200113cc        0x4 build\kernel\src\components.o
                0x00000000200113cc                __rt_init_rti_board_end
 .rti_fn.4      0x00000000200113d0        0x4 build\kernel\components\libc\compilers\newlib\libc.o
                0x00000000200113d0                __rt_init_libc_system_init
 .rti_fn.6      0x00000000200113d4        0x4 build\kernel\components\finsh\shell.o
                0x00000000200113d4                __rt_init_finsh_system_init
 .rti_fn.6.end  0x00000000200113d8        0x4 build\kernel\src\components.o
                0x00000000200113d8                __rt_init_rti_end
                0x00000000200113dc                __rt_init_end = .
                0x00000000200113dc                . = ALIGN (0x4)
                0x00000000200113dc                . = ALIGN (0x4)
                0x00000000200113dc                __rtmsymtab_start = .
 *(RTMSymTab)
                0x00000000200113dc                __rtmsymtab_end = .

.glue_7         0x00000000200113dc        0x0
 .glue_7        0x00000000200113dc        0x0 linker stubs

.glue_7t        0x00000000200113dc        0x0
 .glue_7t       0x00000000200113dc        0x0 linker stubs

.vfp11_veneer   0x00000000200113dc        0x0
 .vfp11_veneer  0x00000000200113dc        0x0 linker stubs

.v4_bx          0x00000000200113dc        0x0
 .v4_bx         0x00000000200113dc        0x0 linker stubs

.fini           0x00000000200113dc        0xc
 .fini          0x00000000200113dc        0xc c:/users/yaxing.chen/downloads/env_released_1.2.0/env/tools/gnu_gcc/arm_gcc/mingw/bin/../lib/gcc/arm-none-eabi/7.3.1/crti.o
                0x00000000200113dc                _fini

.text.startup   0x00000000200113e8       0x48
 .text.startup  0x00000000200113e8       0x48 build\applications\application.o
                0x00000000200113e8                main

.iplt           0x0000000020011430        0x0
 .iplt          0x0000000020011430        0x0 build\applications\application.o

.text.atoi      0x0000000020011430       0x18
 .text.atoi     0x0000000020011430       0x18 c:/users/yaxing.chen/downloads/env_released_1.2.0/env/tools/gnu_gcc/arm_gcc/mingw/bin/../lib/gcc/arm-none-eabi/7.3.1/../../../../arm-none-eabi/lib\libc.a(lib_a-atoi.o)
                0x0000000020011430                atoi

.text.memcmp    0x0000000020011448       0x4c
 .text.memcmp   0x0000000020011448       0x4c c:/users/yaxing.chen/downloads/env_released_1.2.0/env/tools/gnu_gcc/arm_gcc/mingw/bin/../lib/gcc/arm-none-eabi/7.3.1/../../../../arm-none-eabi/lib\libc.a(lib_a-memcmp.o)
                0x0000000020011448                memcmp

.text.memcpy    0x0000000020011494       0x1c
 .text.memcpy   0x0000000020011494       0x1c c:/users/yaxing.chen/downloads/env_released_1.2.0/env/tools/gnu_gcc/arm_gcc/mingw/bin/../lib/gcc/arm-none-eabi/7.3.1/../../../../arm-none-eabi/lib\libc.a(lib_a-memcpy-stub.o)
                0x0000000020011494                memcpy

.text.memset    0x00000000200114b0       0x18
 .text.memset   0x00000000200114b0       0x18 c:/users/yaxing.chen/downloads/env_released_1.2.0/env/tools/gnu_gcc/arm_gcc/mingw/bin/../lib/gcc/arm-none-eabi/7.3.1/../../../../arm-none-eabi/lib\libc.a(lib_a-memset.o)
                0x00000000200114b0                memset

.text.strcpy    0x00000000200114c8       0x18
 .text.strcpy   0x00000000200114c8       0x18 c:/users/yaxing.chen/downloads/env_released_1.2.0/env/tools/gnu_gcc/arm_gcc/mingw/bin/../lib/gcc/arm-none-eabi/7.3.1/../../../../arm-none-eabi/lib\libc.a(lib_a-strcpy.o)
                0x00000000200114c8                strcpy

.text.strncmp   0x00000000200114e0       0x58
 .text.strncmp  0x00000000200114e0       0x58 c:/users/yaxing.chen/downloads/env_released_1.2.0/env/tools/gnu_gcc/arm_gcc/mingw/bin/../lib/gcc/arm-none-eabi/7.3.1/../../../../arm-none-eabi/lib\libc.a(lib_a-strncmp.o)
                0x00000000200114e0                strncmp

.text.strncpy   0x0000000020011538       0x58
 .text.strncpy  0x0000000020011538       0x58 c:/users/yaxing.chen/downloads/env_released_1.2.0/env/tools/gnu_gcc/arm_gcc/mingw/bin/../lib/gcc/arm-none-eabi/7.3.1/../../../../arm-none-eabi/lib\libc.a(lib_a-strncpy.o)
                0x0000000020011538                strncpy

.text._strtol_l.isra.0
                0x0000000020011590      0x18c
 .text._strtol_l.isra.0
                0x0000000020011590      0x18c c:/users/yaxing.chen/downloads/env_released_1.2.0/env/tools/gnu_gcc/arm_gcc/mingw/bin/../lib/gcc/arm-none-eabi/7.3.1/../../../../arm-none-eabi/lib\libc.a(lib_a-strtol.o)

.text.strtol    0x000000002001171c       0x48
 .text.strtol   0x000000002001171c       0x48 c:/users/yaxing.chen/downloads/env_released_1.2.0/env/tools/gnu_gcc/arm_gcc/mingw/bin/../lib/gcc/arm-none-eabi/7.3.1/../../../../arm-none-eabi/lib\libc.a(lib_a-strtol.o)
                0x000000002001171c                strtol

.text.__locale_ctype_ptr_l
                0x0000000020011764        0x8
 .text.__locale_ctype_ptr_l
                0x0000000020011764        0x8 c:/users/yaxing.chen/downloads/env_released_1.2.0/env/tools/gnu_gcc/arm_gcc/mingw/bin/../lib/gcc/arm-none-eabi/7.3.1/../../../../arm-none-eabi/lib\libc.a(lib_a-locale.o)
                0x0000000020011764                __locale_ctype_ptr_l

.text.__ascii_mbtowc
                0x000000002001176c       0x40
 .text.__ascii_mbtowc
                0x000000002001176c       0x40 c:/users/yaxing.chen/downloads/env_released_1.2.0/env/tools/gnu_gcc/arm_gcc/mingw/bin/../lib/gcc/arm-none-eabi/7.3.1/../../../../arm-none-eabi/lib\libc.a(lib_a-mbtowc_r.o)
                0x000000002001176c                __ascii_mbtowc

.text.__ascii_wctomb
                0x00000000200117ac       0x2c
 .text.__ascii_wctomb
                0x00000000200117ac       0x2c c:/users/yaxing.chen/downloads/env_released_1.2.0/env/tools/gnu_gcc/arm_gcc/mingw/bin/../lib/gcc/arm-none-eabi/7.3.1/../../../../arm-none-eabi/lib\libc.a(lib_a-wctomb_r.o)
                0x00000000200117ac                __ascii_wctomb
                0x00000000200117d8                . = ALIGN (0x4)

.rodata         0x00000000200117d8     0x253f
 *(.rodata)
 .rodata        0x00000000200117d8       0x3c build\drivers\usart.o
 .rodata        0x0000000020011814       0x40 build\platform\interrupt.o
 .rodata        0x0000000020011854        0xc build\platform\uart.o
 .rodata        0x0000000020011860       0x14 build\kernel\src\components.o
 .rodata        0x0000000020011874       0xc6 build\kernel\src\device.o
 *fill*         0x000000002001193a        0x2 
 .rodata        0x000000002001193c       0x16 build\kernel\src\idle.o
 *fill*         0x0000000020011952        0x2 
 .rodata        0x0000000020011954      0x242 build\kernel\src\ipc.o
 *fill*         0x0000000020011b96        0x2 
 .rodata        0x0000000020011b98      0x128 build\kernel\src\kservice.o
                0x0000000020011bc0                __lowest_bit_bitmap
 .rodata        0x0000000020011cc0       0x8b build\kernel\src\object.o
 *fill*         0x0000000020011d4b        0x1 
 .rodata        0x0000000020011d4c       0x36 build\kernel\src\scheduler.o
 *fill*         0x0000000020011d82        0x2 
 .rodata        0x0000000020011d84       0x53 build\kernel\src\slab.o
 *fill*         0x0000000020011dd7        0x1 
 .rodata        0x0000000020011dd8       0xd2 build\kernel\src\thread.o
 *fill*         0x0000000020011eaa        0x2 
 .rodata        0x0000000020011eac       0x61 build\kernel\src\timer.o
 *fill*         0x0000000020011f0d        0x3 
 .rodata        0x0000000020011f10      0x11d build\kernel\components\drivers\serial\serial.o
 *fill*         0x000000002001202d        0x3 
 .rodata        0x0000000020012030       0x3b build\kernel\components\drivers\src\completion.o
 *fill*         0x000000002001206b        0x1 
 .rodata        0x000000002001206c       0x8e build\kernel\components\drivers\src\dataqueue.o
 *fill*         0x00000000200120fa        0x2 
 .rodata        0x00000000200120fc       0x96 build\kernel\components\finsh\shell.o
 *fill*         0x0000000020012192        0x2 
 .rodata        0x0000000020012194       0x5c build\kernel\components\finsh\cmd.o
 .rodata        0x00000000200121f0       0x3c build\kernel\components\finsh\finsh_error.o
 .rodata        0x000000002001222c       0xc4 build\kernel\components\finsh\finsh_ops.o
                0x000000002001222c                op_table
 .rodata        0x00000000200122f0       0x40 build\kernel\components\finsh\finsh_token.o
 *(.rodata.*)
 .rodata.str1.4
                0x0000000020012330        0x4 build\applications\application.o
 .rodata.str1.4
                0x0000000020012334       0x10 build\drivers\board.o
 .rodata.str1.4
                0x0000000020012344       0x2a build\drivers\usart.o
                                         0x32 (size before relaxing)
 *fill*         0x000000002001236e        0x2 
 .rodata.name   0x0000000020012370       0x19 build\platform\interrupt.o
                0x0000000020012370                __fsym_list_irq_desc
                0x0000000020012380                __fsym_list_irq_name
 *fill*         0x0000000020012389        0x3 
 .rodata.str1.4
                0x000000002001238c       0x5b build\platform\interrupt.o
 *fill*         0x00000000200123e7        0x1 
 .rodata.str1.4
                0x00000000200123e8       0x17 build\kernel\src\components.o
 *fill*         0x00000000200123ff        0x1 
 .rodata.str1.4
                0x0000000020012400       0xf4 build\kernel\src\device.o
 .rodata.str1.4
                0x00000000200124f4       0x30 build\kernel\src\idle.o
                                         0x34 (size before relaxing)
 .rodata.str1.4
                0x0000000020012524      0x44a build\kernel\src\ipc.o
                                        0x476 (size before relaxing)
 *fill*         0x000000002001296e        0x2 
 .rodata.str1.4
                0x0000000020012970       0xc7 build\kernel\src\kservice.o
 *fill*         0x0000000020012a37        0x1 
 .rodata.str1.4
                0x0000000020012a38       0x65 build\kernel\src\object.o
                                         0x91 (size before relaxing)
 *fill*         0x0000000020012a9d        0x3 
 .rodata.str1.4
                0x0000000020012aa0       0x65 build\kernel\src\scheduler.o
 *fill*         0x0000000020012b05        0x3 
 .rodata.name   0x0000000020012b08       0x29 build\kernel\src\slab.o
                0x0000000020012b08                __fsym_list_mem_desc
                0x0000000020012b28                __fsym_list_mem_name
 *fill*         0x0000000020012b31        0x3 
 .rodata.str1.4
                0x0000000020012b34      0x13c build\kernel\src\slab.o
                                        0x168 (size before relaxing)
 .rodata.str1.4
                0x0000000020012c70      0x18b build\kernel\src\thread.o
                                        0x19f (size before relaxing)
 *fill*         0x0000000020012dfb        0x1 
 .rodata.str1.4
                0x0000000020012dfc       0xde build\kernel\src\timer.o
 *fill*         0x0000000020012eda        0x2 
 .rodata.str1.4
                0x0000000020012edc      0x17e build\kernel\components\drivers\serial\serial.o
                                        0x1a2 (size before relaxing)
 *fill*         0x000000002001305a        0x2 
 .rodata.str1.4
                0x000000002001305c       0x47 build\kernel\components\drivers\src\completion.o
                                         0x72 (size before relaxing)
 *fill*         0x00000000200130a3        0x1 
 .rodata.str1.4
                0x00000000200130a4       0x64 build\kernel\components\drivers\src\dataqueue.o
                                         0x90 (size before relaxing)
 .rodata.str1.4
                0x0000000020013108       0xac build\kernel\components\finsh\shell.o
                                         0xb7 (size before relaxing)
 .rodata.name   0x00000000200131b4      0x22e build\kernel\components\finsh\cmd.o
                0x00000000200131b4                __vsym_dummy_desc
                0x00000000200131d0                __vsym_dummy_name
                0x00000000200131d8                __fsym_list_desc
                0x00000000200131f4                __fsym_list_name
                0x00000000200131fc                __fsym_list_device_desc
                0x0000000020013214                __fsym_list_device_name
                0x0000000020013220                __fsym_list_timer_desc
                0x0000000020013238                __fsym_list_timer_name
                0x0000000020013244                __fsym_list_mempool_desc
                0x0000000020013260                __fsym_list_mempool_name
                0x0000000020013270                __fsym_list_memheap_desc
                0x000000002001328c                __fsym_list_memheap_name
                0x000000002001329c                __fsym_list_msgqueue_desc
                0x00000000200132bc                __fsym_list_msgqueue_name
                0x00000000200132cc                __fsym_list_mailbox_desc
                0x00000000200132e4                __fsym_list_mailbox_name
                0x00000000200132f4                __fsym_list_mutex_desc
                0x000000002001330c                __fsym_list_mutex_name
                0x0000000020013318                __fsym_list_event_desc
                0x0000000020013330                __fsym_list_event_name
                0x000000002001333c                __fsym_list_sem_desc
                0x0000000020013358                __fsym_list_sem_name
                0x0000000020013364                __fsym_list_thread_desc
                0x0000000020013370                __fsym_list_thread_name
                0x000000002001337c                __fsym_version_desc
                0x00000000200133a0                __fsym_version_name
                0x00000000200133a8                __fsym_clear_desc
                0x00000000200133c4                __fsym_clear_name
                0x00000000200133cc                __fsym_hello_desc
                0x00000000200133dc                __fsym_hello_name
 *fill*         0x00000000200133e2        0x2 
 .rodata.str1.4
                0x00000000200133e4      0x6fb build\kernel\components\finsh\cmd.o
                                        0x70b (size before relaxing)
 *fill*         0x0000000020013adf        0x1 
 .rodata.str1.4
                0x0000000020013ae0       0xf2 build\kernel\components\finsh\finsh_error.o
 *fill*         0x0000000020013bd2        0x2 
 .rodata.str1.4
                0x0000000020013bd4       0x38 build\kernel\components\finsh\finsh_token.o
                                         0x3d (size before relaxing)
 .rodata._setlocale_r.str1.1
                0x0000000020013c0c        0x8 c:/users/yaxing.chen/downloads/env_released_1.2.0/env/tools/gnu_gcc/arm_gcc/mingw/bin/../lib/gcc/arm-none-eabi/7.3.1/../../../../arm-none-eabi/lib\libc.a(lib_a-locale.o)
                                          0x9 (size before relaxing)
 .rodata.str1.1
                0x0000000020013c14        0x2 c:/users/yaxing.chen/downloads/env_released_1.2.0/env/tools/gnu_gcc/arm_gcc/mingw/bin/../lib/gcc/arm-none-eabi/7.3.1/../../../../arm-none-eabi/lib\libc.a(lib_a-locale.o)
 .rodata._ctype_
                0x0000000020013c16      0x101 c:/users/yaxing.chen/downloads/env_released_1.2.0/env/tools/gnu_gcc/arm_gcc/mingw/bin/../lib/gcc/arm-none-eabi/7.3.1/../../../../arm-none-eabi/lib\libc.a(lib_a-ctype_.o)
                0x0000000020013c16                _ctype_
 *(.gnu.linkonce.r*)
 *(.eh_frame)

.rel.dyn        0x0000000020013d18        0x0
 .rel.iplt      0x0000000020013d18        0x0 build\applications\application.o
                0x0000000020013d18                . = ALIGN (0x4)

.ctors          0x0000000020013d18        0x0
                [!provide]                        PROVIDE (__ctors_start__ = .)
 *(SORT_BY_NAME(.ctors.*))
 *(.ctors)
                [!provide]                        PROVIDE (__ctors_end__ = .)

.dtors          0x0000000020013d18        0x0
                [!provide]                        PROVIDE (__dtors_start__ = .)
 *(SORT_BY_NAME(.dtors.*))
 *(.dtors)
                [!provide]                        PROVIDE (__dtors_end__ = .)
                0x0000000020013d18                . = ALIGN (0x4)

.data           0x0000000020013d18      0x6a4
 *(.data)
 .data          0x0000000020013d18       0x60 build\drivers\board.o
 .data          0x0000000020013d78        0x8 build\drivers\usart.o
                0x0000000020013d78                uart3
 .data          0x0000000020013d80       0xa0 build\kernel\src\object.o
 .data          0x0000000020013e20        0x1 build\kernel\src\timer.o
 *(.data.*)
 *fill*         0x0000000020013e21        0x3 
 .data._impure_ptr
                0x0000000020013e24        0x4 c:/users/yaxing.chen/downloads/env_released_1.2.0/env/tools/gnu_gcc/arm_gcc/mingw/bin/../lib/gcc/arm-none-eabi/7.3.1/../../../../arm-none-eabi/lib\libc.a(lib_a-impure.o)
                0x0000000020013e24                _impure_ptr
 .data.impure_data
                0x0000000020013e28      0x428 c:/users/yaxing.chen/downloads/env_released_1.2.0/env/tools/gnu_gcc/arm_gcc/mingw/bin/../lib/gcc/arm-none-eabi/7.3.1/../../../../arm-none-eabi/lib\libc.a(lib_a-impure.o)
 .data.__global_locale
                0x0000000020014250      0x16c c:/users/yaxing.chen/downloads/env_released_1.2.0/env/tools/gnu_gcc/arm_gcc/mingw/bin/../lib/gcc/arm-none-eabi/7.3.1/../../../../arm-none-eabi/lib\libc.a(lib_a-locale.o)
                0x0000000020014250                __global_locale
 *(.gnu.linkonce.d*)

.igot.plt       0x00000000200143bc        0x0
 .igot.plt      0x00000000200143bc        0x0 build\applications\application.o
                0x00000000200143bc                . = ALIGN (0x4)

.nobss
 *(.nobss)
                0x00000000200143bc                . = ALIGN (0x4)
                0x00000000200143bc                __bss_start__ = .

.bss            0x0000000020018000     0x8af4
 *(.bss)
 .bss           0x0000000020018000       0x54 build\drivers\usart.o
 .bss           0x0000000020018054        0x4 build\kernel\src\clock.o
 .bss           0x0000000020018058      0x190 build\kernel\src\idle.o
 .bss           0x00000000200181e8        0x9 build\kernel\src\irq.o
                0x00000000200181f0                rt_interrupt_nest
 *fill*         0x00000000200181f1        0x3 
 .bss           0x00000000200181f4       0x88 build\kernel\src\kservice.o
 .bss           0x000000002001827c        0x8 build\kernel\src\object.o
 .bss           0x0000000020018284        0xc build\kernel\src\scheduler.o
                0x000000002001828c                rt_current_thread
 .bss           0x0000000020018290      0x174 build\kernel\src\slab.o
 .bss           0x0000000020018404        0xc build\kernel\src\thread.o
 .bss           0x0000000020018410      0x29c build\kernel\src\timer.o
 *fill*         0x00000000200186ac     0x3954 
 .bss           0x000000002001c000     0x4000 build\kernel\libcpu\arm\arm926\mmu.o
 .bss           0x0000000020020000        0x4 build\kernel\components\drivers\serial\serial.o
 .bss           0x0000000020020004       0x95 build\kernel\components\finsh\shell.o
                0x0000000020020004                _syscall_table_begin
                0x0000000020020008                _syscall_table_end
                0x000000002002000c                _sysvar_table_begin
                0x0000000020020010                _sysvar_table_end
 *fill*         0x0000000020020099        0x3 
 .bss           0x000000002002009c        0x4 build\kernel\components\finsh\cmd.o
 .bss           0x00000000200200a0        0x8 build\kernel\components\finsh\finsh_heap.o
 .bss           0x00000000200200a8        0x4 build\kernel\components\finsh\finsh_vm.o
                0x00000000200200a8                global_syscall_list
 COMMON         0x00000000200200ac      0x50c build\platform\interrupt.o
                0x00000000200200ac                rt_interrupt_to_thread
                0x00000000200200b0                rt_interrupt_from_thread
                0x00000000200200b4                rt_thread_switch_interrupt_flag
                0x00000000200200b8                irq_desc
 COMMON         0x00000000200205b8        0x4 build\kernel\src\kservice.o
                0x00000000200205b8                rt_assert_hook
 COMMON         0x00000000200205bc        0xc build\kernel\src\object.o
                0x00000000200205bc                rt_object_put_hook
                0x00000000200205c0                rt_object_take_hook
                0x00000000200205c4                rt_object_trytake_hook
 COMMON         0x00000000200205c8      0x110 build\kernel\src\scheduler.o
                0x00000000200205c8                rt_thread_priority_table
                0x00000000200206c8                rt_current_priority
                0x00000000200206cc                rt_thread_ready_priority_group
                0x00000000200206d0                rt_thread_defunct
 COMMON         0x00000000200206d8        0x4 build\kernel\components\finsh\shell.o
                0x00000000200206d8                shell
 COMMON         0x00000000200206dc        0x8 build\kernel\components\finsh\finsh_compiler.o
                0x00000000200206dc                finsh_compile_pc
                0x00000000200206e0                finsh_compile_sp
 COMMON         0x00000000200206e4        0x1 build\kernel\components\finsh\finsh_error.o
                0x00000000200206e4                global_errno
 *fill*         0x00000000200206e5        0x3 
 COMMON         0x00000000200206e8       0x80 build\kernel\components\finsh\finsh_heap.o
                0x00000000200206e8                finsh_heap
 COMMON         0x0000000020020768      0x140 build\kernel\components\finsh\finsh_node.o
                0x0000000020020768                global_node_table
 COMMON         0x00000000200208a8       0xc4 build\kernel\components\finsh\finsh_var.o
                0x00000000200208a8                global_sysvar_list
                0x00000000200208ac                global_variable
 COMMON         0x000000002002096c      0x188 build\kernel\components\finsh\finsh_vm.o
                0x000000002002096c                text_segment
                0x00000000200209ec                finsh_vm_stack
                0x0000000020020aec                finsh_pc
                0x0000000020020af0                finsh_sp
                0x0000000020020af4                __bss_end__ = .

.stab
 *(.stab)

.stabstr
 *(.stabstr)

.stab.excl
 *(.stab.excl)

.stab.exclstr
 *(.stab.exclstr)

.stab.index
 *(.stab.index)

.stab.indexstr
 *(.stab.indexstr)

.comment        0x0000000000000000       0x7b
 *(.comment)
 .comment       0x0000000000000000       0x7b build\applications\application.o
                                         0x7c (size before relaxing)
 .comment       0x000000000000007b       0x7c build\drivers\board.o
 .comment       0x000000000000007b       0x7c build\drivers\usart.o
 .comment       0x000000000000007b       0x7c build\drivers\led.o
 .comment       0x000000000000007b       0x7c build\platform\gpio.o
 .comment       0x000000000000007b       0x7c build\platform\interrupt.o
 .comment       0x000000000000007b       0x7c build\platform\timer0.o
 .comment       0x000000000000007b       0x7c build\platform\uart.o
 .comment       0x000000000000007b       0x7c build\kernel\src\clock.o
 .comment       0x000000000000007b       0x7c build\kernel\src\components.o
 .comment       0x000000000000007b       0x7c build\kernel\src\device.o
 .comment       0x000000000000007b       0x7c build\kernel\src\idle.o
 .comment       0x000000000000007b       0x7c build\kernel\src\ipc.o
 .comment       0x000000000000007b       0x7c build\kernel\src\irq.o
 .comment       0x000000000000007b       0x7c build\kernel\src\kservice.o
 .comment       0x000000000000007b       0x7c build\kernel\src\object.o
 .comment       0x000000000000007b       0x7c build\kernel\src\scheduler.o
 .comment       0x000000000000007b       0x7c build\kernel\src\slab.o
 .comment       0x000000000000007b       0x7c build\kernel\src\thread.o
 .comment       0x000000000000007b       0x7c build\kernel\src\timer.o
 .comment       0x000000000000007b       0x7c build\kernel\libcpu\arm\arm926\mmu.o
 .comment       0x000000000000007b       0x7c build\kernel\libcpu\arm\arm926\stack.o
 .comment       0x000000000000007b       0x7c build\kernel\components\drivers\serial\serial.o
 .comment       0x000000000000007b       0x7c build\kernel\components\drivers\src\completion.o
 .comment       0x000000000000007b       0x7c build\kernel\components\drivers\src\dataqueue.o
 .comment       0x000000000000007b       0x7c build\kernel\components\finsh\shell.o
 .comment       0x000000000000007b       0x7c build\kernel\components\finsh\cmd.o
 .comment       0x000000000000007b       0x7c build\kernel\components\finsh\finsh_compiler.o
 .comment       0x000000000000007b       0x7c build\kernel\components\finsh\finsh_error.o
 .comment       0x000000000000007b       0x7c build\kernel\components\finsh\finsh_heap.o
 .comment       0x000000000000007b       0x7c build\kernel\components\finsh\finsh_init.o
 .comment       0x000000000000007b       0x7c build\kernel\components\finsh\finsh_node.o
 .comment       0x000000000000007b       0x7c build\kernel\components\finsh\finsh_ops.o
 .comment       0x000000000000007b       0x7c build\kernel\components\finsh\finsh_parser.o
 .comment       0x000000000000007b       0x7c build\kernel\components\finsh\finsh_var.o
 .comment       0x000000000000007b       0x7c build\kernel\components\finsh\finsh_vm.o
 .comment       0x000000000000007b       0x7c build\kernel\components\finsh\finsh_token.o
 .comment       0x000000000000007b       0x7c build\kernel\components\libc\compilers\newlib\libc.o

.ARM.attributes
                0x0000000000000000       0x2e
 .ARM.attributes
                0x0000000000000000       0x14 c:/users/yaxing.chen/downloads/env_released_1.2.0/env/tools/gnu_gcc/arm_gcc/mingw/bin/../lib/gcc/arm-none-eabi/7.3.1/crti.o
 .ARM.attributes
                0x0000000000000014       0x32 build\applications\application.o
 .ARM.attributes
                0x0000000000000046       0x32 build\drivers\board.o
 .ARM.attributes
                0x0000000000000078       0x32 build\drivers\usart.o
 .ARM.attributes
                0x00000000000000aa       0x32 build\drivers\led.o
 .ARM.attributes
                0x00000000000000dc       0x32 build\platform\gpio.o
 .ARM.attributes
                0x000000000000010e       0x32 build\platform\interrupt.o
 .ARM.attributes
                0x0000000000000140       0x32 build\platform\timer0.o
 .ARM.attributes
                0x0000000000000172       0x32 build\platform\uart.o
 .ARM.attributes
                0x00000000000001a4       0x32 build\kernel\src\clock.o
 .ARM.attributes
                0x00000000000001d6       0x32 build\kernel\src\components.o
 .ARM.attributes
                0x0000000000000208       0x32 build\kernel\src\device.o
 .ARM.attributes
                0x000000000000023a       0x32 build\kernel\src\idle.o
 .ARM.attributes
                0x000000000000026c       0x32 build\kernel\src\ipc.o
 .ARM.attributes
                0x000000000000029e       0x32 build\kernel\src\irq.o
 .ARM.attributes
                0x00000000000002d0       0x32 build\kernel\src\kservice.o
 .ARM.attributes
                0x0000000000000302       0x32 build\kernel\src\object.o
 .ARM.attributes
                0x0000000000000334       0x32 build\kernel\src\scheduler.o
 .ARM.attributes
                0x0000000000000366       0x32 build\kernel\src\slab.o
 .ARM.attributes
                0x0000000000000398       0x32 build\kernel\src\thread.o
 .ARM.attributes
                0x00000000000003ca       0x32 build\kernel\src\timer.o
 .ARM.attributes
                0x00000000000003fc       0x32 build\kernel\libcpu\arm\arm926\mmu.o
 .ARM.attributes
                0x000000000000042e       0x32 build\kernel\libcpu\arm\arm926\stack.o
 .ARM.attributes
                0x0000000000000460       0x22 build\kernel\libcpu\arm\arm926\context_gcc.o
 .ARM.attributes
                0x0000000000000482       0x32 build\kernel\components\drivers\serial\serial.o
 .ARM.attributes
                0x00000000000004b4       0x32 build\kernel\components\drivers\src\completion.o
 .ARM.attributes
                0x00000000000004e6       0x32 build\kernel\components\drivers\src\dataqueue.o
 .ARM.attributes
                0x0000000000000518       0x32 build\kernel\components\finsh\shell.o
 .ARM.attributes
                0x000000000000054a       0x32 build\kernel\components\finsh\cmd.o
 .ARM.attributes
                0x000000000000057c       0x32 build\kernel\components\finsh\finsh_compiler.o
 .ARM.attributes
                0x00000000000005ae       0x32 build\kernel\components\finsh\finsh_error.o
 .ARM.attributes
                0x00000000000005e0       0x32 build\kernel\components\finsh\finsh_heap.o
 .ARM.attributes
                0x0000000000000612       0x32 build\kernel\components\finsh\finsh_init.o
 .ARM.attributes
                0x0000000000000644       0x32 build\kernel\components\finsh\finsh_node.o
 .ARM.attributes
                0x0000000000000676       0x32 build\kernel\components\finsh\finsh_ops.o
 .ARM.attributes
                0x00000000000006a8       0x32 build\kernel\components\finsh\finsh_parser.o
 .ARM.attributes
                0x00000000000006da       0x32 build\kernel\components\finsh\finsh_var.o
 .ARM.attributes
                0x000000000000070c       0x32 build\kernel\components\finsh\finsh_vm.o
 .ARM.attributes
                0x000000000000073e       0x32 build\kernel\components\finsh\finsh_token.o
 .ARM.attributes
                0x0000000000000770       0x32 build\kernel\components\libc\compilers\newlib\libc.o
 .ARM.attributes
                0x00000000000007a2       0x30 c:/users/yaxing.chen/downloads/env_released_1.2.0/env/tools/gnu_gcc/arm_gcc/mingw/bin/../lib/gcc/arm-none-eabi/7.3.1/../../../../arm-none-eabi/lib\libc.a(lib_a-atoi.o)
 .ARM.attributes
                0x00000000000007d2       0x30 c:/users/yaxing.chen/downloads/env_released_1.2.0/env/tools/gnu_gcc/arm_gcc/mingw/bin/../lib/gcc/arm-none-eabi/7.3.1/../../../../arm-none-eabi/lib\libc.a(lib_a-impure.o)
 .ARM.attributes
                0x0000000000000802       0x30 c:/users/yaxing.chen/downloads/env_released_1.2.0/env/tools/gnu_gcc/arm_gcc/mingw/bin/../lib/gcc/arm-none-eabi/7.3.1/../../../../arm-none-eabi/lib\libc.a(lib_a-memcmp.o)
 .ARM.attributes
                0x0000000000000832       0x30 c:/users/yaxing.chen/downloads/env_released_1.2.0/env/tools/gnu_gcc/arm_gcc/mingw/bin/../lib/gcc/arm-none-eabi/7.3.1/../../../../arm-none-eabi/lib\libc.a(lib_a-memcpy-stub.o)
 .ARM.attributes
                0x0000000000000862       0x30 c:/users/yaxing.chen/downloads/env_released_1.2.0/env/tools/gnu_gcc/arm_gcc/mingw/bin/../lib/gcc/arm-none-eabi/7.3.1/../../../../arm-none-eabi/lib\libc.a(lib_a-memset.o)
 .ARM.attributes
                0x0000000000000892       0x16 c:/users/yaxing.chen/downloads/env_released_1.2.0/env/tools/gnu_gcc/arm_gcc/mingw/bin/../lib/gcc/arm-none-eabi/7.3.1/../../../../arm-none-eabi/lib\libc.a(lib_a-strcmp.o)
 .ARM.attributes
                0x00000000000008a8       0x30 c:/users/yaxing.chen/downloads/env_released_1.2.0/env/tools/gnu_gcc/arm_gcc/mingw/bin/../lib/gcc/arm-none-eabi/7.3.1/../../../../arm-none-eabi/lib\libc.a(lib_a-strcpy.o)
 .ARM.attributes
                0x00000000000008d8       0x1c c:/users/yaxing.chen/downloads/env_released_1.2.0/env/tools/gnu_gcc/arm_gcc/mingw/bin/../lib/gcc/arm-none-eabi/7.3.1/../../../../arm-none-eabi/lib\libc.a(lib_a-strlen.o)
 .ARM.attributes
                0x00000000000008f4       0x30 c:/users/yaxing.chen/downloads/env_released_1.2.0/env/tools/gnu_gcc/arm_gcc/mingw/bin/../lib/gcc/arm-none-eabi/7.3.1/../../../../arm-none-eabi/lib\libc.a(lib_a-strncmp.o)
 .ARM.attributes
                0x0000000000000924       0x30 c:/users/yaxing.chen/downloads/env_released_1.2.0/env/tools/gnu_gcc/arm_gcc/mingw/bin/../lib/gcc/arm-none-eabi/7.3.1/../../../../arm-none-eabi/lib\libc.a(lib_a-strncpy.o)
 .ARM.attributes
                0x0000000000000954       0x30 c:/users/yaxing.chen/downloads/env_released_1.2.0/env/tools/gnu_gcc/arm_gcc/mingw/bin/../lib/gcc/arm-none-eabi/7.3.1/../../../../arm-none-eabi/lib\libc.a(lib_a-strtol.o)
 .ARM.attributes
                0x0000000000000984       0x30 c:/users/yaxing.chen/downloads/env_released_1.2.0/env/tools/gnu_gcc/arm_gcc/mingw/bin/../lib/gcc/arm-none-eabi/7.3.1/../../../../arm-none-eabi/lib\libc.a(lib_a-locale.o)
 .ARM.attributes
                0x00000000000009b4       0x30 c:/users/yaxing.chen/downloads/env_released_1.2.0/env/tools/gnu_gcc/arm_gcc/mingw/bin/../lib/gcc/arm-none-eabi/7.3.1/../../../../arm-none-eabi/lib\libc.a(lib_a-mbtowc_r.o)
 .ARM.attributes
                0x00000000000009e4       0x30 c:/users/yaxing.chen/downloads/env_released_1.2.0/env/tools/gnu_gcc/arm_gcc/mingw/bin/../lib/gcc/arm-none-eabi/7.3.1/../../../../arm-none-eabi/lib\libc.a(lib_a-wctomb_r.o)
 .ARM.attributes
                0x0000000000000a14       0x30 c:/users/yaxing.chen/downloads/env_released_1.2.0/env/tools/gnu_gcc/arm_gcc/mingw/bin/../lib/gcc/arm-none-eabi/7.3.1/../../../../arm-none-eabi/lib\libc.a(lib_a-ctype_.o)
 .ARM.attributes
                0x0000000000000a44       0x18 c:/users/yaxing.chen/downloads/env_released_1.2.0/env/tools/gnu_gcc/arm_gcc/mingw/bin/../lib/gcc/arm-none-eabi/7.3.1\libgcc.a(_udivsi3.o)
 .ARM.attributes
                0x0000000000000a5c       0x18 c:/users/yaxing.chen/downloads/env_released_1.2.0/env/tools/gnu_gcc/arm_gcc/mingw/bin/../lib/gcc/arm-none-eabi/7.3.1\libgcc.a(_divsi3.o)
 .ARM.attributes
                0x0000000000000a74       0x18 c:/users/yaxing.chen/downloads/env_released_1.2.0/env/tools/gnu_gcc/arm_gcc/mingw/bin/../lib/gcc/arm-none-eabi/7.3.1\libgcc.a(_dvmd_tls.o)

.debug_abbrev
 *(.debug_abbrev)

.debug_info
 *(.debug_info)

.debug_line
 *(.debug_line)

.debug_pubnames
 *(.debug_pubnames)

.debug_aranges
 *(.debug_aranges)
                0x0000000000000a8c                _end = .
OUTPUT(rtthread.elf elf32-littlearm)

.debug_frame    0x0000000000000000      0x320
 .debug_frame   0x0000000000000000       0x48 c:/users/yaxing.chen/downloads/env_released_1.2.0/env/tools/gnu_gcc/arm_gcc/mingw/bin/../lib/gcc/arm-none-eabi/7.3.1/../../../../arm-none-eabi/lib\libc.a(lib_a-atoi.o)
 .debug_frame   0x0000000000000048       0x34 c:/users/yaxing.chen/downloads/env_released_1.2.0/env/tools/gnu_gcc/arm_gcc/mingw/bin/../lib/gcc/arm-none-eabi/7.3.1/../../../../arm-none-eabi/lib\libc.a(lib_a-memcmp.o)
 .debug_frame   0x000000000000007c       0x20 c:/users/yaxing.chen/downloads/env_released_1.2.0/env/tools/gnu_gcc/arm_gcc/mingw/bin/../lib/gcc/arm-none-eabi/7.3.1/../../../../arm-none-eabi/lib\libc.a(lib_a-memcpy-stub.o)
 .debug_frame   0x000000000000009c       0x20 c:/users/yaxing.chen/downloads/env_released_1.2.0/env/tools/gnu_gcc/arm_gcc/mingw/bin/../lib/gcc/arm-none-eabi/7.3.1/../../../../arm-none-eabi/lib\libc.a(lib_a-memset.o)
 .debug_frame   0x00000000000000bc       0x20 c:/users/yaxing.chen/downloads/env_released_1.2.0/env/tools/gnu_gcc/arm_gcc/mingw/bin/../lib/gcc/arm-none-eabi/7.3.1/../../../../arm-none-eabi/lib\libc.a(lib_a-strcmp.o)
 .debug_frame   0x00000000000000dc       0x20 c:/users/yaxing.chen/downloads/env_released_1.2.0/env/tools/gnu_gcc/arm_gcc/mingw/bin/../lib/gcc/arm-none-eabi/7.3.1/../../../../arm-none-eabi/lib\libc.a(lib_a-strcpy.o)
 .debug_frame   0x00000000000000fc       0x30 c:/users/yaxing.chen/downloads/env_released_1.2.0/env/tools/gnu_gcc/arm_gcc/mingw/bin/../lib/gcc/arm-none-eabi/7.3.1/../../../../arm-none-eabi/lib\libc.a(lib_a-strncmp.o)
 .debug_frame   0x000000000000012c       0x2c c:/users/yaxing.chen/downloads/env_released_1.2.0/env/tools/gnu_gcc/arm_gcc/mingw/bin/../lib/gcc/arm-none-eabi/7.3.1/../../../../arm-none-eabi/lib\libc.a(lib_a-strncpy.o)
 .debug_frame   0x0000000000000158       0x9c c:/users/yaxing.chen/downloads/env_released_1.2.0/env/tools/gnu_gcc/arm_gcc/mingw/bin/../lib/gcc/arm-none-eabi/7.3.1/../../../../arm-none-eabi/lib\libc.a(lib_a-strtol.o)
 .debug_frame   0x00000000000001f4       0x6c c:/users/yaxing.chen/downloads/env_released_1.2.0/env/tools/gnu_gcc/arm_gcc/mingw/bin/../lib/gcc/arm-none-eabi/7.3.1/../../../../arm-none-eabi/lib\libc.a(lib_a-locale.o)
 .debug_frame   0x0000000000000260       0x44 c:/users/yaxing.chen/downloads/env_released_1.2.0/env/tools/gnu_gcc/arm_gcc/mingw/bin/../lib/gcc/arm-none-eabi/7.3.1/../../../../arm-none-eabi/lib\libc.a(lib_a-mbtowc_r.o)
 .debug_frame   0x00000000000002a4       0x3c c:/users/yaxing.chen/downloads/env_released_1.2.0/env/tools/gnu_gcc/arm_gcc/mingw/bin/../lib/gcc/arm-none-eabi/7.3.1/../../../../arm-none-eabi/lib\libc.a(lib_a-wctomb_r.o)
 .debug_frame   0x00000000000002e0       0x20 c:/users/yaxing.chen/downloads/env_released_1.2.0/env/tools/gnu_gcc/arm_gcc/mingw/bin/../lib/gcc/arm-none-eabi/7.3.1\libgcc.a(_udivsi3.o)
 .debug_frame   0x0000000000000300       0x20 c:/users/yaxing.chen/downloads/env_released_1.2.0/env/tools/gnu_gcc/arm_gcc/mingw/bin/../lib/gcc/arm-none-eabi/7.3.1\libgcc.a(_divsi3.o)

Cross Reference Table

Symbol                                            File
HW_GpioClrVal                                     build\platform\gpio.o
                                                  build\drivers\led.o
HW_GpioSetDir                                     build\platform\gpio.o
                                                  build\drivers\led.o
HW_GpioSetVal                                     build\platform\gpio.o
                                                  build\drivers\led.o
HW_SetPinMux                                      build\platform\gpio.o
                                                  build\drivers\led.o
                                                  build\drivers\usart.o
Hw_UartConfig                                     build\platform\uart.o
                                                  build\drivers\usart.o
Hw_UartDisable                                    build\platform\uart.o
                                                  build\drivers\usart.o
Hw_UartEnable                                     build\platform\uart.o
                                                  build\drivers\usart.o
Hw_UartInit                                       build\platform\uart.o
                                                  build\drivers\usart.o
Hw_UartReset                                      build\platform\uart.o
                                                  build\drivers\usart.o
OP_add_byte                                       build\kernel\components\finsh\finsh_ops.o
OP_add_dword                                      build\kernel\components\finsh\finsh_ops.o
OP_add_word                                       build\kernel\components\finsh\finsh_ops.o
OP_and_byte                                       build\kernel\components\finsh\finsh_ops.o
OP_and_dword                                      build\kernel\components\finsh\finsh_ops.o
OP_and_word                                       build\kernel\components\finsh\finsh_ops.o
OP_bw_byte                                        build\kernel\components\finsh\finsh_ops.o
OP_bw_dword                                       build\kernel\components\finsh\finsh_ops.o
OP_bw_word                                        build\kernel\components\finsh\finsh_ops.o
OP_call                                           build\kernel\components\finsh\finsh_ops.o
OP_div_byte                                       build\kernel\components\finsh\finsh_ops.o
OP_div_dword                                      build\kernel\components\finsh\finsh_ops.o
OP_div_word                                       build\kernel\components\finsh\finsh_ops.o
OP_ld_byte                                        build\kernel\components\finsh\finsh_ops.o
OP_ld_dword                                       build\kernel\components\finsh\finsh_ops.o
OP_ld_value_byte                                  build\kernel\components\finsh\finsh_ops.o
OP_ld_value_byte_stack                            build\kernel\components\finsh\finsh_ops.o
OP_ld_value_dword                                 build\kernel\components\finsh\finsh_ops.o
OP_ld_value_dword_stack                           build\kernel\components\finsh\finsh_ops.o
OP_ld_value_word                                  build\kernel\components\finsh\finsh_ops.o
OP_ld_value_word_stack                            build\kernel\components\finsh\finsh_ops.o
OP_ld_word                                        build\kernel\components\finsh\finsh_ops.o
OP_mod_byte                                       build\kernel\components\finsh\finsh_ops.o
OP_mod_dword                                      build\kernel\components\finsh\finsh_ops.o
OP_mod_word                                       build\kernel\components\finsh\finsh_ops.o
OP_mul_byte                                       build\kernel\components\finsh\finsh_ops.o
OP_mul_dword                                      build\kernel\components\finsh\finsh_ops.o
OP_mul_word                                       build\kernel\components\finsh\finsh_ops.o
OP_no_op                                          build\kernel\components\finsh\finsh_ops.o
OP_or_byte                                        build\kernel\components\finsh\finsh_ops.o
OP_or_dword                                       build\kernel\components\finsh\finsh_ops.o
OP_or_word                                        build\kernel\components\finsh\finsh_ops.o
OP_pop                                            build\kernel\components\finsh\finsh_ops.o
OP_shl_byte                                       build\kernel\components\finsh\finsh_ops.o
OP_shl_dword                                      build\kernel\components\finsh\finsh_ops.o
OP_shl_word                                       build\kernel\components\finsh\finsh_ops.o
OP_shr_byte                                       build\kernel\components\finsh\finsh_ops.o
OP_shr_dword                                      build\kernel\components\finsh\finsh_ops.o
OP_shr_word                                       build\kernel\components\finsh\finsh_ops.o
OP_st_byte                                        build\kernel\components\finsh\finsh_ops.o
OP_st_dword                                       build\kernel\components\finsh\finsh_ops.o
OP_st_word                                        build\kernel\components\finsh\finsh_ops.o
OP_sub_byte                                       build\kernel\components\finsh\finsh_ops.o
OP_sub_dword                                      build\kernel\components\finsh\finsh_ops.o
OP_sub_word                                       build\kernel\components\finsh\finsh_ops.o
OP_xor_byte                                       build\kernel\components\finsh\finsh_ops.o
OP_xor_dword                                      build\kernel\components\finsh\finsh_ops.o
OP_xor_word                                       build\kernel\components\finsh\finsh_ops.o
_Balloc                                           c:/users/yaxing.chen/downloads/env_released_1.2.0/env/tools/gnu_gcc/arm_gcc/mingw/bin/../lib/gcc/arm-none-eabi/7.3.1/../../../../arm-none-eabi/lib\libc.a(lib_a-mprec.o)
                                                  c:/users/yaxing.chen/downloads/env_released_1.2.0/env/tools/gnu_gcc/arm_gcc/mingw/bin/../lib/gcc/arm-none-eabi/7.3.1/../../../../arm-none-eabi/lib\libc.a(lib_a-dtoa.o)
_Bfree                                            c:/users/yaxing.chen/downloads/env_released_1.2.0/env/tools/gnu_gcc/arm_gcc/mingw/bin/../lib/gcc/arm-none-eabi/7.3.1/../../../../arm-none-eabi/lib\libc.a(lib_a-mprec.o)
                                                  c:/users/yaxing.chen/downloads/env_released_1.2.0/env/tools/gnu_gcc/arm_gcc/mingw/bin/../lib/gcc/arm-none-eabi/7.3.1/../../../../arm-none-eabi/lib\libc.a(lib_a-dtoa.o)
_PathLocale                                       c:/users/yaxing.chen/downloads/env_released_1.2.0/env/tools/gnu_gcc/arm_gcc/mingw/bin/../lib/gcc/arm-none-eabi/7.3.1/../../../../arm-none-eabi/lib\libc.a(lib_a-locale.o)
__adddf3                                          c:/users/yaxing.chen/downloads/env_released_1.2.0/env/tools/gnu_gcc/arm_gcc/mingw/bin/../lib/gcc/arm-none-eabi/7.3.1\libgcc.a(_arm_addsubdf3.o)
__aeabi_cdcmpeq                                   c:/users/yaxing.chen/downloads/env_released_1.2.0/env/tools/gnu_gcc/arm_gcc/mingw/bin/../lib/gcc/arm-none-eabi/7.3.1\libgcc.a(_arm_cmpdf2.o)
__aeabi_cdcmple                                   c:/users/yaxing.chen/downloads/env_released_1.2.0/env/tools/gnu_gcc/arm_gcc/mingw/bin/../lib/gcc/arm-none-eabi/7.3.1\libgcc.a(_arm_cmpdf2.o)
__aeabi_cdrcmple                                  c:/users/yaxing.chen/downloads/env_released_1.2.0/env/tools/gnu_gcc/arm_gcc/mingw/bin/../lib/gcc/arm-none-eabi/7.3.1\libgcc.a(_arm_cmpdf2.o)
__aeabi_d2iz                                      c:/users/yaxing.chen/downloads/env_released_1.2.0/env/tools/gnu_gcc/arm_gcc/mingw/bin/../lib/gcc/arm-none-eabi/7.3.1\libgcc.a(_arm_fixdfsi.o)
                                                  c:/users/yaxing.chen/downloads/env_released_1.2.0/env/tools/gnu_gcc/arm_gcc/mingw/bin/../lib/gcc/arm-none-eabi/7.3.1/../../../../arm-none-eabi/lib\libc.a(lib_a-dtoa.o)
                                                  c:/users/yaxing.chen/downloads/env_released_1.2.0/env/tools/gnu_gcc/arm_gcc/mingw/bin/../lib/gcc/arm-none-eabi/7.3.1/../../../../arm-none-eabi/lib\libc.a(lib_a-svfprintf.o)
__aeabi_dadd                                      c:/users/yaxing.chen/downloads/env_released_1.2.0/env/tools/gnu_gcc/arm_gcc/mingw/bin/../lib/gcc/arm-none-eabi/7.3.1\libgcc.a(_arm_addsubdf3.o)
                                                  c:/users/yaxing.chen/downloads/env_released_1.2.0/env/tools/gnu_gcc/arm_gcc/mingw/bin/../lib/gcc/arm-none-eabi/7.3.1/../../../../arm-none-eabi/lib\libc.a(lib_a-dtoa.o)
__aeabi_dcmpeq                                    c:/users/yaxing.chen/downloads/env_released_1.2.0/env/tools/gnu_gcc/arm_gcc/mingw/bin/../lib/gcc/arm-none-eabi/7.3.1\libgcc.a(_arm_cmpdf2.o)
                                                  c:/users/yaxing.chen/downloads/env_released_1.2.0/env/tools/gnu_gcc/arm_gcc/mingw/bin/../lib/gcc/arm-none-eabi/7.3.1/../../../../arm-none-eabi/lib\libc.a(lib_a-dtoa.o)
                                                  c:/users/yaxing.chen/downloads/env_released_1.2.0/env/tools/gnu_gcc/arm_gcc/mingw/bin/../lib/gcc/arm-none-eabi/7.3.1/../../../../arm-none-eabi/lib\libc.a(lib_a-svfprintf.o)
__aeabi_dcmpge                                    c:/users/yaxing.chen/downloads/env_released_1.2.0/env/tools/gnu_gcc/arm_gcc/mingw/bin/../lib/gcc/arm-none-eabi/7.3.1\libgcc.a(_arm_cmpdf2.o)
                                                  c:/users/yaxing.chen/downloads/env_released_1.2.0/env/tools/gnu_gcc/arm_gcc/mingw/bin/../lib/gcc/arm-none-eabi/7.3.1/../../../../arm-none-eabi/lib\libc.a(lib_a-dtoa.o)
__aeabi_dcmpgt                                    c:/users/yaxing.chen/downloads/env_released_1.2.0/env/tools/gnu_gcc/arm_gcc/mingw/bin/../lib/gcc/arm-none-eabi/7.3.1\libgcc.a(_arm_cmpdf2.o)
                                                  c:/users/yaxing.chen/downloads/env_released_1.2.0/env/tools/gnu_gcc/arm_gcc/mingw/bin/../lib/gcc/arm-none-eabi/7.3.1/../../../../arm-none-eabi/lib\libc.a(lib_a-dtoa.o)
                                                  c:/users/yaxing.chen/downloads/env_released_1.2.0/env/tools/gnu_gcc/arm_gcc/mingw/bin/../lib/gcc/arm-none-eabi/7.3.1/../../../../arm-none-eabi/lib\libc.a(lib_a-svfprintf.o)
__aeabi_dcmple                                    c:/users/yaxing.chen/downloads/env_released_1.2.0/env/tools/gnu_gcc/arm_gcc/mingw/bin/../lib/gcc/arm-none-eabi/7.3.1\libgcc.a(_arm_cmpdf2.o)
                                                  c:/users/yaxing.chen/downloads/env_released_1.2.0/env/tools/gnu_gcc/arm_gcc/mingw/bin/../lib/gcc/arm-none-eabi/7.3.1/../../../../arm-none-eabi/lib\libc.a(lib_a-svfprintf.o)
__aeabi_dcmplt                                    c:/users/yaxing.chen/downloads/env_released_1.2.0/env/tools/gnu_gcc/arm_gcc/mingw/bin/../lib/gcc/arm-none-eabi/7.3.1\libgcc.a(_arm_cmpdf2.o)
                                                  c:/users/yaxing.chen/downloads/env_released_1.2.0/env/tools/gnu_gcc/arm_gcc/mingw/bin/../lib/gcc/arm-none-eabi/7.3.1/../../../../arm-none-eabi/lib\libc.a(lib_a-dtoa.o)
                                                  c:/users/yaxing.chen/downloads/env_released_1.2.0/env/tools/gnu_gcc/arm_gcc/mingw/bin/../lib/gcc/arm-none-eabi/7.3.1/../../../../arm-none-eabi/lib\libc.a(lib_a-svfprintf.o)
__aeabi_dcmpun                                    c:/users/yaxing.chen/downloads/env_released_1.2.0/env/tools/gnu_gcc/arm_gcc/mingw/bin/../lib/gcc/arm-none-eabi/7.3.1\libgcc.a(_arm_unorddf2.o)
                                                  c:/users/yaxing.chen/downloads/env_released_1.2.0/env/tools/gnu_gcc/arm_gcc/mingw/bin/../lib/gcc/arm-none-eabi/7.3.1/../../../../arm-none-eabi/lib\libc.a(lib_a-svfprintf.o)
__aeabi_ddiv                                      c:/users/yaxing.chen/downloads/env_released_1.2.0/env/tools/gnu_gcc/arm_gcc/mingw/bin/../lib/gcc/arm-none-eabi/7.3.1\libgcc.a(_arm_muldivdf3.o)
                                                  c:/users/yaxing.chen/downloads/env_released_1.2.0/env/tools/gnu_gcc/arm_gcc/mingw/bin/../lib/gcc/arm-none-eabi/7.3.1/../../../../arm-none-eabi/lib\libc.a(lib_a-mprec.o)
                                                  c:/users/yaxing.chen/downloads/env_released_1.2.0/env/tools/gnu_gcc/arm_gcc/mingw/bin/../lib/gcc/arm-none-eabi/7.3.1/../../../../arm-none-eabi/lib\libc.a(lib_a-dtoa.o)
__aeabi_dmul                                      c:/users/yaxing.chen/downloads/env_released_1.2.0/env/tools/gnu_gcc/arm_gcc/mingw/bin/../lib/gcc/arm-none-eabi/7.3.1\libgcc.a(_arm_muldivdf3.o)
                                                  c:/users/yaxing.chen/downloads/env_released_1.2.0/env/tools/gnu_gcc/arm_gcc/mingw/bin/../lib/gcc/arm-none-eabi/7.3.1/../../../../arm-none-eabi/lib\libc.a(lib_a-s_frexp.o)
                                                  c:/users/yaxing.chen/downloads/env_released_1.2.0/env/tools/gnu_gcc/arm_gcc/mingw/bin/../lib/gcc/arm-none-eabi/7.3.1/../../../../arm-none-eabi/lib\libc.a(lib_a-mprec.o)
                                                  c:/users/yaxing.chen/downloads/env_released_1.2.0/env/tools/gnu_gcc/arm_gcc/mingw/bin/../lib/gcc/arm-none-eabi/7.3.1/../../../../arm-none-eabi/lib\libc.a(lib_a-dtoa.o)
                                                  c:/users/yaxing.chen/downloads/env_released_1.2.0/env/tools/gnu_gcc/arm_gcc/mingw/bin/../lib/gcc/arm-none-eabi/7.3.1/../../../../arm-none-eabi/lib\libc.a(lib_a-svfprintf.o)
__aeabi_drsub                                     c:/users/yaxing.chen/downloads/env_released_1.2.0/env/tools/gnu_gcc/arm_gcc/mingw/bin/../lib/gcc/arm-none-eabi/7.3.1\libgcc.a(_arm_addsubdf3.o)
__aeabi_dsub                                      c:/users/yaxing.chen/downloads/env_released_1.2.0/env/tools/gnu_gcc/arm_gcc/mingw/bin/../lib/gcc/arm-none-eabi/7.3.1\libgcc.a(_arm_addsubdf3.o)
                                                  c:/users/yaxing.chen/downloads/env_released_1.2.0/env/tools/gnu_gcc/arm_gcc/mingw/bin/../lib/gcc/arm-none-eabi/7.3.1/../../../../arm-none-eabi/lib\libc.a(lib_a-dtoa.o)
                                                  c:/users/yaxing.chen/downloads/env_released_1.2.0/env/tools/gnu_gcc/arm_gcc/mingw/bin/../lib/gcc/arm-none-eabi/7.3.1/../../../../arm-none-eabi/lib\libc.a(lib_a-svfprintf.o)
__aeabi_f2d                                       c:/users/yaxing.chen/downloads/env_released_1.2.0/env/tools/gnu_gcc/arm_gcc/mingw/bin/../lib/gcc/arm-none-eabi/7.3.1\libgcc.a(_arm_addsubdf3.o)
__aeabi_i2d                                       c:/users/yaxing.chen/downloads/env_released_1.2.0/env/tools/gnu_gcc/arm_gcc/mingw/bin/../lib/gcc/arm-none-eabi/7.3.1\libgcc.a(_arm_addsubdf3.o)
                                                  c:/users/yaxing.chen/downloads/env_released_1.2.0/env/tools/gnu_gcc/arm_gcc/mingw/bin/../lib/gcc/arm-none-eabi/7.3.1/../../../../arm-none-eabi/lib\libc.a(lib_a-dtoa.o)
                                                  c:/users/yaxing.chen/downloads/env_released_1.2.0/env/tools/gnu_gcc/arm_gcc/mingw/bin/../lib/gcc/arm-none-eabi/7.3.1/../../../../arm-none-eabi/lib\libc.a(lib_a-svfprintf.o)
__aeabi_idiv                                      c:/users/yaxing.chen/downloads/env_released_1.2.0/env/tools/gnu_gcc/arm_gcc/mingw/bin/../lib/gcc/arm-none-eabi/7.3.1\libgcc.a(_divsi3.o)
                                                  c:/users/yaxing.chen/downloads/env_released_1.2.0/env/tools/gnu_gcc/arm_gcc/mingw/bin/../lib/gcc/arm-none-eabi/7.3.1/../../../../arm-none-eabi/lib\libc.a(lib_a-mprec.o)
                                                  c:/users/yaxing.chen/downloads/env_released_1.2.0/env/tools/gnu_gcc/arm_gcc/mingw/bin/../lib/gcc/arm-none-eabi/7.3.1/../../../../arm-none-eabi/lib\libc.a(lib_a-svfprintf.o)
                                                  build\kernel\components\finsh\finsh_ops.o
                                                  build\platform\uart.o
__aeabi_idiv0                                     c:/users/yaxing.chen/downloads/env_released_1.2.0/env/tools/gnu_gcc/arm_gcc/mingw/bin/../lib/gcc/arm-none-eabi/7.3.1\libgcc.a(_dvmd_tls.o)
                                                  c:/users/yaxing.chen/downloads/env_released_1.2.0/env/tools/gnu_gcc/arm_gcc/mingw/bin/../lib/gcc/arm-none-eabi/7.3.1\libgcc.a(_divsi3.o)
                                                  c:/users/yaxing.chen/downloads/env_released_1.2.0/env/tools/gnu_gcc/arm_gcc/mingw/bin/../lib/gcc/arm-none-eabi/7.3.1\libgcc.a(_udivsi3.o)
__aeabi_idivmod                                   c:/users/yaxing.chen/downloads/env_released_1.2.0/env/tools/gnu_gcc/arm_gcc/mingw/bin/../lib/gcc/arm-none-eabi/7.3.1\libgcc.a(_divsi3.o)
                                                  c:/users/yaxing.chen/downloads/env_released_1.2.0/env/tools/gnu_gcc/arm_gcc/mingw/bin/../lib/gcc/arm-none-eabi/7.3.1/../../../../arm-none-eabi/lib\libc.a(lib_a-svfprintf.o)
                                                  build\kernel\components\finsh\finsh_ops.o
__aeabi_l2d                                       c:/users/yaxing.chen/downloads/env_released_1.2.0/env/tools/gnu_gcc/arm_gcc/mingw/bin/../lib/gcc/arm-none-eabi/7.3.1\libgcc.a(_arm_addsubdf3.o)
__aeabi_ldiv0                                     c:/users/yaxing.chen/downloads/env_released_1.2.0/env/tools/gnu_gcc/arm_gcc/mingw/bin/../lib/gcc/arm-none-eabi/7.3.1\libgcc.a(_dvmd_tls.o)
                                                  c:/users/yaxing.chen/downloads/env_released_1.2.0/env/tools/gnu_gcc/arm_gcc/mingw/bin/../lib/gcc/arm-none-eabi/7.3.1\libgcc.a(_aeabi_uldivmod.o)
                                                  c:/users/yaxing.chen/downloads/env_released_1.2.0/env/tools/gnu_gcc/arm_gcc/mingw/bin/../lib/gcc/arm-none-eabi/7.3.1\libgcc.a(_aeabi_ldivmod.o)
__aeabi_ldivmod                                   c:/users/yaxing.chen/downloads/env_released_1.2.0/env/tools/gnu_gcc/arm_gcc/mingw/bin/../lib/gcc/arm-none-eabi/7.3.1\libgcc.a(_aeabi_ldivmod.o)
                                                  build\kernel\components\libc\compilers\common\time.o
__aeabi_ui2d                                      c:/users/yaxing.chen/downloads/env_released_1.2.0/env/tools/gnu_gcc/arm_gcc/mingw/bin/../lib/gcc/arm-none-eabi/7.3.1\libgcc.a(_arm_addsubdf3.o)
                                                  c:/users/yaxing.chen/downloads/env_released_1.2.0/env/tools/gnu_gcc/arm_gcc/mingw/bin/../lib/gcc/arm-none-eabi/7.3.1/../../../../arm-none-eabi/lib\libc.a(lib_a-dtoa.o)
__aeabi_uidiv                                     c:/users/yaxing.chen/downloads/env_released_1.2.0/env/tools/gnu_gcc/arm_gcc/mingw/bin/../lib/gcc/arm-none-eabi/7.3.1\libgcc.a(_udivsi3.o)
                                                  c:/users/yaxing.chen/downloads/env_released_1.2.0/env/tools/gnu_gcc/arm_gcc/mingw/bin/../lib/gcc/arm-none-eabi/7.3.1/../../../../arm-none-eabi/lib\libc.a(lib_a-dtoa.o)
                                                  build\kernel\components\finsh\finsh_ops.o
                                                  build\kernel\components\finsh\cmd.o
                                                  build\kernel\src\slab.o
                                                  build\kernel\src\mempool.o
                                                  build\kernel\src\ipc.o
__aeabi_uidivmod                                  c:/users/yaxing.chen/downloads/env_released_1.2.0/env/tools/gnu_gcc/arm_gcc/mingw/bin/../lib/gcc/arm-none-eabi/7.3.1\libgcc.a(_udivsi3.o)
                                                  c:/users/yaxing.chen/downloads/env_released_1.2.0/env/tools/gnu_gcc/arm_gcc/mingw/bin/../lib/gcc/arm-none-eabi/7.3.1/../../../../arm-none-eabi/lib\libc.a(lib_a-svfprintf.o)
                                                  c:/users/yaxing.chen/downloads/env_released_1.2.0/env/tools/gnu_gcc/arm_gcc/mingw/bin/../lib/gcc/arm-none-eabi/7.3.1/../../../../arm-none-eabi/lib\libc.a(lib_a-strtol.o)
                                                  build\kernel\components\finsh\finsh_ops.o
                                                  build\kernel\components\drivers\serial\serial.o
__aeabi_ul2d                                      c:/users/yaxing.chen/downloads/env_released_1.2.0/env/tools/gnu_gcc/arm_gcc/mingw/bin/../lib/gcc/arm-none-eabi/7.3.1\libgcc.a(_arm_addsubdf3.o)
__aeabi_uldivmod                                  c:/users/yaxing.chen/downloads/env_released_1.2.0/env/tools/gnu_gcc/arm_gcc/mingw/bin/../lib/gcc/arm-none-eabi/7.3.1\libgcc.a(_aeabi_uldivmod.o)
                                                  c:/users/yaxing.chen/downloads/env_released_1.2.0/env/tools/gnu_gcc/arm_gcc/mingw/bin/../lib/gcc/arm-none-eabi/7.3.1/../../../../arm-none-eabi/lib\libc.a(lib_a-svfiprintf.o)
                                                  c:/users/yaxing.chen/downloads/env_released_1.2.0/env/tools/gnu_gcc/arm_gcc/mingw/bin/../lib/gcc/arm-none-eabi/7.3.1/../../../../arm-none-eabi/lib\libc.a(lib_a-svfprintf.o)
                                                  build\kernel\components\libc\compilers\common\time.o
__any_on                                          c:/users/yaxing.chen/downloads/env_released_1.2.0/env/tools/gnu_gcc/arm_gcc/mingw/bin/../lib/gcc/arm-none-eabi/7.3.1/../../../../arm-none-eabi/lib\libc.a(lib_a-mprec.o)
__ascii_mbtowc                                    c:/users/yaxing.chen/downloads/env_released_1.2.0/env/tools/gnu_gcc/arm_gcc/mingw/bin/../lib/gcc/arm-none-eabi/7.3.1/../../../../arm-none-eabi/lib\libc.a(lib_a-mbtowc_r.o)
                                                  c:/users/yaxing.chen/downloads/env_released_1.2.0/env/tools/gnu_gcc/arm_gcc/mingw/bin/../lib/gcc/arm-none-eabi/7.3.1/../../../../arm-none-eabi/lib\libc.a(lib_a-locale.o)
__ascii_wctomb                                    c:/users/yaxing.chen/downloads/env_released_1.2.0/env/tools/gnu_gcc/arm_gcc/mingw/bin/../lib/gcc/arm-none-eabi/7.3.1/../../../../arm-none-eabi/lib\libc.a(lib_a-wctomb_r.o)
                                                  c:/users/yaxing.chen/downloads/env_released_1.2.0/env/tools/gnu_gcc/arm_gcc/mingw/bin/../lib/gcc/arm-none-eabi/7.3.1/../../../../arm-none-eabi/lib\libc.a(lib_a-locale.o)
__b2d                                             c:/users/yaxing.chen/downloads/env_released_1.2.0/env/tools/gnu_gcc/arm_gcc/mingw/bin/../lib/gcc/arm-none-eabi/7.3.1/../../../../arm-none-eabi/lib\libc.a(lib_a-mprec.o)
__bss_end                                         build\kernel\libcpu\arm\arm926\start_gcc.o