Archive member included to satisfy reference by file (symbol)

d:/rt-threadstudio2000/repo/extract/toolchain_support_packages/arm/gnu_tools_for_arm_embedded_processors/5.4.1/bin/../lib/gcc/arm-none-eabi/5.4.1/../../../../arm-none-eabi/lib\libc.a(lib_a-atoi.o)
                              ./rt-thread/components/finsh/finsh_token.o (atoi)
d:/rt-threadstudio2000/repo/extract/toolchain_support_packages/arm/gnu_tools_for_arm_embedded_processors/5.4.1/bin/../lib/gcc/arm-none-eabi/5.4.1/../../../../arm-none-eabi/lib\libc.a(lib_a-fclose.o)
                              ./rt-thread/components/libc/compilers/newlib/stdio.o (fclose)
d:/rt-threadstudio2000/repo/extract/toolchain_support_packages/arm/gnu_tools_for_arm_embedded_processors/5.4.1/bin/../lib/gcc/arm-none-eabi/5.4.1/../../../../arm-none-eabi/lib\libc.a(lib_a-fflush.o)
                              d:/rt-threadstudio2000/repo/extract/toolchain_support_packages/arm/gnu_tools_for_arm_embedded_processors/5.4.1/bin/../lib/gcc/arm-none-eabi/5.4.1/../../../../arm-none-eabi/lib\libc.a(lib_a-fclose.o) (__sflush_r)
d:/rt-threadstudio2000/repo/extract/toolchain_support_packages/arm/gnu_tools_for_arm_embedded_processors/5.4.1/bin/../lib/gcc/arm-none-eabi/5.4.1/../../../../arm-none-eabi/lib\libc.a(lib_a-fileno.o)
                              ./rt-thread/components/libc/compilers/newlib/stdio.o (fileno)
d:/rt-threadstudio2000/repo/extract/toolchain_support_packages/arm/gnu_tools_for_arm_embedded_processors/5.4.1/bin/../lib/gcc/arm-none-eabi/5.4.1/../../../../arm-none-eabi/lib\libc.a(lib_a-findfp.o)
                              d:/rt-threadstudio2000/repo/extract/toolchain_support_packages/arm/gnu_tools_for_arm_embedded_processors/5.4.1/bin/../lib/gcc/arm-none-eabi/5.4.1/../../../../arm-none-eabi/lib\libc.a(lib_a-fclose.o) (__sinit)
d:/rt-threadstudio2000/repo/extract/toolchain_support_packages/arm/gnu_tools_for_arm_embedded_processors/5.4.1/bin/../lib/gcc/arm-none-eabi/5.4.1/../../../../arm-none-eabi/lib\libc.a(lib_a-fopen.o)
                              ./rt-thread/components/libc/compilers/newlib/stdio.o (fopen)
d:/rt-threadstudio2000/repo/extract/toolchain_support_packages/arm/gnu_tools_for_arm_embedded_processors/5.4.1/bin/../lib/gcc/arm-none-eabi/5.4.1/../../../../arm-none-eabi/lib\libc.a(lib_a-fseek.o)
                              d:/rt-threadstudio2000/repo/extract/toolchain_support_packages/arm/gnu_tools_for_arm_embedded_processors/5.4.1/bin/../lib/gcc/arm-none-eabi/5.4.1/../../../../arm-none-eabi/lib\libc.a(lib_a-fopen.o) (_fseek_r)
d:/rt-threadstudio2000/repo/extract/toolchain_support_packages/arm/gnu_tools_for_arm_embedded_processors/5.4.1/bin/../lib/gcc/arm-none-eabi/5.4.1/../../../../arm-none-eabi/lib\libc.a(lib_a-fseeko.o)
                              d:/rt-threadstudio2000/repo/extract/toolchain_support_packages/arm/gnu_tools_for_arm_embedded_processors/5.4.1/bin/../lib/gcc/arm-none-eabi/5.4.1/../../../../arm-none-eabi/lib\libc.a(lib_a-fseek.o) (_fseeko_r)
d:/rt-threadstudio2000/repo/extract/toolchain_support_packages/arm/gnu_tools_for_arm_embedded_processors/5.4.1/bin/../lib/gcc/arm-none-eabi/5.4.1/../../../../arm-none-eabi/lib\libc.a(lib_a-fwalk.o)
                              d:/rt-threadstudio2000/repo/extract/toolchain_support_packages/arm/gnu_tools_for_arm_embedded_processors/5.4.1/bin/../lib/gcc/arm-none-eabi/5.4.1/../../../../arm-none-eabi/lib\libc.a(lib_a-findfp.o) (_fwalk)
d:/rt-threadstudio2000/repo/extract/toolchain_support_packages/arm/gnu_tools_for_arm_embedded_processors/5.4.1/bin/../lib/gcc/arm-none-eabi/5.4.1/../../../../arm-none-eabi/lib\libc.a(lib_a-impure.o)
                              ./rt-thread/components/libc/compilers/newlib/stdio.o (_global_impure_ptr)
d:/rt-threadstudio2000/repo/extract/toolchain_support_packages/arm/gnu_tools_for_arm_embedded_processors/5.4.1/bin/../lib/gcc/arm-none-eabi/5.4.1/../../../../arm-none-eabi/lib\libc.a(lib_a-makebuf.o)
                              d:/rt-threadstudio2000/repo/extract/toolchain_support_packages/arm/gnu_tools_for_arm_embedded_processors/5.4.1/bin/../lib/gcc/arm-none-eabi/5.4.1/../../../../arm-none-eabi/lib\libc.a(lib_a-fseeko.o) (__smakebuf_r)
d:/rt-threadstudio2000/repo/extract/toolchain_support_packages/arm/gnu_tools_for_arm_embedded_processors/5.4.1/bin/../lib/gcc/arm-none-eabi/5.4.1/../../../../arm-none-eabi/lib\libc.a(lib_a-memcmp.o)
                              ./rt-thread/components/finsh/shell.o (memcmp)
d:/rt-threadstudio2000/repo/extract/toolchain_support_packages/arm/gnu_tools_for_arm_embedded_processors/5.4.1/bin/../lib/gcc/arm-none-eabi/5.4.1/../../../../arm-none-eabi/lib\libc.a(lib_a-memcpy-stub.o)
                              ./rt-thread/components/finsh/cmd.o (memcpy)
d:/rt-threadstudio2000/repo/extract/toolchain_support_packages/arm/gnu_tools_for_arm_embedded_processors/5.4.1/bin/../lib/gcc/arm-none-eabi/5.4.1/../../../../arm-none-eabi/lib\libc.a(lib_a-memset.o)
[...]
Memory Configuration

Name             Origin             Length             Attributes
*default*        0x00000000         0xffffffff

Linker script and memory map

LOAD d:/rt-threadstudio2000/repo/extract/toolchain_support_packages/arm/gnu_tools_for_arm_embedded_processors/5.4.1/bin/../lib/gcc/arm-none-eabi/5.4.1/crti.o
LOAD d:/rt-threadstudio2000/repo/extract/toolchain_support_packages/arm/gnu_tools_for_arm_embedded_processors/5.4.1/bin/../lib/gcc/arm-none-eabi/5.4.1/crtbegin.o
LOAD d:/rt-threadstudio2000/repo/extract/toolchain_support_packages/arm/gnu_tools_for_arm_embedded_processors/5.4.1/bin/../lib/gcc/arm-none-eabi/5.4.1/../../../../arm-none-eabi/lib/crt0.o
LOAD ./rt-thread/src/clock.o
LOAD ./rt-thread/src/components.o
LOAD ./rt-thread/src/device.o
LOAD ./rt-thread/src/idle.o
LOAD ./rt-thread/src/ipc.o
LOAD ./rt-thread/src/irq.o
LOAD ./rt-thread/src/kservice.o
LOAD ./rt-thread/src/memheap.o
LOAD ./rt-thread/src/mempool.o
LOAD ./rt-thread/src/object.o
LOAD ./rt-thread/src/scheduler.o
LOAD ./rt-thread/src/slab.o
LOAD ./rt-thread/src/thread.o
LOAD ./rt-thread/src/timer.o
LOAD ./rt-thread/libcpu/arm/common/backtrace.o
LOAD ./rt-thread/libcpu/arm/common/div0.o
LOAD ./rt-thread/libcpu/arm/common/showmem.o
LOAD ./rt-thread/libcpu/arm/arm926/context_gcc.o
LOAD ./rt-thread/libcpu/arm/arm926/cpuport.o
LOAD ./rt-thread/libcpu/arm/arm926/machine.o
LOAD ./rt-thread/libcpu/arm/arm926/mmu.o
LOAD ./rt-thread/libcpu/arm/arm926/stack.o
LOAD ./rt-thread/libcpu/arm/arm926/start_gcc.o
LOAD ./rt-thread/libcpu/arm/arm926/trap.o
LOAD ./rt-thread/components/libc/compilers/newlib/libc.o
LOAD ./rt-thread/components/libc/compilers/newlib/libc_syms.o
LOAD ./rt-thread/components/libc/compilers/newlib/stdio.o
LOAD ./rt-thread/components/libc/compilers/newlib/syscalls.o
LOAD ./rt-thread/components/libc/compilers/common/time.o
LOAD ./rt-thread/components/finsh/cmd.o
LOAD ./rt-thread/components/finsh/finsh_compiler.o
LOAD ./rt-thread/components/finsh/finsh_error.o
LOAD ./rt-thread/components/finsh/finsh_heap.o
LOAD ./rt-thread/components/finsh/finsh_init.o
LOAD ./rt-thread/components/finsh/finsh_node.o
LOAD ./rt-thread/components/finsh/finsh_ops.o
LOAD ./rt-thread/components/finsh/finsh_parser.o
LOAD ./rt-thread/components/finsh/finsh_token.o
LOAD ./rt-thread/components/finsh/finsh_var.o
LOAD ./rt-thread/components/finsh/finsh_vm.o
LOAD ./rt-thread/components/finsh/shell.o
LOAD ./rt-thread/components/drivers/src/completion.o
LOAD ./rt-thread/components/drivers/src/dataqueue.o
LOAD ./rt-thread/components/drivers/src/pipe.o
LOAD ./rt-thread/components/drivers/src/ringblk_buf.o
LOAD ./rt-thread/components/drivers/src/ringbuffer.o
LOAD ./rt-thread/components/drivers/src/waitqueue.o
LOAD ./rt-thread/components/drivers/src/workqueue.o
LOAD ./rt-thread/components/drivers/serial/serial.o
LOAD ./platform/gpio.o
LOAD ./platform/interrupt.o
LOAD ./platform/reset.o
LOAD ./platform/rt_low_level_init.o
LOAD ./platform/system_clock.o
LOAD ./platform/timer0.o
LOAD ./platform/uart.o
LOAD ./drivers/board.o
LOAD ./drivers/led.o
LOAD ./drivers/usart.o
LOAD ./applications/application.o
LOAD d:/rt-threadstudio2000/repo/extract/toolchain_support_packages/arm/gnu_tools_for_arm_embedded_processors/5.4.1/bin/../lib/gcc/arm-none-eabi/5.4.1/../../../../arm-none-eabi/lib\libc.a
LOAD d:/rt-threadstudio2000/repo/extract/toolchain_support_packages/arm/gnu_tools_for_arm_embedded_processors/5.4.1/bin/../lib/gcc/arm-none-eabi/5.4.1/../../../../arm-none-eabi/lib\libm.a
START GROUP
LOAD d:/rt-threadstudio2000/repo/extract/toolchain_support_packages/arm/gnu_tools_for_arm_embedded_processors/5.4.1/bin/../lib/gcc/arm-none-eabi/5.4.1\libgcc.a
LOAD d:/rt-threadstudio2000/repo/extract/toolchain_support_packages/arm/gnu_tools_for_arm_embedded_processors/5.4.1/bin/../lib/gcc/arm-none-eabi/5.4.1/../../../../arm-none-eabi/lib\libc.a
END GROUP
LOAD d:/rt-threadstudio2000/repo/extract/toolchain_support_packages/arm/gnu_tools_for_arm_embedded_processors/5.4.1/bin/../lib/gcc/arm-none-eabi/5.4.1/crtend.o
LOAD d:/rt-threadstudio2000/repo/extract/toolchain_support_packages/arm/gnu_tools_for_arm_embedded_processors/5.4.1/bin/../lib/gcc/arm-none-eabi/5.4.1/crtn.o
                0x20000000                . = 0x20000000
                0x20000000                entry = .
                0x20000000                . = ALIGN (0x4)

.text           0x20000000    0x11938
 *(.init)
 .init          0x20000000        0xc d:/rt-threadstudio2000/repo/extract/toolchain_support_packages/arm/gnu_tools_for_arm_embedded_processors/5.4.1/bin/../lib/gcc/arm-none-eabi/5.4.1/crti.o
                0x20000000                _init
 *(.text)
 .text          0x2000000c       0xec ./rt-thread/src/clock.o
                0x2000000c                rt_tick_get
                0x2000001c                rt_tick_set
                0x2000003c                rt_tick_increase
                0x2000008c                rt_tick_from_millisecond
                0x200000e0                rt_tick_get_millisecond
 .text          0x200000f8      0x1ac ./rt-thread/src/components.o
                0x20000100                main_thread_entry
                0x20000164                rt_components_board_init
                0x200001ac                rt_components_init
                0x200001f4                rt_application_init
                0x20000264                rtthread_startup
 .text          0x200002a4      0x6e0 ./rt-thread/src/device.o
                0x200002a4                rt_device_register
                0x20000304                rt_device_unregister
                0x20000384                rt_device_init_all
                0x2000038c                rt_device_find
                0x20000394                rt_device_create
                0x200003cc                rt_device_destroy
                0x20000450                rt_device_init
                0x200004e4                rt_device_open
                0x20000624                rt_device_close
                0x200006e0                rt_device_read
                0x20000790                rt_device_write
                0x20000840                rt_device_control
                0x200008c0                rt_device_set_rx_indicate
                0x20000924                rt_device_set_tx_complete
 .text          0x20000984      0x1f8 ./rt-thread/src/idle.o
                0x20000984                rt_thread_idle_sethook
                0x200009d4                rt_thread_idle_delhook
                0x20000a24                rt_thread_idle_excute
                0x20000b08                rt_thread_idle_init
                0x20000b70                rt_thread_idle_gethandler
 .text          0x20000b7c     0x31ec ./rt-thread/src/ipc.o
                0x20000b7c                rt_ipc_get_highest_priority
                0x20000bac                rt_sem_init
                0x20000c28                rt_sem_detach
                0x20000cf0                rt_sem_create
                0x20000da4                rt_sem_delete
                0x20000ebc                rt_sem_take
                0x200010f4                rt_sem_trytake
                0x200010fc                rt_sem_release
                0x200011d0                rt_sem_control
                0x20001298                rt_mutex_init
                0x20001308                rt_mutex_detach
                0x200013d0                rt_mutex_create
                0x2000146c                rt_mutex_delete
                0x20001584                rt_mutex_take
                0x20001858                rt_mutex_release
                0x20001abc                rt_mutex_control
                0x20001b14                rt_event_init
                0x20001b74                rt_event_detach
                0x20001c40                rt_event_create
                0x20001cc8                rt_event_delete
                0x20001ddc                rt_event_send
                0x20001f3c                rt_event_recv
                0x20002218                rt_event_control
                0x200022e4                rt_mb_init
                0x20002368                rt_mb_detach
                0x20002474                rt_mb_create
                0x20002550                rt_mb_delete
                0x200026ac                rt_mb_send_wait
                0x2000299c                rt_mb_send
                0x200029a4                rt_mb_urgent
                0x20002aa4                rt_mb_recv
                0x20002dd4                rt_mb_control
                0x20002ee4                rt_mq_init
                0x20002fcc                rt_mq_detach
                0x200030d8                rt_mq_create
                0x2000321c                rt_mq_delete
                0x2000337c                rt_mq_send_wait
                0x200036f4                rt_mq_send
                0x200036fc                rt_mq_urgent
                0x20003884                rt_mq_recv
                0x20003c18                rt_mq_control
 .text          0x20003d68       0xc4 ./rt-thread/src/irq.o
                0x20003d68                rt_interrupt_enter_sethook
                0x20003d78                rt_interrupt_leave_sethook
                0x20003d88                rt_interrupt_enter
                0x20003dc8                rt_interrupt_leave
                0x20003e08                rt_interrupt_get_nest
 .text          0x20003e2c     0x12bc ./rt-thread/src/kservice.o
                0x20004040                rt_get_errno
                0x20004074                rt_set_errno
                0x200040ac                _rt_errno
                0x200040dc                rt_memset
                0x200041b0                rt_memcpy
                0x20004280                rt_memmove
                0x200042e0                rt_memcmp
                0x20004338                rt_strstr
                0x200043dc                rt_strcasecmp
                0x20004428                rt_strncpy
                0x20004470                rt_strncmp
                0x200044f8                rt_strcmp
                0x20004548                rt_strnlen
                0x20004588                rt_strlen
                0x200045b4                rt_strdup
                0x2000460c                rt_vsnprintf
                0x20004d84                rt_snprintf
                0x20004db4                rt_vsprintf
                0x20004dc4                rt_sprintf
                0x20004df8                rt_console_get_device
                0x20004e08                rt_console_set_device
                0x20004e68                rt_hw_console_output
                0x20004e6c                rt_kputs
                0x20004ed8                rt_kprintf
                0x20004f6c                rt_show_version
                0x20004fc4                rt_malloc_align
                0x2000500c                rt_free_align
                0x20005014                __rt_ffs
                0x2000507c                rt_assert_set_hook
                0x2000508c                rt_assert_handler
 .text          0x200050e8      0x660 ./rt-thread/src/object.o
                0x200050e8                rt_object_attach_sethook
                0x200050f8                rt_object_detach_sethook
                0x20005108                rt_object_trytake_sethook
                0x20005118                rt_object_take_sethook
                0x20005128                rt_object_put_sethook
                0x20005138                rt_object_get_information
                0x20005174                rt_object_get_length
                0x200051e0                rt_object_get_pointers
                0x2000528c                rt_object_init
                0x200053a8                rt_object_detach
                0x20005424                rt_object_allocate
                0x2000554c                rt_object_delete
                0x200055f8                rt_object_is_systemobject
                0x2000562c                rt_object_get_type
                0x20005664                rt_object_find
 .text          0x20005748      0x438 ./rt-thread/src/scheduler.o
                0x20005748                rt_scheduler_sethook
                0x20005758                rt_system_scheduler_init
                0x200057ac                rt_schedule_insert_thread
                0x20005860                rt_schedule_remove_thread
                0x200058e4                rt_system_scheduler_start
                0x20005934                rt_schedule
                0x20005af8                rt_enter_critical
                0x20005b1c                rt_exit_critical
                0x20005b70                rt_critical_level
 .text          0x20005b80      0xcb4 ./rt-thread/src/slab.o
                0x20005b80                list_mem
                0x20005bc4                rt_malloc_sethook
                0x20005bd4                rt_free_sethook
                0x20005be4                rt_page_alloc
                0x20005c8c                rt_page_free
                0x20005e18                rt_system_heap_init
                0x20005fc8                rt_malloc
                0x200063a4                rt_calloc
                0x200063d0                rt_free
                0x20006610                rt_realloc
                0x200067f8                rt_memory_info
 .text          0x20006834      0xb74 ./rt-thread/src/thread.o
                0x20006864                rt_thread_exit
                0x200068e8                rt_thread_timeout
                0x20006a9c                rt_thread_suspend_sethook
                0x20006aac                rt_thread_resume_sethook
                0x20006abc                rt_thread_inited_sethook
                0x20006acc                rt_thread_init
                0x20006b70                rt_thread_self
                0x20006b80                rt_thread_detach
                0x20006c88                rt_thread_create
                0x20006d0c                rt_thread_delete
                0x20006df4                rt_thread_yield
                0x20006e34                rt_thread_suspend
                0x20006f2c                rt_thread_sleep
                0x20006fe8                rt_thread_delay
                0x20006fec                rt_thread_mdelay
                0x20006ffc                rt_thread_delay_until
                0x20007110                rt_thread_resume
                0x200071dc                rt_thread_startup
                0x20007298                rt_thread_control
                0x200073a0                rt_thread_find
 .text          0x200073a8      0x924 ./rt-thread/src/timer.o
                0x200073a8                rt_timer_enter_sethook
                0x200073b8                rt_timer_exit_sethook
                0x200073c8                rt_timer_init
                0x20007440                rt_timer_detach
                0x200074f8                rt_timer_create
                0x2000754c                rt_timer_delete
                0x2000760c                rt_timer_start
                0x200077b0                rt_timer_stop
                0x2000786c                rt_timer_control
                0x2000793c                rt_timer_check
                0x20007a6c                rt_timer_next_timeout_tick
                0x20007a98                rt_soft_timer_check
                0x20007c48                rt_system_timer_init
                0x20007c60                rt_system_timer_thread_init
 .text          0x20007ccc       0x84 ./rt-thread/libcpu/arm/arm926/context_gcc.o
                0x20007ccc                rt_hw_interrupt_disable
                0x20007cdc                rt_hw_interrupt_enable
                0x20007ce4                rt_hw_context_switch
                0x20007d08                rt_hw_context_switch_to
                0x20007d18                rt_hw_context_switch_interrupt
 .text          0x20007d50      0x280 ./rt-thread/libcpu/arm/arm926/mmu.o
                0x20007d50                mmu_setttbase
                0x20007d6c                mmu_set_domain
                0x20007d74                mmu_enable
                0x20007d84                mmu_disable
                0x20007d94                mmu_enable_icache
                0x20007da4                mmu_enable_dcache
                0x20007db4                mmu_disable_icache
                0x20007dc4                mmu_disable_dcache
                0x20007dd4                mmu_enable_alignfault
                0x20007de4                mmu_disable_alignfault
                0x20007df4                mmu_clean_invalidated_cache_index
                0x20007dfc                mmu_clean_invalidated_dcache
                0x20007e20                mmu_clean_dcache
                0x20007e44                mmu_invalidate_dcache
                0x20007e68                mmu_invalidate_tlb
                0x20007e74                mmu_invalidate_icache
                0x20007e80                mmu_invalidate_dcache_all
                0x20007e8c                mmu_setmtt
                0x20007ee0                rt_hw_mmu_init
 .text          0x20007fd0       0x6c ./rt-thread/libcpu/arm/arm926/stack.o
                0x20007fd0                rt_hw_stack_init
 .text          0x2000803c        0x8 ./rt-thread/components/libc/compilers/newlib/libc.o
                0x2000803c                libc_system_init
 .text          0x20008044     0x1730 ./rt-thread/components/finsh/cmd.o
                0x20008044                hello
                0x200080c0                version
                0x2000818c                list_thread
                0x200083a0                list_sem
                0x2000852c                list_event
                0x20008694                list_mutex
                0x200087d4                list_mailbox
                0x2000896c                list_msgqueue
                0x20008af8                list_memheap
                0x20008c18                list_mempool
                0x20008da8                list_device
                0x20008ed8                list_timer
                0x20009020                list
                0x20009164                list_prefix
 .text          0x20009774     0x1768 ./rt-thread/components/finsh/finsh_compiler.o
                0x2000ae38                finsh_compiler_run
 .text          0x2000aedc       0x48 ./rt-thread/components/finsh/finsh_error.o
                0x2000aedc                finsh_error_init
                0x2000aef0                finsh_error_set
                0x2000af04                finsh_errno
                0x2000af14                finsh_error_string
 .text          0x2000af24      0x40c ./rt-thread/components/finsh/finsh_heap.o
                0x2000afa8                finsh_heap_init
                0x2000afe4                finsh_heap_free
                0x2000b134                finsh_heap_allocate
 .text          0x2000b330       0x64 ./rt-thread/components/finsh/finsh_init.o
                0x2000b330                finsh_init
                0x2000b350                finsh_stack_bottom
                0x2000b360                finsh_flush
                0x2000b378                finsh_reset
 .text          0x2000b394      0x37c ./rt-thread/components/finsh/finsh_node.o
                0x2000b394                finsh_node_init
                0x2000b3b4                finsh_node_allocate
                0x2000b408                finsh_node_new_id
                0x2000b4dc                finsh_node_new_char
                0x2000b540                finsh_node_new_int
                0x2000b5a4                finsh_node_new_long
                0x2000b608                finsh_node_new_string
                0x2000b6ac                finsh_node_new_ptr
 .text          0x2000b710      0xbd0 ./rt-thread/components/finsh/finsh_ops.o
                0x2000b710                OP_no_op
                0x2000b714                OP_add_byte
                0x2000b73c                OP_add_word
                0x2000b764                OP_add_dword
                0x2000b788                OP_sub_byte
                0x2000b7b0                OP_sub_word
                0x2000b7d8                OP_sub_dword
                0x2000b7fc                OP_div_byte
                0x2000b828                OP_div_word
                0x2000b854                OP_div_dword
                0x2000b87c                OP_mod_byte
                0x2000b8a8                OP_mod_word
                0x2000b8d4                OP_mod_dword
                0x2000b8fc                OP_mul_byte
                0x2000b924                OP_mul_word
                0x2000b94c                OP_mul_dword
                0x2000b974                OP_and_byte
                0x2000b99c                OP_and_word
                0x2000b9c4                OP_and_dword
                0x2000b9ec                OP_or_byte
                0x2000ba14                OP_or_word
                0x2000ba3c                OP_or_dword
                0x2000ba64                OP_xor_byte
                0x2000ba8c                OP_xor_word
                0x2000bab4                OP_xor_dword
                0x2000badc                OP_bw_byte
                0x2000baf8                OP_bw_word
                0x2000bb14                OP_bw_dword
                0x2000bb30                OP_shl_byte
                0x2000bb58                OP_shl_word
                0x2000bb80                OP_shl_dword
                0x2000bba4                OP_shr_byte
                0x2000bbcc                OP_shr_word
                0x2000bbf4                OP_shr_dword
                0x2000bc18                OP_ld_byte
                0x2000bc44                OP_ld_word
                0x2000bc80                OP_ld_dword
                0x2000bccc                OP_ld_value_byte
                0x2000bd1c                OP_ld_value_byte_stack
                0x2000bd38                OP_ld_value_word
                0x2000bd88                OP_ld_value_word_stack
                0x2000bda4                OP_ld_value_dword
                0x2000bdf4                OP_ld_value_dword_stack
                0x2000be10                OP_st_byte
                0x2000be38                OP_st_word
                0x2000be5c                OP_st_dword
                0x2000be80                OP_pop
                0x2000be98                OP_call
 .text          0x2000c2e0      0xe34 ./rt-thread/components/finsh/finsh_parser.o
                0x2000cfa8                finsh_parser_run
                0x2000d0fc                finsh_parser_init
 .text          0x2000d114      0xd08 ./rt-thread/components/finsh/finsh_token.o
                0x2000d178                finsh_token_init
                0x2000d198                finsh_token_get_token
                0x2000d1ac                token_get_string
                0x2000d284                finsh_token_token
 .text          0x2000de1c      0x25c ./rt-thread/components/finsh/finsh_var.o
                0x2000de1c                finsh_var_init
                0x2000de3c                finsh_var_insert
                0x2000ded0                finsh_var_delete
                0x2000df30                finsh_var_lookup
                0x2000df7c                finsh_sysvar_append
                0x2000dfd4                finsh_sysvar_lookup
 .text          0x2000e078      0x150 ./rt-thread/components/finsh/finsh_vm.o
                0x2000e078                finsh_vm_run
                0x2000e0d4                finsh_syscall_append
                0x2000e124                finsh_syscall_lookup
 .text          0x2000e1c8      0xd64 ./rt-thread/components/finsh/shell.o
                0x2000e20c                finsh_system_init
                0x2000e310                finsh_set_prompt
                0x2000e36c                finsh_get_prompt
                0x2000e41c                finsh_get_prompt_mode
                0x2000e464                finsh_set_prompt_mode
                0x2000e4b8                finsh_set_device
                0x2000e5a0                finsh_get_device
                0x2000e5e4                finsh_set_echo
                0x2000e638                finsh_get_echo
                0x2000e680                finsh_run_line
                0x2000e79c                finsh_thread_entry
                0x2000ef08                finsh_system_function_init
                0x2000ef18                finsh_system_var_init
 .text          0x2000ef2c      0x210 ./rt-thread/components/drivers/src/completion.o
                0x2000ef2c                rt_completion_init
                0x2000ef74                rt_completion_wait
                0x2000f0c8                rt_completion_done
 .text          0x2000f13c      0x8c0 ./rt-thread/components/drivers/src/dataqueue.o
                0x2000f13c                rt_data_queue_init
                0x2000f204                rt_data_queue_push
                0x2000f43c                rt_data_queue_peek
                0x2000f4ec                rt_data_queue_reset
                0x2000f604                rt_data_queue_deinit
                0x2000f684                rt_data_queue_len
                0x2000f734                rt_data_queue_pop
 .text          0x2000f9fc     0x1160 ./rt-thread/components/drivers/serial/serial.o
                0x20010718                rt_hw_serial_register
                0x200107d0                rt_hw_serial_isr
 .text          0x20010b5c       0xa0 ./platform/gpio.o
                0x20010b5c                HW_SetPinMux
                0x20010b80                HW_GpioSetDir
                0x20010bb4                HW_GpioSetVal
                0x20010bd8                HW_GpioClrVal
 .text          0x20010bfc      0x2bc ./platform/interrupt.o
                0x20010bfc                rt_hw_interrupt_handle
                0x20010c18                list_irq
                0x20010c90                rt_hw_interrupt_init
                0x20010d8c                rt_hw_interrupt_mask
                0x20010db4                rt_hw_interrupt_umask
                0x20010ddc                rt_hw_interrupt_install
                0x20010e48                rt_hw_interrupt_get_active
                0x20010e5c                rt_hw_interrupt_ack
 .text          0x20010eb8       0x8c ./platform/timer0.o
                0x20010eb8                hw_timer0_init
 .text          0x20010f44       0xec ./platform/uart.o
                0x20010f44                Hw_UartDisable
                0x20010f5c                Hw_UartEnable
                0x20010f7c                Hw_UartReset
                0x20010f8c                Hw_UartConfig
                0x20010ff8                Hw_UartInit
 .text          0x20011030       0x7c ./drivers/board.o
                0x20011058                rt_hw_board_init
 .text          0x200110ac       0x54 ./drivers/led.o
                0x200110ac                led_init
                0x200110e8                led_on
                0x200110f4                led_off
 .text          0x20011100      0x28c ./drivers/usart.o
                0x20011140                rt_asm_usart_handler
                0x20011264                asm_usart_gpio_init
                0x200112a0                rt_hw_uart_init
                0x20011348                asm_serial_config_set_default
 .text          0x2001138c       0x3c ./applications/application.o
                0x2001138c                rt_led_thread_entry
 .text          0x200113c8      0x224 d:/rt-threadstudio2000/repo/extract/toolchain_support_packages/arm/gnu_tools_for_arm_embedded_processors/5.4.1/bin/../lib/gcc/arm-none-eabi/5.4.1/../../../../arm-none-eabi/lib\libc.a(lib_a-strcmp.o)
                0x200113c8                strcmp
 .text          0x200115ec      0x114 d:/rt-threadstudio2000/repo/extract/toolchain_support_packages/arm/gnu_tools_for_arm_embedded_processors/5.4.1/bin/../lib/gcc/arm-none-eabi/5.4.1\libgcc.a(_udivsi3.o)
                0x200115ec                __aeabi_uidiv
                0x200115ec                __udivsi3
                0x200116e0                __aeabi_uidivmod
 .text          0x20011700      0x148 d:/rt-threadstudio2000/repo/extract/toolchain_support_packages/arm/gnu_tools_for_arm_embedded_processors/5.4.1/bin/../lib/gcc/arm-none-eabi/5.4.1\libgcc.a(_divsi3.o)
                0x20011700                __divsi3
                0x20011700                __aeabi_idiv
                0x20011828                __aeabi_idivmod
 .text          0x20011848        0x4 d:/rt-threadstudio2000/repo/extract/toolchain_support_packages/arm/gnu_tools_for_arm_embedded_processors/5.4.1/bin/../lib/gcc/arm-none-eabi/5.4.1\libgcc.a(_dvmd_tls.o)
                0x20011848                __aeabi_idiv0
                0x20011848                __aeabi_ldiv0
 *(.gnu.linkonce.t*)
                0x2001184c                . = ALIGN (0x4)
                0x2001184c                __fsymtab_start = .
 *(FSymTab)
 FSymTab        0x2001184c        0xc ./rt-thread/src/slab.o
                0x2001184c                __fsym_list_mem
 FSymTab        0x20011858       0xa8 ./rt-thread/components/finsh/cmd.o
                0x20011858                __fsym_list
                0x20011864                __fsym_list_device
                0x20011870                __fsym_list_timer
                0x2001187c                __fsym_list_mempool
                0x20011888                __fsym_list_memheap
                0x20011894                __fsym_list_msgqueue
                0x200118a0                __fsym_list_mailbox
                0x200118ac                __fsym_list_mutex
                0x200118b8                __fsym_list_event
                0x200118c4                __fsym_list_sem
                0x200118d0                __fsym_list_thread
                0x200118dc                __fsym_version
                0x200118e8                __fsym_clear
                0x200118f4                __fsym_hello
 FSymTab        0x20011900        0xc ./platform/interrupt.o
                0x20011900                __fsym_list_irq
                0x2001190c                __fsymtab_end = .
                0x2001190c                . = ALIGN (0x4)
                0x2001190c                __vsymtab_start = .
 *(VSymTab)
 VSymTab        0x2001190c       0x10 ./rt-thread/components/finsh/cmd.o
                0x2001190c                __vsym_dummy
                0x2001191c                __vsymtab_end = .
                0x2001191c                . = ALIGN (0x4)
                0x2001191c                . = ALIGN (0x4)
                0x2001191c                __rt_init_start = .
 *(SORT(.rti_fn*))
 .rti_fn.0      0x2001191c        0x4 ./rt-thread/src/components.o
                0x2001191c                __rt_init_rti_start
 .rti_fn.0.end  0x20011920        0x4 ./rt-thread/src/components.o
                0x20011920                __rt_init_rti_board_start
 .rti_fn.1      0x20011924        0x4 ./drivers/usart.o
                0x20011924                __rt_init_rt_hw_uart_init
 .rti_fn.1.end  0x20011928        0x4 ./rt-thread/src/components.o
                0x20011928                __rt_init_rti_board_end
 .rti_fn.4      0x2001192c        0x4 ./rt-thread/components/libc/compilers/newlib/libc.o
                0x2001192c                __rt_init_libc_system_init
 .rti_fn.6      0x20011930        0x4 ./rt-thread/components/finsh/shell.o
                0x20011930                __rt_init_finsh_system_init
 .rti_fn.6.end  0x20011934        0x4 ./rt-thread/src/components.o
                0x20011934                __rt_init_rti_end
                0x20011938                __rt_init_end = .
                0x20011938                . = ALIGN (0x4)
                0x20011938                . = ALIGN (0x4)
                0x20011938                __rtmsymtab_start = .
 *(RTMSymTab)
                0x20011938                __rtmsymtab_end = .

.glue_7         0x20011938        0x0
 .glue_7        0x20011938        0x0 linker stubs

.glue_7t        0x20011938        0x0
 .glue_7t       0x20011938        0x0 linker stubs

.vfp11_veneer   0x20011938        0x0
 .vfp11_veneer  0x20011938        0x0 linker stubs

.v4_bx          0x20011938        0x0
 .v4_bx         0x20011938        0x0 linker stubs

.fini           0x20011938        0xc
 .fini          0x20011938        0xc d:/rt-threadstudio2000/repo/extract/toolchain_support_packages/arm/gnu_tools_for_arm_embedded_processors/5.4.1/bin/../lib/gcc/arm-none-eabi/5.4.1/crti.o
                0x20011938                _fini

.iplt           0x20011944        0x0
 .iplt          0x20011944        0x0 d:/rt-threadstudio2000/repo/extract/toolchain_support_packages/arm/gnu_tools_for_arm_embedded_processors/5.4.1/bin/../lib/gcc/arm-none-eabi/5.4.1/crtbegin.o

.text.startup   0x20011944       0x48
 .text.startup  0x20011944       0x48 ./applications/application.o
                0x20011944                main

.text.atoi      0x2001198c       0x18
 .text.atoi     0x2001198c       0x18 d:/rt-threadstudio2000/repo/extract/toolchain_support_packages/arm/gnu_tools_for_arm_embedded_processors/5.4.1/bin/../lib/gcc/arm-none-eabi/5.4.1/../../../../arm-none-eabi/lib\libc.a(lib_a-atoi.o)
                0x2001198c                atoi

.text.memcmp    0x200119a4       0xb0
 .text.memcmp   0x200119a4       0xb0 d:/rt-threadstudio2000/repo/extract/toolchain_support_packages/arm/gnu_tools_for_arm_embedded_processors/5.4.1/bin/../lib/gcc/arm-none-eabi/5.4.1/../../../../arm-none-eabi/lib\libc.a(lib_a-memcmp.o)
                0x200119a4                memcmp

.text.memcpy    0x20011a54       0xf0
 .text.memcpy   0x20011a54       0xf0 d:/rt-threadstudio2000/repo/extract/toolchain_support_packages/arm/gnu_tools_for_arm_embedded_processors/5.4.1/bin/../lib/gcc/arm-none-eabi/5.4.1/../../../../arm-none-eabi/lib\libc.a(lib_a-memcpy-stub.o)
                0x20011a54                memcpy

.text.memset    0x20011b44       0xf4
 .text.memset   0x20011b44       0xf4 d:/rt-threadstudio2000/repo/extract/toolchain_support_packages/arm/gnu_tools_for_arm_embedded_processors/5.4.1/bin/../lib/gcc/arm-none-eabi/5.4.1/../../../../arm-none-eabi/lib\libc.a(lib_a-memset.o)
                0x20011b44                memset

.text.strcpy    0x20011c38       0xf0
 .text.strcpy   0x20011c38       0xf0 d:/rt-threadstudio2000/repo/extract/toolchain_support_packages/arm/gnu_tools_for_arm_embedded_processors/5.4.1/bin/../lib/gcc/arm-none-eabi/5.4.1/../../../../arm-none-eabi/lib\libc.a(lib_a-strcpy.o)
                0x20011c38                strcpy

.text.strlen    0x20011d28       0x60
 .text.strlen   0x20011d28       0x60 d:/rt-threadstudio2000/repo/extract/toolchain_support_packages/arm/gnu_tools_for_arm_embedded_processors/5.4.1/bin/../lib/gcc/arm-none-eabi/5.4.1/../../../../arm-none-eabi/lib\libc.a(lib_a-strlen-stub.o)
                0x20011d28                strlen

.text.strncmp   0x20011d88      0x124
 .text.strncmp  0x20011d88      0x124 d:/rt-threadstudio2000/repo/extract/toolchain_support_packages/arm/gnu_tools_for_arm_embedded_processors/5.4.1/bin/../lib/gcc/arm-none-eabi/5.4.1/../../../../arm-none-eabi/lib\libc.a(lib_a-strncmp.o)
                0x20011d88                strncmp

.text.strncpy   0x20011eac       0xe4
 .text.strncpy  0x20011eac       0xe4 d:/rt-threadstudio2000/repo/extract/toolchain_support_packages/arm/gnu_tools_for_arm_embedded_processors/5.4.1/bin/../lib/gcc/arm-none-eabi/5.4.1/../../../../arm-none-eabi/lib\libc.a(lib_a-strncpy.o)
                0x20011eac                strncpy

.text._strtol_l.isra.0
                0x20011f90      0x1d0
 .text._strtol_l.isra.0
                0x20011f90      0x1d0 d:/rt-threadstudio2000/repo/extract/toolchain_support_packages/arm/gnu_tools_for_arm_embedded_processors/5.4.1/bin/../lib/gcc/arm-none-eabi/5.4.1/../../../../arm-none-eabi/lib\libc.a(lib_a-strtol.o)

.text.strtol    0x20012160       0x4c
 .text.strtol   0x20012160       0x4c d:/rt-threadstudio2000/repo/extract/toolchain_support_packages/arm/gnu_tools_for_arm_embedded_processors/5.4.1/bin/../lib/gcc/arm-none-eabi/5.4.1/../../../../arm-none-eabi/lib\libc.a(lib_a-strtol.o)
                0x20012160                strtol

.text.__locale_ctype_ptr_l
                0x200121ac        0x8
 .text.__locale_ctype_ptr_l
                0x200121ac        0x8 d:/rt-threadstudio2000/repo/extract/toolchain_support_packages/arm/gnu_tools_for_arm_embedded_processors/5.4.1/bin/../lib/gcc/arm-none-eabi/5.4.1/../../../../arm-none-eabi/lib\libc.a(lib_a-locale.o)
                0x200121ac                __locale_ctype_ptr_l

.text.__ascii_mbtowc
                0x200121b4       0x4c
 .text.__ascii_mbtowc
                0x200121b4       0x4c d:/rt-threadstudio2000/repo/extract/toolchain_support_packages/arm/gnu_tools_for_arm_embedded_processors/5.4.1/bin/../lib/gcc/arm-none-eabi/5.4.1/../../../../arm-none-eabi/lib\libc.a(lib_a-mbtowc_r.o)
                0x200121b4                __ascii_mbtowc

.text.__ascii_wctomb
                0x20012200       0x28
 .text.__ascii_wctomb
                0x20012200       0x28 d:/rt-threadstudio2000/repo/extract/toolchain_support_packages/arm/gnu_tools_for_arm_embedded_processors/5.4.1/bin/../lib/gcc/arm-none-eabi/5.4.1/../../../../arm-none-eabi/lib\libc.a(lib_a-wctomb_r.o)
                0x20012200                __ascii_wctomb
                0x20012228                . = ALIGN (0x4)

.rodata         0x20012228     0x2545
 *(.rodata)
 .rodata        0x20012228       0x14 ./rt-thread/src/components.o
 .rodata        0x2001223c       0xc6 ./rt-thread/src/device.o
 *fill*         0x20012302        0x2 
 .rodata        0x20012304       0x16 ./rt-thread/src/idle.o
 *fill*         0x2001231a        0x2 
 .rodata        0x2001231c      0x242 ./rt-thread/src/ipc.o
 *fill*         0x2001255e        0x2 
 .rodata        0x20012560      0x128 ./rt-thread/src/kservice.o
                0x20012588                __lowest_bit_bitmap
 .rodata        0x20012688       0x8b ./rt-thread/src/object.o
 *fill*         0x20012713        0x1 
 .rodata        0x20012714       0x36 ./rt-thread/src/scheduler.o
 *fill*         0x2001274a        0x2 
 .rodata        0x2001274c       0x53 ./rt-thread/src/slab.o
 *fill*         0x2001279f        0x1 
 .rodata        0x200127a0       0xd2 ./rt-thread/src/thread.o
 *fill*         0x20012872        0x2 
 .rodata        0x20012874       0x61 ./rt-thread/src/timer.o
 *fill*         0x200128d5        0x3 
 .rodata        0x200128d8       0x5c ./rt-thread/components/finsh/cmd.o
 .rodata        0x20012934       0x3c ./rt-thread/components/finsh/finsh_error.o
 .rodata        0x20012970       0xc4 ./rt-thread/components/finsh/finsh_ops.o
                0x20012970                op_table
 .rodata        0x20012a34       0x40 ./rt-thread/components/finsh/finsh_token.o
 .rodata        0x20012a74       0x96 ./rt-thread/components/finsh/shell.o
 *fill*         0x20012b0a        0x2 
 .rodata        0x20012b0c       0x3b ./rt-thread/components/drivers/src/completion.o
 *fill*         0x20012b47        0x1 
 .rodata        0x20012b48       0x8e ./rt-thread/components/drivers/src/dataqueue.o
 *fill*         0x20012bd6        0x2 
 .rodata        0x20012bd8      0x11d ./rt-thread/components/drivers/serial/serial.o
 *fill*         0x20012cf5        0x3 
 .rodata        0x20012cf8       0x40 ./platform/interrupt.o
 .rodata        0x20012d38        0xc ./platform/uart.o
 .rodata        0x20012d44       0x3c ./drivers/usart.o
 *(.rodata.*)
 .rodata.str1.4
                0x20012d80       0x17 ./rt-thread/src/components.o
 *fill*         0x20012d97        0x1 
 .rodata.str1.4
                0x20012d98       0xf4 ./rt-thread/src/device.o
 .rodata.str1.4
                0x20012e8c       0x30 ./rt-thread/src/idle.o
                                 0x34 (size before relaxing)
 .rodata.str1.4
                0x20012ebc      0x44a ./rt-thread/src/ipc.o
                                0x476 (size before relaxing)
 *fill*         0x20013306        0x2 
 .rodata.str1.4
                0x20013308       0xc7 ./rt-thread/src/kservice.o
 *fill*         0x200133cf        0x1 
 .rodata.str1.4
                0x200133d0       0x65 ./rt-thread/src/object.o
                                 0x91 (size before relaxing)
 *fill*         0x20013435        0x3 
 .rodata.str1.4
                0x20013438       0x65 ./rt-thread/src/scheduler.o
 *fill*         0x2001349d        0x3 
 .rodata.name   0x200134a0       0x29 ./rt-thread/src/slab.o
                0x200134a0                __fsym_list_mem_desc
                0x200134c0                __fsym_list_mem_name
 *fill*         0x200134c9        0x3 
 .rodata.str1.4
                0x200134cc      0x13c ./rt-thread/src/slab.o
                                0x168 (size before relaxing)
 .rodata.str1.4
                0x20013608      0x18b ./rt-thread/src/thread.o
                                0x19f (size before relaxing)
 *fill*         0x20013793        0x1 
 .rodata.str1.4
                0x20013794       0xde ./rt-thread/src/timer.o
 *fill*         0x20013872        0x2 
 .rodata.name   0x20013874      0x22e ./rt-thread/components/finsh/cmd.o
                0x20013874                __vsym_dummy_desc
                0x20013890                __vsym_dummy_name
                0x20013898                __fsym_list_desc
                0x200138b4                __fsym_list_name
                0x200138bc                __fsym_list_device_desc
                0x200138d4                __fsym_list_device_name
                0x200138e0                __fsym_list_timer_desc
                0x200138f8                __fsym_list_timer_name
                0x20013904                __fsym_list_mempool_desc
                0x20013920                __fsym_list_mempool_name
                0x20013930                __fsym_list_memheap_desc
                0x2001394c                __fsym_list_memheap_name
                0x2001395c                __fsym_list_msgqueue_desc
                0x2001397c                __fsym_list_msgqueue_name
                0x2001398c                __fsym_list_mailbox_desc
                0x200139a4                __fsym_list_mailbox_name
                0x200139b4                __fsym_list_mutex_desc
                0x200139cc                __fsym_list_mutex_name
                0x200139d8                __fsym_list_event_desc
                0x200139f0                __fsym_list_event_name
                0x200139fc                __fsym_list_sem_desc
                0x20013a18                __fsym_list_sem_name
                0x20013a24                __fsym_list_thread_desc
                0x20013a30                __fsym_list_thread_name
                0x20013a3c                __fsym_version_desc
                0x20013a60                __fsym_version_name
                0x20013a68                __fsym_clear_desc
                0x20013a84                __fsym_clear_name
                0x20013a8c                __fsym_hello_desc
                0x20013a9c                __fsym_hello_name
 *fill*         0x20013aa2        0x2 
 .rodata.str1.4
                0x20013aa4      0x6ff ./rt-thread/components/finsh/cmd.o
                                0x70b (size before relaxing)
 *fill*         0x200141a3        0x1 
 .rodata.str1.4
                0x200141a4       0xf2 ./rt-thread/components/finsh/finsh_error.o
 *fill*         0x20014296        0x2 
 .rodata.str1.4
                0x20014298       0x35 ./rt-thread/components/finsh/finsh_token.o
                                 0x3d (size before relaxing)
 *fill*         0x200142cd        0x3 
 .rodata.str1.4
                0x200142d0       0xac ./rt-thread/components/finsh/shell.o
                                 0xb7 (size before relaxing)
 .rodata.str1.4
                0x2001437c       0x47 ./rt-thread/components/drivers/src/completion.o
                                 0x72 (size before relaxing)
 *fill*         0x200143c3        0x1 
 .rodata.str1.4
                0x200143c4       0x64 ./rt-thread/components/drivers/src/dataqueue.o
                                 0x90 (size before relaxing)
 .rodata.str1.4
                0x20014428      0x192 ./rt-thread/components/drivers/serial/serial.o
                                0x1a2 (size before relaxing)
 *fill*         0x200145ba        0x2 
 .rodata.name   0x200145bc       0x19 ./platform/interrupt.o
                0x200145bc                __fsym_list_irq_desc
                0x200145cc                __fsym_list_irq_name
 *fill*         0x200145d5        0x3 
 .rodata.str1.4
                0x200145d8       0x56 ./platform/interrupt.o
                                 0x5b (size before relaxing)
 *fill*         0x2001462e        0x2 
 .rodata.str1.4
                0x20014630       0x10 ./drivers/board.o
 .rodata.str1.4
                0x20014640       0x16 ./drivers/usart.o
                                 0x32 (size before relaxing)
 *fill*         0x20014656        0x2 
 .rodata.str1.4
                0x20014658        0x4 ./applications/application.o
 .rodata.str1.4
                0x2001465c       0x10 d:/rt-threadstudio2000/repo/extract/toolchain_support_packages/arm/gnu_tools_for_arm_embedded_processors/5.4.1/bin/../lib/gcc/arm-none-eabi/5.4.1/../../../../arm-none-eabi/lib\libc.a(lib_a-locale.o)
                                 0x12 (size before relaxing)
 .rodata._ctype_
                0x2001466c      0x101 d:/rt-threadstudio2000/repo/extract/toolchain_support_packages/arm/gnu_tools_for_arm_embedded_processors/5.4.1/bin/../lib/gcc/arm-none-eabi/5.4.1/../../../../arm-none-eabi/lib\libc.a(lib_a-ctype_.o)
                0x2001466c                _ctype_
 *(.gnu.linkonce.r*)
 *(.eh_frame)

.rel.dyn        0x20014770        0x0
 .rel.iplt      0x20014770        0x0 d:/rt-threadstudio2000/repo/extract/toolchain_support_packages/arm/gnu_tools_for_arm_embedded_processors/5.4.1/bin/../lib/gcc/arm-none-eabi/5.4.1/crtbegin.o
                0x20014770                . = ALIGN (0x4)

.ctors          0x20014770        0x0
                [!provide]                PROVIDE (__ctors_start__, .)
 *(SORT(.ctors.*))
 *(.ctors)
                [!provide]                PROVIDE (__ctors_end__, .)

.dtors          0x20014770        0x0
                [!provide]                PROVIDE (__dtors_start__, .)
 *(SORT(.dtors.*))
 *(.dtors)
                [!provide]                PROVIDE (__dtors_end__, .)
                0x20014770                . = ALIGN (0x4)

.data           0x20014770      0x6a8
 *(.data)
 .data          0x20014770       0xa0 ./rt-thread/src/object.o
 .data          0x20014810        0x1 ./rt-thread/src/timer.o
 *fill*         0x20014811        0x3 
 .data          0x20014814       0x60 ./drivers/board.o
 .data          0x20014874        0x8 ./drivers/usart.o
                0x20014874                uart3
 *(.data.*)
 *fill*         0x2001487c        0x4 
 .data.impure_data
                0x20014880      0x428 d:/rt-threadstudio2000/repo/extract/toolchain_support_packages/arm/gnu_tools_for_arm_embedded_processors/5.4.1/bin/../lib/gcc/arm-none-eabi/5.4.1/../../../../arm-none-eabi/lib\libc.a(lib_a-impure.o)
 .data._impure_ptr
                0x20014ca8        0x4 d:/rt-threadstudio2000/repo/extract/toolchain_support_packages/arm/gnu_tools_for_arm_embedded_processors/5.4.1/bin/../lib/gcc/arm-none-eabi/5.4.1/../../../../arm-none-eabi/lib\libc.a(lib_a-impure.o)
                0x20014ca8                _impure_ptr
 .data.__global_locale
                0x20014cac      0x16c d:/rt-threadstudio2000/repo/extract/toolchain_support_packages/arm/gnu_tools_for_arm_embedded_processors/5.4.1/bin/../lib/gcc/arm-none-eabi/5.4.1/../../../../arm-none-eabi/lib\libc.a(lib_a-locale.o)
                0x20014cac                __global_locale
 *(.gnu.linkonce.d*)

.igot.plt       0x20014e18        0x0
 .igot.plt      0x20014e18        0x0 d:/rt-threadstudio2000/repo/extract/toolchain_support_packages/arm/gnu_tools_for_arm_embedded_processors/5.4.1/bin/../lib/gcc/arm-none-eabi/5.4.1/crtbegin.o
                0x20014e18                . = ALIGN (0x4)

.nobss
 *(.nobss)
                0x20014e18                . = ALIGN (0x4)
                0x20014e18                __bss_start__ = .

.bss            0x20018000     0x8b48
 *(.bss)
 .bss           0x20018000        0x4 ./rt-thread/src/clock.o
 .bss           0x20018004      0x190 ./rt-thread/src/idle.o
 .bss           0x20018194        0x9 ./rt-thread/src/irq.o
                0x2001819c                rt_interrupt_nest
 *fill*         0x2001819d        0x3 
 .bss           0x200181a0       0x88 ./rt-thread/src/kservice.o
 .bss           0x20018228        0x8 ./rt-thread/src/object.o
 .bss           0x20018230        0xc ./rt-thread/src/scheduler.o
                0x20018238                rt_current_thread
 .bss           0x2001823c      0x174 ./rt-thread/src/slab.o
 .bss           0x200183b0        0xc ./rt-thread/src/thread.o
 .bss           0x200183bc      0x29c ./rt-thread/src/timer.o
 *fill*         0x20018658     0x39a8 
 .bss           0x2001c000     0x4000 ./rt-thread/libcpu/arm/arm926/mmu.o
 .bss           0x20020000        0x4 ./rt-thread/components/finsh/cmd.o
 .bss           0x20020004        0x8 ./rt-thread/components/finsh/finsh_heap.o
 .bss           0x2002000c        0x4 ./rt-thread/components/finsh/finsh_vm.o
                0x2002000c                global_syscall_list
 .bss           0x20020010       0x95 ./rt-thread/components/finsh/shell.o
                0x20020010                _syscall_table_begin
                0x20020014                _syscall_table_end
                0x20020018                _sysvar_table_begin
                0x2002001c                _sysvar_table_end
 *fill*         0x200200a5        0x3 
 .bss           0x200200a8        0x4 ./rt-thread/components/drivers/serial/serial.o
 .bss           0x200200ac       0x54 ./drivers/usart.o
 COMMON         0x20020100        0x4 ./rt-thread/src/kservice.o
                0x20020100                rt_assert_hook
 COMMON         0x20020104        0xc ./rt-thread/src/object.o
                0x20020104                rt_object_put_hook
                0x20020108                rt_object_take_hook
                0x2002010c                rt_object_trytake_hook
 COMMON         0x20020110      0x110 ./rt-thread/src/scheduler.o
                0x20020110                rt_thread_priority_table
                0x20020210                rt_current_priority
                0x20020214                rt_thread_ready_priority_group
                0x20020218                rt_thread_defunct
 COMMON         0x20020220        0x8 ./rt-thread/components/finsh/finsh_compiler.o
                0x20020220                finsh_compile_pc
                0x20020224                finsh_compile_sp
 COMMON         0x20020228        0x1 ./rt-thread/components/finsh/finsh_error.o
                0x20020228                global_errno
 *fill*         0x20020229        0x3 
 COMMON         0x2002022c       0x80 ./rt-thread/components/finsh/finsh_heap.o
                0x2002022c                finsh_heap
 COMMON         0x200202ac      0x140 ./rt-thread/components/finsh/finsh_node.o
                0x200202ac                global_node_table
 COMMON         0x200203ec       0xc4 ./rt-thread/components/finsh/finsh_var.o
                0x200203ec                global_sysvar_list
                0x200203f0                global_variable
 COMMON         0x200204b0      0x188 ./rt-thread/components/finsh/finsh_vm.o
                0x200204b0                text_segment
                0x20020530                finsh_vm_stack
                0x20020630                finsh_pc
                0x20020634                finsh_sp
 COMMON         0x20020638        0x4 ./rt-thread/components/finsh/shell.o
                0x20020638                shell
 COMMON         0x2002063c      0x50c ./platform/interrupt.o
                0x2002063c                rt_interrupt_to_thread
                0x20020640                rt_interrupt_from_thread
                0x20020644                rt_thread_switch_interrupt_flag
                0x20020648                irq_desc
                0x20020b48                __bss_end__ = .

.stab
 *(.stab)

.stabstr
 *(.stabstr)

.stab.excl
 *(.stab.excl)

.stab.exclstr
 *(.stab.exclstr)

.stab.index
 *(.stab.index)

.stab.indexstr
 *(.stab.indexstr)

.comment        0x00000000       0x6e
 *(.comment)
 .comment       0x00000000       0x6e ./rt-thread/src/clock.o
                                 0x6f (size before relaxing)
 .comment       0x0000006e       0x6f ./rt-thread/src/components.o
 .comment       0x0000006e       0x6f ./rt-thread/src/device.o
 .comment       0x0000006e       0x6f ./rt-thread/src/idle.o
 .comment       0x0000006e       0x6f ./rt-thread/src/ipc.o
 .comment       0x0000006e       0x6f ./rt-thread/src/irq.o
 .comment       0x0000006e       0x6f ./rt-thread/src/kservice.o
 .comment       0x0000006e       0x6f ./rt-thread/src/object.o
 .comment       0x0000006e       0x6f ./rt-thread/src/scheduler.o
 .comment       0x0000006e       0x6f ./rt-thread/src/slab.o
 .comment       0x0000006e       0x6f ./rt-thread/src/thread.o
 .comment       0x0000006e       0x6f ./rt-thread/src/timer.o
 .comment       0x0000006e       0x6f ./rt-thread/libcpu/arm/arm926/mmu.o
 .comment       0x0000006e       0x6f ./rt-thread/libcpu/arm/arm926/stack.o
 .comment       0x0000006e       0x6f ./rt-thread/components/libc/compilers/newlib/libc.o
 .comment       0x0000006e       0x6f ./rt-thread/components/finsh/cmd.o
 .comment       0x0000006e       0x6f ./rt-thread/components/finsh/finsh_compiler.o
 .comment       0x0000006e       0x6f ./rt-thread/components/finsh/finsh_error.o
 .comment       0x0000006e       0x6f ./rt-thread/components/finsh/finsh_heap.o
 .comment       0x0000006e       0x6f ./rt-thread/components/finsh/finsh_init.o
 .comment       0x0000006e       0x6f ./rt-thread/components/finsh/finsh_node.o
 .comment       0x0000006e       0x6f ./rt-thread/components/finsh/finsh_ops.o
 .comment       0x0000006e       0x6f ./rt-thread/components/finsh/finsh_parser.o
 .comment       0x0000006e       0x6f ./rt-thread/components/finsh/finsh_token.o
 .comment       0x0000006e       0x6f ./rt-thread/components/finsh/finsh_var.o
 .comment       0x0000006e       0x6f ./rt-thread/components/finsh/finsh_vm.o
 .comment       0x0000006e       0x6f ./rt-thread/components/finsh/shell.o
 .comment       0x0000006e       0x6f ./rt-thread/components/drivers/src/completion.o
 .comment       0x0000006e       0x6f ./rt-thread/components/drivers/src/dataqueue.o
 .comment       0x0000006e       0x6f ./rt-thread/components/drivers/serial/serial.o
 .comment       0x0000006e       0x6f ./platform/gpio.o
 .comment       0x0000006e       0x6f ./platform/interrupt.o
 .comment       0x0000006e       0x6f ./platform/timer0.o
 .comment       0x0000006e       0x6f ./platform/uart.o
 .comment       0x0000006e       0x6f ./drivers/board.o
 .comment       0x0000006e       0x6f ./drivers/led.o
 .comment       0x0000006e       0x6f ./drivers/usart.o
 .comment       0x0000006e       0x6f ./applications/application.o

.ARM.attributes
                0x00000000       0x2e
 .ARM.attributes
                0x00000000       0x16 d:/rt-threadstudio2000/repo/extract/toolchain_support_packages/arm/gnu_tools_for_arm_embedded_processors/5.4.1/bin/../lib/gcc/arm-none-eabi/5.4.1/crti.o
 .ARM.attributes
                0x00000016       0x32 ./rt-thread/src/clock.o
 .ARM.attributes
                0x00000048       0x32 ./rt-thread/src/components.o
 .ARM.attributes
                0x0000007a       0x32 ./rt-thread/src/device.o
 .ARM.attributes
                0x000000ac       0x32 ./rt-thread/src/idle.o
 .ARM.attributes
                0x000000de       0x32 ./rt-thread/src/ipc.o
 .ARM.attributes
                0x00000110       0x32 ./rt-thread/src/irq.o
 .ARM.attributes
                0x00000142       0x32 ./rt-thread/src/kservice.o
 .ARM.attributes
                0x00000174       0x32 ./rt-thread/src/object.o
 .ARM.attributes
                0x000001a6       0x32 ./rt-thread/src/scheduler.o
 .ARM.attributes
                0x000001d8       0x32 ./rt-thread/src/slab.o
 .ARM.attributes
                0x0000020a       0x32 ./rt-thread/src/thread.o
 .ARM.attributes
                0x0000023c       0x32 ./rt-thread/src/timer.o
 .ARM.attributes
                0x0000026e       0x22 ./rt-thread/libcpu/arm/arm926/context_gcc.o
 .ARM.attributes
                0x00000290       0x32 ./rt-thread/libcpu/arm/arm926/mmu.o
 .ARM.attributes
                0x000002c2       0x32 ./rt-thread/libcpu/arm/arm926/stack.o
 .ARM.attributes
                0x000002f4       0x32 ./rt-thread/components/libc/compilers/newlib/libc.o
 .ARM.attributes
                0x00000326       0x32 ./rt-thread/components/finsh/cmd.o
 .ARM.attributes
                0x00000358       0x32 ./rt-thread/components/finsh/finsh_compiler.o
 .ARM.attributes
                0x0000038a       0x32 ./rt-thread/components/finsh/finsh_error.o
 .ARM.attributes
                0x000003bc       0x32 ./rt-thread/components/finsh/finsh_heap.o
 .ARM.attributes
                0x000003ee       0x32 ./rt-thread/components/finsh/finsh_init.o
 .ARM.attributes
                0x00000420       0x32 ./rt-thread/components/finsh/finsh_node.o
 .ARM.attributes
                0x00000452       0x32 ./rt-thread/components/finsh/finsh_ops.o
 .ARM.attributes
                0x00000484       0x32 ./rt-thread/components/finsh/finsh_parser.o
 .ARM.attributes
                0x000004b6       0x32 ./rt-thread/components/finsh/finsh_token.o
 .ARM.attributes
                0x000004e8       0x32 ./rt-thread/components/finsh/finsh_var.o
 .ARM.attributes
                0x0000051a       0x32 ./rt-thread/components/finsh/finsh_vm.o
 .ARM.attributes
                0x0000054c       0x32 ./rt-thread/components/finsh/shell.o
 .ARM.attributes
                0x0000057e       0x32 ./rt-thread/components/drivers/src/completion.o
 .ARM.attributes
                0x000005b0       0x32 ./rt-thread/components/drivers/src/dataqueue.o
 .ARM.attributes
                0x000005e2       0x32 ./rt-thread/components/drivers/serial/serial.o
 .ARM.attributes
                0x00000614       0x32 ./platform/gpio.o
 .ARM.attributes
                0x00000646       0x32 ./platform/interrupt.o
 .ARM.attributes
                0x00000678       0x32 ./platform/timer0.o
 .ARM.attributes
                0x000006aa       0x32 ./platform/uart.o
 .ARM.attributes
                0x000006dc       0x32 ./drivers/board.o
 .ARM.attributes
                0x0000070e       0x32 ./drivers/led.o
 .ARM.attributes
                0x00000740       0x32 ./drivers/usart.o
 .ARM.attributes
                0x00000772       0x32 ./applications/application.o
 .ARM.attributes
                0x000007a4       0x30 d:/rt-threadstudio2000/repo/extract/toolchain_support_packages/arm/gnu_tools_for_arm_embedded_processors/5.4.1/bin/../lib/gcc/arm-none-eabi/5.4.1/../../../../arm-none-eabi/lib\libc.a(lib_a-atoi.o)
 .ARM.attributes
                0x000007d4       0x30 d:/rt-threadstudio2000/repo/extract/toolchain_support_packages/arm/gnu_tools_for_arm_embedded_processors/5.4.1/bin/../lib/gcc/arm-none-eabi/5.4.1/../../../../arm-none-eabi/lib\libc.a(lib_a-impure.o)
 .ARM.attributes
                0x00000804       0x30 d:/rt-threadstudio2000/repo/extract/toolchain_support_packages/arm/gnu_tools_for_arm_embedded_processors/5.4.1/bin/../lib/gcc/arm-none-eabi/5.4.1/../../../../arm-none-eabi/lib\libc.a(lib_a-memcmp.o)
 .ARM.attributes
                0x00000834       0x30 d:/rt-threadstudio2000/repo/extract/toolchain_support_packages/arm/gnu_tools_for_arm_embedded_processors/5.4.1/bin/../lib/gcc/arm-none-eabi/5.4.1/../../../../arm-none-eabi/lib\libc.a(lib_a-memcpy-stub.o)
 .ARM.attributes
                0x00000864       0x30 d:/rt-threadstudio2000/repo/extract/toolchain_support_packages/arm/gnu_tools_for_arm_embedded_processors/5.4.1/bin/../lib/gcc/arm-none-eabi/5.4.1/../../../../arm-none-eabi/lib\libc.a(lib_a-memset.o)
 .ARM.attributes
                0x00000894       0x16 d:/rt-threadstudio2000/repo/extract/toolchain_support_packages/arm/gnu_tools_for_arm_embedded_processors/5.4.1/bin/../lib/gcc/arm-none-eabi/5.4.1/../../../../arm-none-eabi/lib\libc.a(lib_a-strcmp.o)
 .ARM.attributes
                0x000008aa       0x30 d:/rt-threadstudio2000/repo/extract/toolchain_support_packages/arm/gnu_tools_for_arm_embedded_processors/5.4.1/bin/../lib/gcc/arm-none-eabi/5.4.1/../../../../arm-none-eabi/lib\libc.a(lib_a-strcpy.o)
 .ARM.attributes
                0x000008da       0x30 d:/rt-threadstudio2000/repo/extract/toolchain_support_packages/arm/gnu_tools_for_arm_embedded_processors/5.4.1/bin/../lib/gcc/arm-none-eabi/5.4.1/../../../../arm-none-eabi/lib\libc.a(lib_a-strlen-stub.o)
 .ARM.attributes
                0x0000090a       0x30 d:/rt-threadstudio2000/repo/extract/toolchain_support_packages/arm/gnu_tools_for_arm_embedded_processors/5.4.1/bin/../lib/gcc/arm-none-eabi/5.4.1/../../../../arm-none-eabi/lib\libc.a(lib_a-strncmp.o)
 .ARM.attributes
                0x0000093a       0x30 d:/rt-threadstudio2000/repo/extract/toolchain_support_packages/arm/gnu_tools_for_arm_embedded_processors/5.4.1/bin/../lib/gcc/arm-none-eabi/5.4.1/../../../../arm-none-eabi/lib\libc.a(lib_a-strncpy.o)
 .ARM.attributes
                0x0000096a       0x30 d:/rt-threadstudio2000/repo/extract/toolchain_support_packages/arm/gnu_tools_for_arm_embedded_processors/5.4.1/bin/../lib/gcc/arm-none-eabi/5.4.1/../../../../arm-none-eabi/lib\libc.a(lib_a-strtol.o)
 .ARM.attributes
                0x0000099a       0x30 d:/rt-threadstudio2000/repo/extract/toolchain_support_packages/arm/gnu_tools_for_arm_embedded_processors/5.4.1/bin/../lib/gcc/arm-none-eabi/5.4.1/../../../../arm-none-eabi/lib\libc.a(lib_a-locale.o)
 .ARM.attributes
                0x000009ca       0x30 d:/rt-threadstudio2000/repo/extract/toolchain_support_packages/arm/gnu_tools_for_arm_embedded_processors/5.4.1/bin/../lib/gcc/arm-none-eabi/5.4.1/../../../../arm-none-eabi/lib\libc.a(lib_a-mbtowc_r.o)
 .ARM.attributes
                0x000009fa       0x30 d:/rt-threadstudio2000/repo/extract/toolchain_support_packages/arm/gnu_tools_for_arm_embedded_processors/5.4.1/bin/../lib/gcc/arm-none-eabi/5.4.1/../../../../arm-none-eabi/lib\libc.a(lib_a-wctomb_r.o)
 .ARM.attributes
                0x00000a2a       0x30 d:/rt-threadstudio2000/repo/extract/toolchain_support_packages/arm/gnu_tools_for_arm_embedded_processors/5.4.1/bin/../lib/gcc/arm-none-eabi/5.4.1/../../../../arm-none-eabi/lib\libc.a(lib_a-ctype_.o)
 .ARM.attributes
                0x00000a5a       0x18 d:/rt-threadstudio2000/repo/extract/toolchain_support_packages/arm/gnu_tools_for_arm_embedded_processors/5.4.1/bin/../lib/gcc/arm-none-eabi/5.4.1\libgcc.a(_udivsi3.o)
 .ARM.attributes
                0x00000a72       0x18 d:/rt-threadstudio2000/repo/extract/toolchain_support_packages/arm/gnu_tools_for_arm_embedded_processors/5.4.1/bin/../lib/gcc/arm-none-eabi/5.4.1\libgcc.a(_divsi3.o)
 .ARM.attributes
                0x00000a8a       0x18 d:/rt-threadstudio2000/repo/extract/toolchain_support_packages/arm/gnu_tools_for_arm_embedded_processors/5.4.1/bin/../lib/gcc/arm-none-eabi/5.4.1\libgcc.a(_dvmd_tls.o)

.debug_abbrev
 *(.debug_abbrev)

.debug_info
 *(.debug_info)

.debug_line
 *(.debug_line)

.debug_pubnames
 *(.debug_pubnames)

.debug_aranges
 *(.debug_aranges)
                0x00000aa2                _end = .
OUTPUT(rtthread.elf elf32-littlearm)

.debug_frame    0x00000000      0x3f4
 .debug_frame   0x00000000       0x48 d:/rt-threadstudio2000/repo/extract/toolchain_support_packages/arm/gnu_tools_for_arm_embedded_processors/5.4.1/bin/../lib/gcc/arm-none-eabi/5.4.1/../../../../arm-none-eabi/lib\libc.a(lib_a-atoi.o)
 .debug_frame   0x00000048       0x38 d:/rt-threadstudio2000/repo/extract/toolchain_support_packages/arm/gnu_tools_for_arm_embedded_processors/5.4.1/bin/../lib/gcc/arm-none-eabi/5.4.1/../../../../arm-none-eabi/lib\libc.a(lib_a-memcmp.o)
 .debug_frame   0x00000080       0x3c d:/rt-threadstudio2000/repo/extract/toolchain_support_packages/arm/gnu_tools_for_arm_embedded_processors/5.4.1/bin/../lib/gcc/arm-none-eabi/5.4.1/../../../../arm-none-eabi/lib\libc.a(lib_a-memcpy-stub.o)
 .debug_frame   0x000000bc       0x30 d:/rt-threadstudio2000/repo/extract/toolchain_support_packages/arm/gnu_tools_for_arm_embedded_processors/5.4.1/bin/../lib/gcc/arm-none-eabi/5.4.1/../../../../arm-none-eabi/lib\libc.a(lib_a-memset.o)
 .debug_frame   0x000000ec       0x40 d:/rt-threadstudio2000/repo/extract/toolchain_support_packages/arm/gnu_tools_for_arm_embedded_processors/5.4.1/bin/../lib/gcc/arm-none-eabi/5.4.1/../../../../arm-none-eabi/lib\libc.a(lib_a-strcmp.o)
 .debug_frame   0x0000012c       0x20 d:/rt-threadstudio2000/repo/extract/toolchain_support_packages/arm/gnu_tools_for_arm_embedded_processors/5.4.1/bin/../lib/gcc/arm-none-eabi/5.4.1/../../../../arm-none-eabi/lib\libc.a(lib_a-strcpy.o)
 .debug_frame   0x0000014c       0x20 d:/rt-threadstudio2000/repo/extract/toolchain_support_packages/arm/gnu_tools_for_arm_embedded_processors/5.4.1/bin/../lib/gcc/arm-none-eabi/5.4.1/../../../../arm-none-eabi/lib\libc.a(lib_a-strlen-stub.o)
 .debug_frame   0x0000016c       0x48 d:/rt-threadstudio2000/repo/extract/toolchain_support_packages/arm/gnu_tools_for_arm_embedded_processors/5.4.1/bin/../lib/gcc/arm-none-eabi/5.4.1/../../../../arm-none-eabi/lib\libc.a(lib_a-strncmp.o)
 .debug_frame   0x000001b4       0x3c d:/rt-threadstudio2000/repo/extract/toolchain_support_packages/arm/gnu_tools_for_arm_embedded_processors/5.4.1/bin/../lib/gcc/arm-none-eabi/5.4.1/../../../../arm-none-eabi/lib\libc.a(lib_a-strncpy.o)
 .debug_frame   0x000001f0       0xac d:/rt-threadstudio2000/repo/extract/toolchain_support_packages/arm/gnu_tools_for_arm_embedded_processors/5.4.1/bin/../lib/gcc/arm-none-eabi/5.4.1/../../../../arm-none-eabi/lib\libc.a(lib_a-strtol.o)
 .debug_frame   0x0000029c       0x90 d:/rt-threadstudio2000/repo/extract/toolchain_support_packages/arm/gnu_tools_for_arm_embedded_processors/5.4.1/bin/../lib/gcc/arm-none-eabi/5.4.1/../../../../arm-none-eabi/lib\libc.a(lib_a-locale.o)
 .debug_frame   0x0000032c       0x4c d:/rt-threadstudio2000/repo/extract/toolchain_support_packages/arm/gnu_tools_for_arm_embedded_processors/5.4.1/bin/../lib/gcc/arm-none-eabi/5.4.1/../../../../arm-none-eabi/lib\libc.a(lib_a-mbtowc_r.o)
 .debug_frame   0x00000378       0x3c d:/rt-threadstudio2000/repo/extract/toolchain_support_packages/arm/gnu_tools_for_arm_embedded_processors/5.4.1/bin/../lib/gcc/arm-none-eabi/5.4.1/../../../../arm-none-eabi/lib\libc.a(lib_a-wctomb_r.o)
 .debug_frame   0x000003b4       0x20 d:/rt-threadstudio2000/repo/extract/toolchain_support_packages/arm/gnu_tools_for_arm_embedded_processors/5.4.1/bin/../lib/gcc/arm-none-eabi/5.4.1\libgcc.a(_udivsi3.o)
 .debug_frame   0x000003d4       0x20 d:/rt-threadstudio2000/repo/extract/toolchain_support_packages/arm/gnu_tools_for_arm_embedded_processors/5.4.1/bin/../lib/gcc/arm-none-eabi/5.4.1\libgcc.a(_divsi3.o)

Cross Reference Table

Symbol                                            File
HW_GpioClrVal                                     ./platform/gpio.o
                                                  ./drivers/led.o
HW_GpioSetDir                                     ./platform/gpio.o
                                                  ./drivers/led.o
HW_GpioSetVal                                     ./platform/gpio.o
                                                  ./drivers/led.o
HW_SetPinMux                                      ./platform/gpio.o
                                                  ./drivers/usart.o
                                                  ./drivers/led.o
Hw_UartConfig                                     ./platform/uart.o
                                                  ./drivers/usart.o
Hw_UartDisable                                    ./platform/uart.o
                                                  ./drivers/usart.o
Hw_UartEnable                                     ./platform/uart.o
                                                  ./drivers/usart.o
Hw_UartInit                                       ./platform/uart.o
                                                  ./drivers/usart.o
Hw_UartReset                                      ./platform/uart.o
                                                  ./drivers/usart.o
OP_add_byte                                       ./rt-thread/components/finsh/finsh_ops.o
OP_add_dword                                      ./rt-thread/components/finsh/finsh_ops.o
OP_add_word                                       ./rt-thread/components/finsh/finsh_ops.o
OP_and_byte                                       ./rt-thread/components/finsh/finsh_ops.o
OP_and_dword                                      ./rt-thread/components/finsh/finsh_ops.o
OP_and_word                                       ./rt-thread/components/finsh/finsh_ops.o
OP_bw_byte                                        ./rt-thread/components/finsh/finsh_ops.o
OP_bw_dword                                       ./rt-thread/components/finsh/finsh_ops.o
OP_bw_word                                        ./rt-thread/components/finsh/finsh_ops.o
OP_call                                           ./rt-thread/components/finsh/finsh_ops.o
OP_div_byte                                       ./rt-thread/components/finsh/finsh_ops.o
OP_div_dword                                      ./rt-thread/components/finsh/finsh_ops.o
OP_div_word                                       ./rt-thread/components/finsh/finsh_ops.o
OP_ld_byte                                        ./rt-thread/components/finsh/finsh_ops.o
OP_ld_dword                                       ./rt-thread/components/finsh/finsh_ops.o
OP_ld_value_byte                                  ./rt-thread/components/finsh/finsh_ops.o
OP_ld_value_byte_stack                            ./rt-thread/components/finsh/finsh_ops.o
OP_ld_value_dword                                 ./rt-thread/components/finsh/finsh_ops.o
OP_ld_value_dword_stack                           ./rt-thread/components/finsh/finsh_ops.o
OP_ld_value_word                                  ./rt-thread/components/finsh/finsh_ops.o
OP_ld_value_word_stack                            ./rt-thread/components/finsh/finsh_ops.o
OP_ld_word                                        ./rt-thread/components/finsh/finsh_ops.o
OP_mod_byte                                       ./rt-thread/components/finsh/finsh_ops.o
OP_mod_dword                                      ./rt-thread/components/finsh/finsh_ops.o
OP_mod_word                                       ./rt-thread/components/finsh/finsh_ops.o
OP_mul_byte                                       ./rt-thread/components/finsh/finsh_ops.o
OP_mul_dword                                      ./rt-thread/components/finsh/finsh_ops.o
OP_mul_word                                       ./rt-thread/components/finsh/finsh_ops.o
OP_no_op                                          ./rt-thread/components/finsh/finsh_ops.o
OP_or_byte                                        ./rt-thread/components/finsh/finsh_ops.o
OP_or_dword                                       ./rt-thread/components/finsh/finsh_ops.o
OP_or_word                                        ./rt-thread/components/finsh/finsh_ops.o
OP_pop                                            ./rt-thread/components/finsh/finsh_ops.o
OP_shl_byte                                       ./rt-thread/components/finsh/finsh_ops.o
OP_shl_dword                                      ./rt-thread/components/finsh/finsh_ops.o
OP_shl_word                                       ./rt-thread/components/finsh/finsh_ops.o
OP_shr_byte                                       ./rt-thread/components/finsh/finsh_ops.o
OP_shr_dword                                      ./rt-thread/components/finsh/finsh_ops.o
OP_shr_word                                       ./rt-thread/components/finsh/finsh_ops.o
OP_st_byte                                        ./rt-thread/components/finsh/finsh_ops.o
OP_st_dword                                       ./rt-thread/components/finsh/finsh_ops.o
OP_st_word                                        ./rt-thread/components/finsh/finsh_ops.o
OP_sub_byte                                       ./rt-thread/components/finsh/finsh_ops.o
OP_sub_dword                                      ./rt-thread/components/finsh/finsh_ops.o
OP_sub_word                                       ./rt-thread/components/finsh/finsh_ops.o
OP_xor_byte                                       ./rt-thread/components/finsh/finsh_ops.o
OP_xor_dword                                      ./rt-thread/components/finsh/finsh_ops.o
OP_xor_word                                       ./rt-thread/components/finsh/finsh_ops.o
_Balloc                                           d:/rt-threadstudio2000/repo/extract/toolchain_support_packages/arm/gnu_tools_for_arm_embedded_processors/5.4.1/bin/../lib/gcc/arm-none-eabi/5.4.1/../../../../arm-none-eabi/lib\libc.a(lib_a-mprec.o)
                                                  d:/rt-threadstudio2000/repo/extract/toolchain_support_packages/arm/gnu_tools_for_arm_embedded_processors/5.4.1/bin/../lib/gcc/arm-none-eabi/5.4.1/../../../../arm-none-eabi/lib\libc.a(lib_a-dtoa.o)
_Bfree                                            d:/rt-threadstudio2000/repo/extract/toolchain_support_packages/arm/gnu_tools_for_arm_embedded_processors/5.4.1/bin/../lib/gcc/arm-none-eabi/5.4.1/../../../../arm-none-eabi/lib\libc.a(lib_a-mprec.o)
                                                  d:/rt-threadstudio2000/repo/extract/toolchain_support_packages/arm/gnu_tools_for_arm_embedded_processors/5.4.1/bin/../lib/gcc/arm-none-eabi/5.4.1/../../../../arm-none-eabi/lib\libc.a(lib_a-dtoa.o)
_Jv_RegisterClasses                               d:/rt-threadstudio2000/repo/extract/toolchain_support_packages/arm/gnu_tools_for_arm_embedded_processors/5.4.1/bin/../lib/gcc/arm-none-eabi/5.4.1/crtbegin.o
_PathLocale                                       d:/rt-threadstudio2000/repo/extract/toolchain_support_packages/arm/gnu_tools_for_arm_embedded_processors/5.4.1/bin/../lib/gcc/arm-none-eabi/5.4.1/../../../../arm-none-eabi/lib\libc.a(lib_a-locale.o)
__adddf3                                          d:/rt-threadstudio2000/repo/extract/toolchain_support_packages/arm/gnu_tools_for_arm_embedded_processors/5.4.1/bin/../lib/gcc/arm-none-eabi/5.4.1\libgcc.a(_arm_addsubdf3.o)
__aeabi_cdcmpeq                                   d:/rt-threadstudio2000/repo/extract/toolchain_support_packages/arm/gnu_tools_for_arm_embedded_processors/5.4.1/bin/../lib/gcc/arm-none-eabi/5.4.1\libgcc.a(_arm_cmpdf2.o)
__aeabi_cdcmple                                   d:/rt-threadstudio2000/repo/extract/toolchain_support_packages/arm/gnu_tools_for_arm_embedded_processors/5.4.1/bin/../lib/gcc/arm-none-eabi/5.4.1\libgcc.a(_arm_cmpdf2.o)
__aeabi_cdrcmple                                  d:/rt-threadstudio2000/repo/extract/toolchain_support_packages/arm/gnu_tools_for_arm_embedded_processors/5.4.1/bin/../lib/gcc/arm-none-eabi/5.4.1\libgcc.a(_arm_cmpdf2.o)
__aeabi_d2iz                                      d:/rt-threadstudio2000/repo/extract/toolchain_support_packages/arm/gnu_tools_for_arm_embedded_processors/5.4.1/bin/../lib/gcc/arm-none-eabi/5.4.1\libgcc.a(_arm_fixdfsi.o)
                                                  d:/rt-threadstudio2000/repo/extract/toolchain_support_packages/arm/gnu_tools_for_arm_embedded_processors/5.4.1/bin/../lib/gcc/arm-none-eabi/5.4.1/../../../../arm-none-eabi/lib\libc.a(lib_a-dtoa.o)
__aeabi_dadd                                      d:/rt-threadstudio2000/repo/extract/toolchain_support_packages/arm/gnu_tools_for_arm_embedded_processors/5.4.1/bin/../lib/gcc/arm-none-eabi/5.4.1\libgcc.a(_arm_addsubdf3.o)
                                                  d:/rt-threadstudio2000/repo/extract/toolchain_support_packages/arm/gnu_tools_for_arm_embedded_processors/5.4.1/bin/../lib/gcc/arm-none-eabi/5.4.1/../../../../arm-none-eabi/lib\libc.a(lib_a-dtoa.o)
__aeabi_dcmpeq                                    d:/rt-threadstudio2000/repo/extract/toolchain_support_packages/arm/gnu_tools_for_arm_embedded_processors/5.4.1/bin/../lib/gcc/arm-none-eabi/5.4.1\libgcc.a(_arm_cmpdf2.o)
                                                  d:/rt-threadstudio2000/repo/extract/toolchain_support_packages/arm/gnu_tools_for_arm_embedded_processors/5.4.1/bin/../lib/gcc/arm-none-eabi/5.4.1/../../../../arm-none-eabi/lib\libc.a(lib_a-dtoa.o)
                                                  d:/rt-threadstudio2000/repo/extract/toolchain_support_packages/arm/gnu_tools_for_arm_embedded_processors/5.4.1/bin/../lib/gcc/arm-none-eabi/5.4.1/../../../../arm-none-eabi/lib\libc.a(lib_a-svfprintf.o)
__aeabi_dcmpge                                    d:/rt-threadstudio2000/repo/extract/toolchain_support_packages/arm/gnu_tools_for_arm_embedded_processors/5.4.1/bin/../lib/gcc/arm-none-eabi/5.4.1\libgcc.a(_arm_cmpdf2.o)
                                                  d:/rt-threadstudio2000/repo/extract/toolchain_support_packages/arm/gnu_tools_for_arm_embedded_processors/5.4.1/bin/../lib/gcc/arm-none-eabi/5.4.1/../../../../arm-none-eabi/lib\libc.a(lib_a-dtoa.o)
__aeabi_dcmpgt                                    d:/rt-threadstudio2000/repo/extract/toolchain_support_packages/arm/gnu_tools_for_arm_embedded_processors/5.4.1/bin/../lib/gcc/arm-none-eabi/5.4.1\libgcc.a(_arm_cmpdf2.o)
                                                  d:/rt-threadstudio2000/repo/extract/toolchain_support_packages/arm/gnu_tools_for_arm_embedded_processors/5.4.1/bin/../lib/gcc/arm-none-eabi/5.4.1/../../../../arm-none-eabi/lib\libc.a(lib_a-dtoa.o)
__aeabi_dcmple                                    d:/rt-threadstudio2000/repo/extract/toolchain_support_packages/arm/gnu_tools_for_arm_embedded_processors/5.4.1/bin/../lib/gcc/arm-none-eabi/5.4.1\libgcc.a(_arm_cmpdf2.o)
                                                  d:/rt-threadstudio2000/repo/extract/toolchain_support_packages/arm/gnu_tools_for_arm_embedded_processors/5.4.1/bin/../lib/gcc/arm-none-eabi/5.4.1/../../../../arm-none-eabi/lib\libc.a(lib_a-svfprintf.o)
__aeabi_dcmplt                                    d:/rt-threadstudio2000/repo/extract/toolchain_support_packages/arm/gnu_tools_for_arm_embedded_processors/5.4.1/bin/../lib/gcc/arm-none-eabi/5.4.1\libgcc.a(_arm_cmpdf2.o)
                                                  d:/rt-threadstudio2000/repo/extract/toolchain_support_packages/arm/gnu_tools_for_arm_embedded_processors/5.4.1/bin/../lib/gcc/arm-none-eabi/5.4.1/../../../../arm-none-eabi/lib\libc.a(lib_a-dtoa.o)
                                                  d:/rt-threadstudio2000/repo/extract/toolchain_support_packages/arm/gnu_tools_for_arm_embedded_processors/5.4.1/bin/../lib/gcc/arm-none-eabi/5.4.1/../../../../arm-none-eabi/lib\libc.a(lib_a-svfprintf.o)
__aeabi_dcmpun                                    d:/rt-threadstudio2000/repo/extract/toolchain_support_packages/arm/gnu_tools_for_arm_embedded_processors/5.4.1/bin/../lib/gcc/arm-none-eabi/5.4.1\libgcc.a(_arm_unorddf2.o)
                                                  d:/rt-threadstudio2000/repo/extract/toolchain_support_packages/arm/gnu_tools_for_arm_embedded_processors/5.4.1/bin/../lib/gcc/arm-none-eabi/5.4.1/../../../../arm-none-eabi/lib\libc.a(lib_a-svfprintf.o)
__aeabi_ddiv                                      d:/rt-threadstudio2000/repo/extract/toolchain_support_packages/arm/gnu_tools_for_arm_embedded_processors/5.4.1/bin/../lib/gcc/arm-none-eabi/5.4.1\libgcc.a(_arm_muldivdf3.o)
                                                  d:/rt-threadstudio2000/repo/extract/toolchain_support_packages/arm/gnu_tools_for_arm_embedded_processors/5.4.1/bin/../lib/gcc/arm-none-eabi/5.4.1/../../../../arm-none-eabi/lib\libc.a(lib_a-mprec.o)
                                                  d:/rt-threadstudio2000/repo/extract/toolchain_support_packages/arm/gnu_tools_for_arm_embedded_processors/5.4.1/bin/../lib/gcc/arm-none-eabi/5.4.1/../../../../arm-none-eabi/lib\libc.a(lib_a-dtoa.o)
__aeabi_dmul                                      d:/rt-threadstudio2000/repo/extract/toolchain_support_packages/arm/gnu_tools_for_arm_embedded_processors/5.4.1/bin/../lib/gcc/arm-none-eabi/5.4.1\libgcc.a(_arm_muldivdf3.o)
                                                  d:/rt-threadstudio2000/repo/extract/toolchain_support_packages/arm/gnu_tools_for_arm_embedded_processors/5.4.1/bin/../lib/gcc/arm-none-eabi/5.4.1/../../../../arm-none-eabi/lib\libc.a(lib_a-mprec.o)
                                                  d:/rt-threadstudio2000/repo/extract/toolchain_support_packages/arm/gnu_tools_for_arm_embedded_processors/5.4.1/bin/../lib/gcc/arm-none-eabi/5.4.1/../../../../arm-none-eabi/lib\libc.a(lib_a-dtoa.o)
__aeabi_drsub                                     d:/rt-threadstudio2000/repo/extract/toolchain_support_packages/arm/gnu_tools_for_arm_embedded_processors/5.4.1/bin/../lib/gcc/arm-none-eabi/5.4.1\libgcc.a(_arm_addsubdf3.o)
__aeabi_dsub                                      d:/rt-threadstudio2000/repo/extract/toolchain_support_packages/arm/gnu_tools_for_arm_embedded_processors/5.4.1/bin/../lib/gcc/arm-none-eabi/5.4.1\libgcc.a(_arm_addsubdf3.o)
                                                  d:/rt-threadstudio2000/repo/extract/toolchain_support_packages/arm/gnu_tools_for_arm_embedded_processors/5.4.1/bin/../lib/gcc/arm-none-eabi/5.4.1/../../../../arm-none-eabi/lib\libc.a(lib_a-dtoa.o)
__aeabi_f2d                                       d:/rt-threadstudio2000/repo/extract/toolchain_support_packages/arm/gnu_tools_for_arm_embedded_processors/5.4.1/bin/../lib/gcc/arm-none-eabi/5.4.1\libgcc.a(_arm_addsubdf3.o)
__aeabi_i2d                                       d:/rt-threadstudio2000/repo/extract/toolchain_support_packages/arm/gnu_tools_for_arm_embedded_processors/5.4.1/bin/../lib/gcc/arm-none-eabi/5.4.1\libgcc.a(_arm_addsubdf3.o)
                                                  d:/rt-threadstudio2000/repo/extract/toolchain_support_packages/arm/gnu_tools_for_arm_embedded_processors/5.4.1/bin/../lib/gcc/arm-none-eabi/5.4.1/../../../../arm-none-eabi/lib\libc.a(lib_a-dtoa.o)
__aeabi_idiv                                      d:/rt-threadstudio2000/repo/extract/toolchain_support_packages/arm/gnu_tools_for_arm_embedded_processors/5.4.1/bin/../lib/gcc/arm-none-eabi/5.4.1\libgcc.a(_divsi3.o)
                                                  ./platform/uart.o
                                                  ./rt-thread/components/finsh/finsh_ops.o
__aeabi_idiv0                                     d:/rt-threadstudio2000/repo/extract/toolchain_support_packages/arm/gnu_tools_for_arm_embedded_processors/5.4.1/bin/../lib/gcc/arm-none-eabi/5.4.1\libgcc.a(_dvmd_tls.o)
                                                  d:/rt-threadstudio2000/repo/extract/toolchain_support_packages/arm/gnu_tools_for_arm_embedded_processors/5.4.1/bin/../lib/gcc/arm-none-eabi/5.4.1\libgcc.a(_divsi3.o)
                                                  d:/rt-threadstudio2000/repo/extract/toolchain_support_packages/arm/gnu_tools_for_arm_embedded_processors/5.4.1/bin/../lib/gcc/arm-none-eabi/5.4.1\libgcc.a(_udivsi3.o)
__aeabi_idivmod                                   d:/rt-threadstudio2000/repo/extract/toolchain_support_packages/arm/gnu_tools_for_arm_embedded_processors/5.4.1/bin/../lib/gcc/arm-none-eabi/5.4.1\libgcc.a(_divsi3.o)
                                                  ./rt-thread/components/finsh/finsh_ops.o
__aeabi_l2d                                       d:/rt-threadstudio2000/repo/extract/toolchain_support_packages/arm/gnu_tools_for_arm_embedded_processors/5.4.1/bin/../lib/gcc/arm-none-eabi/5.4.1\libgcc.a(_arm_addsubdf3.o)
__aeabi_ldiv0                                     d:/rt-threadstudio2000/repo/extract/toolchain_support_packages/arm/gnu_tools_for_arm_embedded_processors/5.4.1/bin/../lib/gcc/arm-none-eabi/5.4.1\libgcc.a(_dvmd_tls.o)
                                                  d:/rt-threadstudio2000/repo/extract/toolchain_support_packages/arm/gnu_tools_for_arm_embedded_processors/5.4.1/bin/../lib/gcc/arm-none-eabi/5.4.1\libgcc.a(_aeabi_uldivmod.o)
__aeabi_ui2d                                      d:/rt-threadstudio2000/repo/extract/toolchain_support_packages/arm/gnu_tools_for_arm_embedded_processors/5.4.1/bin/../lib/gcc/arm-none-eabi/5.4.1\libgcc.a(_arm_addsubdf3.o)
                                                  d:/rt-threadstudio2000/repo/extract/toolchain_support_packages/arm/gnu_tools_for_arm_embedded_processors/5.4.1/bin/../lib/gcc/arm-none-eabi/5.4.1/../../../../arm-none-eabi/lib\libc.a(lib_a-dtoa.o)
__aeabi_uidiv                                     d:/rt-threadstudio2000/repo/extract/toolchain_support_packages/arm/gnu_tools_for_arm_embedded_processors/5.4.1/bin/../lib/gcc/arm-none-eabi/5.4.1\libgcc.a(_udivsi3.o)
                                                  d:/rt-threadstudio2000/repo/extract/toolchain_support_packages/arm/gnu_tools_for_arm_embedded_processors/5.4.1/bin/../lib/gcc/arm-none-eabi/5.4.1/../../../../arm-none-eabi/lib\libc.a(lib_a-dtoa.o)
                                                  d:/rt-threadstudio2000/repo/extract/toolchain_support_packages/arm/gnu_tools_for_arm_embedded_processors/5.4.1/bin/../lib/gcc/arm-none-eabi/5.4.1/../../../../arm-none-eabi/lib\libc.a(lib_a-strtol.o)
                                                  ./rt-thread/components/finsh/finsh_ops.o
                                                  ./rt-thread/components/finsh/cmd.o
                                                  ./rt-thread/src/slab.o
                                                  ./rt-thread/src/mempool.o
                                                  ./rt-thread/src/ipc.o
__aeabi_uidivmod                                  d:/rt-threadstudio2000/repo/extract/toolchain_support_packages/arm/gnu_tools_for_arm_embedded_processors/5.4.1/bin/../lib/gcc/arm-none-eabi/5.4.1\libgcc.a(_udivsi3.o)
                                                  d:/rt-threadstudio2000/repo/extract/toolchain_support_packages/arm/gnu_tools_for_arm_embedded_processors/5.4.1/bin/../lib/gcc/arm-none-eabi/5.4.1/../../../../arm-none-eabi/lib\libc.a(lib_a-strtol.o)
                                                  ./rt-thread/components/drivers/serial/serial.o
                                                  ./rt-thread/components/finsh/finsh_ops.o
__aeabi_ul2d                                      d:/rt-threadstudio2000/repo/extract/toolchain_support_packages/arm/gnu_tools_for_arm_embedded_processors/5.4.1/bin/../lib/gcc/arm-none-eabi/5.4.1\libgcc.a(_arm_addsubdf3.o)
__aeabi_uldivmod                                  d:/rt-threadstudio2000/repo/extract/toolchain_support_packages/arm/gnu_tools_for_arm_embedded_processors/5.4.1/bin/../lib/gcc/arm-none-eabi/5.4.1\libgcc.a(_aeabi_uldivmod.o)
                                                  d:/rt-threadstudio2000/repo/extract/toolchain_support_packages/arm/gnu_tools_for_arm_embedded_processors/5.4.1/bin/../lib/gcc/arm-none-eabi/5.4.1/../../../../arm-none-eabi/lib\libc.a(lib_a-svfiprintf.o)
                                                  d:/rt-threadstudio2000/repo/extract/toolchain_support_packages/arm/gnu_tools_for_arm_embedded_processors/5.4.1/bin/../lib/gcc/arm-none-eabi/5.4.1/../../../../arm-none-eabi/lib\libc.a(lib_a-svfprintf.o)
__any_on                                          d:/rt-threadstudio2000/repo/extract/toolchain_support_packages/arm/gnu_tools_for_arm_embedded_processors/5.4.1/bin/../lib/gcc/arm-none-eabi/5.4.1/../../../../arm-none-eabi/lib\libc.a(lib_a-mprec.o)
__ascii_mbtowc                                    d:/rt-threadstudio2000/repo/extract/toolchain_support_packages/arm/gnu_tools_for_arm_embedded_processors/5.4.1/bin/../lib/gcc/arm-none-eabi/5.4.1/../../../../arm-none-eabi/lib\libc.a(lib_a-mbtowc_r.o)
                                                  d:/rt-threadstudio2000/repo/extract/toolchain_support_packages/arm/gnu_tools_for_arm_embedded_processors/5.4.1/bin/../lib/gcc/arm-none-eabi/5.4.1/../../../../arm-none-eabi/lib\libc.a(lib_a-locale.o)
__ascii_wctomb                                    d:/rt-threadstudio2000/repo/extract/toolchain_support_packages/arm/gnu_tools_for_arm_embedded_processors/5.4.1/bin/../lib/gcc/arm-none-eabi/5.4.1/../../../../arm-none-eabi/lib\libc.a(lib_a-wctomb_r.o)
                                                  d:/rt-threadstudio2000/repo/extract/toolchain_support_packages/arm/gnu_tools_for_arm_embedded_processors/5.4.1/bin/../lib/gcc/arm-none-eabi/5.4.1/../../../../arm-none-eabi/lib\libc.a(lib_a-locale.o)
__b2d                                             d:/rt-threadstudio2000/repo/extract/toolchain_support_packages/arm/gnu_tools_for_arm_embedded_processors/5.4.1/bin/../lib/gcc/arm-none-eabi/5.4.1/../../../../arm-none-eabi/lib\libc.a(lib_a-mprec.o)
__bss_end                                         ./rt-thread/libcpu/arm/arm926/start_gcc.o
__bss_end__                                       d:/rt-threadstudio2000/repo/extract/toolchain_support_packages/arm/gnu_tools_for_arm_embedded_processors/5.4.1/bin/../lib/gcc/arm-none-eabi/5.4.1/../../../../arm-none-eabi/lib/crt0.o
__bss_start                                       ./rt-thread/libcpu/arm/arm926/start_gcc.o
__bss_start__                                     d:/rt-threadstudio2000/repo/extract/toolchain_support_packages/arm/gnu_tools_for_arm_embedded_processors/5.4.1/bin/../lib/gcc/arm-none-eabi/5.4.1/../../../../arm-none-eabi/lib/crt0.o
__clzdi2                                          d:/rt-threadstudio2000/repo/extract/toolchain_support_packages/arm/gnu_tools_for_arm_embedded_processors/5.4.1/bin/../lib/gcc/arm-none-eabi/5.4.1\libgcc.a(_clzdi2.o)
                                                  d:/rt-threadstudio2000/repo/extract/toolchain_support_packages/arm/gnu_tools_for_arm_embedded_processors/5.4.1/bin/../lib/gcc/arm-none-eabi/5.4.1\libgcc.a(_udivmoddi4.o)
__clzsi2                                          d:/rt-threadstudio2000/repo/extract/toolchain_support_packages/arm/gnu_tools_for_arm_embedded_processors/5.4.1/bin/../lib/gcc/arm-none-eabi/5.4.1\libgcc.a(_clzsi2.o)
                                                  d:/rt-threadstudio2000/repo/extract/toolchain_support_packages/arm/gnu_tools_for_arm_embedded_processors/5.4.1/bin/../lib/gcc/arm-none-eabi/5.4.1\libgcc.a(_clzdi2.o)
__cmpdf2                                          d:/rt-threadstudio2000/repo/extract/toolchain_support_packages/arm/gnu_tools_for_arm_embedded_processors/5.4.1/bin/../lib/gcc/arm-none-eabi/5.4.1\libgcc.a(_arm_cmpdf2.o)
__copybits                                        d:/rt-threadstudio2000/repo/extract/toolchain_support_packages/arm/gnu_tools_for_arm_embedded_processors/5.4.1/bin/../lib/gcc/arm-none-eabi/5.4.1/../../../../arm-none-eabi/lib\libc.a(lib_a-mprec.o)
__d2b                                             d:/rt-threadstudio2000/repo/extract/toolchain_support_packages/arm/gnu_tools_for_arm_embedded_processors/5.4.1/bin/../lib/gcc/arm-none-eabi/5.4.1/../../../../arm-none-eabi/lib\libc.a(lib_a-mprec.o)
                                                  d:/rt-threadstudio2000/repo/extract/toolchain_support_packages/arm/gnu_tools_for_arm_embedded_processors/5.4.1/bin/../lib/gcc/arm-none-eabi/5.4.1/../../../../arm-none-eabi/lib\libc.a(lib_a-dtoa.o)
__deregister_frame_info                           d:/rt-threadstudio2000/repo/extract/toolchain_support_packages/arm/gnu_tools_for_arm_embedded_processors/5.4.1/bin/../lib/gcc/arm-none-eabi/5.4.1/crtbegin.o
__div0                                            ./rt-thread/libcpu/arm/common/div0.o
__divdf3                                          d:/rt-threadstudio2000/repo/extract/toolchain_support_packages/arm/gnu_tools_for_arm_embedded_processors/5.4.1/bin/../lib/gcc/arm-none-eabi/5.4.1\libgcc.a(_arm_muldivdf3.o)
__divsi3                                          d:/rt-threadstudio2000/repo/extract/toolchain_support_packages/arm/gnu_tools_for_arm_embedded_processors/5.4.1/bin/../lib/gcc/arm-none-eabi/5.4.1\libgcc.a(_divsi3.o)
__dso_handle                                      d:/rt-threadstudio2000/repo/extract/toolchain_support_packages/arm/gnu_tools_for_arm_embedded_processors/5.4.1/bin/../lib/gcc/arm-none-eabi/5.4.1/crtbegin.o
__eqdf2                                           d:/rt-threadstudio2000/repo/extract/toolchain_support_packages/arm/gnu_tools_for_arm_embedded_processors/5.4.1/bin/../lib/gcc/arm-none-eabi/5.4.1\libgcc.a(_arm_cmpdf2.o)
__errno                                           ./rt-thread/components/libc/compilers/newlib/syscalls.o
__extendsfdf2                                     d:/rt-threadstudio2000/repo/extract/toolchain_support_packages/arm/gnu_tools_for_arm_embedded_processors/5.4.1/bin/../lib/gcc/arm-none-eabi/5.4.1\libgcc.a(_arm_addsubdf3.o)
__fixdfsi                                         d:/rt-threadstudio2000/repo/extract/toolchain_support_packages/arm/gnu_tools_for_arm_embedded_processors/5.4.1/bin/../lib/gcc/arm-none-eabi/5.4.1\libgcc.a(_arm_fixdfsi.o)
__floatdidf                                       d:/rt-threadstudio2000/repo/extract/toolchain_support_packages/arm/gnu_tools_for_arm_embedded_processors/5.4.1/bin/../lib/gcc/arm-none-eabi/5.4.1\libgcc.a(_arm_addsubdf3.o)
__floatsidf                                       d:/rt-threadstudio2000/repo/extract/toolchain_support_packages/arm/gnu_tools_for_arm_embedded_processors/5.4.1/bin/../lib/gcc/arm-none-eabi/5.4.1\libgcc.a(_arm_addsubdf3.o)
__floatundidf                                     d:/rt-threadstudio2000/repo/extract/toolchain_support_packages/arm/gnu_tools_for_arm_embedded_processors/5.4.1/bin/../lib/gcc/arm-none-eabi/5.4.1\libgcc.a(_arm_addsubdf3.o)
__floatunsidf                                     d:/rt-threadstudio2000/repo/extract/toolchain_support_packages/arm/gnu_tools_for_arm_embedded_processors/5.4.1/bin/../lib/gcc/arm-none-eabi/5.4.1\libgcc.a(_arm_addsubdf3.o)
__fp_lock_all                                     d:/rt-threadstudio2000/repo/extract/toolchain_support_packages/arm/gnu_tools_for_arm_embedded_processors/5.4.1/bin/../lib/gcc/arm-none-eabi/5.4.1/../../../../arm-none-eabi/lib\libc.a(lib_a-findfp.o)
__fp_unlock_all                                   d:/rt-threadstudio2000/repo/extract/toolchain_support_packages/arm/gnu_tools_for_arm_embedded_processors/5.4.1/bin/../lib/gcc/arm-none-eabi/5.4.1/../../../../arm-none-eabi/lib\libc.a(lib_a-findfp.o)